04-08 22:11:50.505 I/wificond( 1567): Received external scan result notification from kernel.
04-08 22:11:50.813 D/WindowManager( 2321): layoutWindowLw currenttaskBarInDb-- 0
04-08 22:11:50.813 D/WindowManager( 2321): layoutWindowLw currenttaskBarInDb-- 0
04-08 22:11:50.813 D/WindowManager( 2321): layoutWindowLw currenttaskBarInDb-- 0
04-08 22:11:50.813 D/WindowManager( 2321): DP::updateSystemBarAttributes called
04-08 22:11:50.813 D/WindowManager( 2321): DP::::updateSystemBarAttributes displayId: 0
04-08 22:11:51.646 D/WindowManager( 2321): layoutWindowLw currenttaskBarInDb-- 0
04-08 22:11:51.646 D/WindowManager( 2321): layoutWindowLw currenttaskBarInDb-- 0
04-08 22:11:51.647 D/WindowManager( 2321): layoutWindowLw currenttaskBarInDb-- 0
04-08 22:11:51.647 D/WindowManager( 2321): DP::updateSystemBarAttributes called
04-08 22:11:51.647 D/WindowManager( 2321): DP::::updateSystemBarAttributes displayId: 0
04-08 22:11:54.420 I/BatteryService( 2321): File node value is 250
04-08 22:11:54.420 E/BatteryService( 2321): healthInfoTemp is within the range (250)
04-08 22:11:54.993 W/BroadcastQueue( 2321): Background execution not allowed: receiving Intent { act=android.net.wifi.RSSI_CHANGED flg=0x4000010 (has extras) } to net.soti.mobicontrol.androidwork/net.soti.mobicontrol.broadcastreceiver.DelayedBroadcastReceiver
04-08 22:11:55.172 I/JobScheduler( 2321): bypass checkIfRestricted for JobStatus{9c78c6e #u0a55/999 com.symbol.fota/.jobservices.FotaReadyPeriodicService u=0 s=10055 TIME=+18h13m10s363ms:+1d18h13m10s363ms PERIODIC satisfied:0xb400000 unsatisfied:0x80000000}
04-08 22:11:55.172 I/JobScheduler( 2321): bypass checkIfRestricted for JobStatus{da29d66 #u0a52/21309 com.symbol.dataanalytics/androidx.work.impl.background.systemjob.SystemJobService u=0 s=10052 TIME=+1m15s943ms:none satisfied:0xb400000 unsatisfied:0x80000000}
04-08 22:11:55.173 I/JobScheduler( 2321): bypass checkIfRestricted for JobStatus{4999526 #u0a52/21305 com.symbol.dataanalytics/androidx.work.impl.background.systemjob.SystemJobService u=0 s=10052 TIME=+6m10s575ms:none satisfied:0xb400000 unsatisfied:0x80000000}
04-08 22:11:55.173 I/JobScheduler( 2321): bypass checkIfRestricted for JobStatus{4437dc2 #u0a52/21266 com.symbol.dataanalytics/androidx.work.impl.background.systemjob.SystemJobService u=0 s=10052 TIME=+46m38s167ms:none satisfied:0xb400000 unsatisfied:0x80000000}
04-08 22:11:55.173 I/JobScheduler( 2321): bypass checkIfRestricted for JobStatus{2dd0dd9 #u0a52/20960 com.symbol.dataanalytics/androidx.work.impl.background.systemjob.SystemJobService u=0 s=10052 TIME=+9m27s475ms:none satisfied:0xb400000 unsatisfied:0x80000000}
04-08 22:11:55.173 I/JobScheduler( 2321): bypass checkIfRestricted for JobStatus{f9840dd #u0a52/20955 com.symbol.dataanalytics/androidx.work.impl.background.systemjob.SystemJobService u=0 s=10052 TIME=+18h9m27s455ms:none satisfied:0xb400000 unsatisfied:0x80000000}
04-08 22:11:55.174 I/JobScheduler( 2321): bypass checkIfRestricted for JobStatus{83e0ccf #u0a52/20954 com.symbol.dataanalytics/androidx.work.impl.background.systemjob.SystemJobService u=0 s=10052 TIME=+13d18h8m44s722ms:none satisfied:0xb400000 unsatisfied:0x80000000}
04-08 22:11:55.179 I/fusionconfd( 1578): getVoiceCallState: returns 0
04-08 22:11:56.184 I/JobScheduler( 2321): bypass checkIfRestricted for JobStatus{9c78c6e #u0a55/999 com.symbol.fota/.jobservices.FotaReadyPeriodicService u=0 s=10055 TIME=+18h13m9s350ms:+1d18h13m9s350ms PERIODIC satisfied:0xb400000 unsatisfied:0x80000000}
04-08 22:11:56.193 I/JobScheduler( 2321): bypass checkIfRestricted for JobStatus{da29d66 #u0a52/21309 com.symbol.dataanalytics/androidx.work.impl.background.systemjob.SystemJobService u=0 s=10052 TIME=+1m14s922ms:none satisfied:0xb400000 unsatisfied:0x80000000}
04-08 22:11:56.196 I/JobScheduler( 2321): bypass checkIfRestricted for JobStatus{4999526 #u0a52/21305 com.symbol.dataanalytics/androidx.work.impl.background.systemjob.SystemJobService u=0 s=10052 TIME=+6m9s552ms:none satisfied:0xb400000 unsatisfied:0x80000000}
04-08 22:11:56.198 I/JobScheduler( 2321): bypass checkIfRestricted for JobStatus{4437dc2 #u0a52/21266 com.symbol.dataanalytics/androidx.work.impl.background.systemjob.SystemJobService u=0 s=10052 TIME=+46m37s142ms:none satisfied:0xb400000 unsatisfied:0x80000000}
04-08 22:11:56.200 I/JobScheduler( 2321): bypass checkIfRestricted for JobStatus{2dd0dd9 #u0a52/20960 com.symbol.dataanalytics/androidx.work.impl.background.systemjob.SystemJobService u=0 s=10052 TIME=+9m26s448ms:none satisfied:0xb400000 unsatisfied:0x80000000}
04-08 22:11:56.202 I/JobScheduler( 2321): bypass checkIfRestricted for JobStatus{f9840dd #u0a52/20955 com.symbol.dataanalytics/androidx.work.impl.background.systemjob.SystemJobService u=0 s=10052 TIME=+18h9m26s427ms:none satisfied:0xb400000 unsatisfied:0x80000000}
04-08 22:11:56.203 I/JobScheduler( 2321): bypass checkIfRestricted for JobStatus{83e0ccf #u0a52/20954 com.symbol.dataanalytics/androidx.work.impl.background.systemjob.SystemJobService u=0 s=10052 TIME=+13d18h8m43s693ms:none satisfied:0xb400000 unsatisfied:0x80000000}
04-08 22:11:56.210 I/Telecom ( 2321): DefaultDialerCache: Refreshing default dialer for user 0: now com.google.android.dialer: DDC.oR@CRU
04-08 22:11:58.688 I/fusionconfd( 1578): getDriverCountry ENTER
04-08 22:11:58.690 E/fusionconfd( 1578): getDriverCountry : SkinnyCat : WLAN get driver country PL
04-08 22:11:59.542 I/BatteryService( 2321): File node value is 250
04-08 22:11:59.542 E/BatteryService( 2321): healthInfoTemp is within the range (250)
04-08 22:12:04.683 I/BatteryService( 2321): File node value is 250
04-08 22:12:04.683 E/BatteryService( 2321): healthInfoTemp is within the range (250)
04-08 22:12:04.686 E/BatteryService( 2321): level : 100 / status : 5/Health : 2/Decommission : 0/error status : 0
04-08 22:12:09.814 I/BatteryService( 2321): File node value is 250
04-08 22:12:09.814 E/BatteryService( 2321): healthInfoTemp is within the range (250)
04-08 22:12:09.816 E/BatteryService( 2321): level : 100 / status : 5/Health : 2/Decommission : 0/error status : 0
04-08 22:12:10.264 I/BatteryService( 2321): File node value is 250
04-08 22:12:10.265 E/BatteryService( 2321): healthInfoTemp is within the range (250)
04-08 22:12:11.465 I/fusionconfd( 1578): ARP Success: received reply
04-08 22:12:11.498 I/wificond( 1567): Received external scan result notification from kernel.
04-08 22:12:12.056 W/ContextImpl( 2321): Calling a method in the system process without a qualified user: android.app.ContextImpl.sendBroadcastMultiplePermissions:1222 com.android.server.TelephonyRegistry.broadcastServiceStateChanged:3092 com.android.server.TelephonyRegistry.notifyServiceStateForPhoneId:1616 com.android.internal.telephony.ITelephonyRegistry$Stub.onTransact:492 android.os.Binder.execTransactInternal:1280 
04-08 22:12:12.058 W/ContextImpl( 2321): Calling a method in the system process without a qualified user: android.app.ContextImpl.sendBroadcastMultiplePermissions:1272 android.content.Context.sendBroadcastMultiplePermissions:2281 com.android.server.TelephonyRegistry.broadcastServiceStateChanged:3096 com.android.server.TelephonyRegistry.notifyServiceStateForPhoneId:1616 com.android.internal.telephony.ITelephonyRegistry$Stub.onTransact:492 
04-08 22:12:12.058 W/BroadcastQueue( 2321): Permission Denial: receiving Intent { act=android.intent.action.SERVICE_STATE flg=0x1000010 (has extras) } to ProcessRecord{a9f1d4e 2818:com.android.systemui/u0a70} (pid=2818, uid=10070) requires android.permission.READ_PHONE_STATE due to sender android (uid 1001)
04-08 22:12:12.059 W/BroadcastQueue( 2321): Permission Denial: receiving Intent { act=android.intent.action.SERVICE_STATE flg=0x1000010 (has extras) } to ProcessRecord{a9f1d4e 2818:com.android.systemui/u0a70} (pid=2818, uid=10070) requires android.permission.ACCESS_FINE_LOCATION due to sender android (uid 1001)
04-08 22:12:12.059 W/ContextImpl( 2321): Calling a method in the system process without a qualified user: android.app.ContextImpl.sendBroadcastMultiplePermissions:1272 android.content.Context.sendBroadcastMultiplePermissions:2281 com.android.server.TelephonyRegistry.broadcastServiceStateChanged:3103 com.android.server.TelephonyRegistry.notifyServiceStateForPhoneId:1616 com.android.internal.telephony.ITelephonyRegistry$Stub.onTransact:492 
04-08 22:12:12.060 W/BroadcastQueue( 2321): Permission Denial: receiving Intent { act=android.intent.action.SERVICE_STATE flg=0x1000010 (has extras) } to ProcessRecord{a9f1d4e 2818:com.android.systemui/u0a70} (pid=2818, uid=10070) requires android.permission.READ_PHONE_STATE due to sender android (uid 1001)
04-08 22:12:12.060 W/ContextImpl( 2321): Calling a method in the system process without a qualified user: android.app.ContextImpl.sendBroadcastMultiplePermissions:1272 android.content.Context.sendBroadcastMultiplePermissions:2281 com.android.server.TelephonyRegistry.broadcastServiceStateChanged:3107 com.android.server.TelephonyRegistry.notifyServiceStateForPhoneId:1616 com.android.internal.telephony.ITelephonyRegistry$Stub.onTransact:492 
04-08 22:12:13.791 W/ContextImpl( 2321): Calling a method in the system process without a qualified user: android.app.ContextImpl.sendBroadcastMultiplePermissions:1222 com.android.server.TelephonyRegistry.broadcastServiceStateChanged:3092 com.android.server.TelephonyRegistry.notifyServiceStateForPhoneId:1616 com.android.internal.telephony.ITelephonyRegistry$Stub.onTransact:492 android.os.Binder.execTransactInternal:1280 
04-08 22:12:13.793 W/ContextImpl( 2321): Calling a method in the system process without a qualified user: android.app.ContextImpl.sendBroadcastMultiplePermissions:1272 android.content.Context.sendBroadcastMultiplePermissions:2281 com.android.server.TelephonyRegistry.broadcastServiceStateChanged:3096 com.android.server.TelephonyRegistry.notifyServiceStateForPhoneId:1616 com.android.internal.telephony.ITelephonyRegistry$Stub.onTransact:492 
04-08 22:12:13.793 W/BroadcastQueue( 2321): Permission Denial: receiving Intent { act=android.intent.action.SERVICE_STATE flg=0x1000010 (has extras) } to ProcessRecord{a9f1d4e 2818:com.android.systemui/u0a70} (pid=2818, uid=10070) requires android.permission.READ_PHONE_STATE due to sender android (uid 1001)
04-08 22:12:13.794 W/BroadcastQueue( 2321): Permission Denial: receiving Intent { act=android.intent.action.SERVICE_STATE flg=0x1000010 (has extras) } to ProcessRecord{a9f1d4e 2818:com.android.systemui/u0a70} (pid=2818, uid=10070) requires android.permission.ACCESS_FINE_LOCATION due to sender android (uid 1001)
04-08 22:12:13.795 W/ContextImpl( 2321): Calling a method in the system process without a qualified user: android.app.ContextImpl.sendBroadcastMultiplePermissions:1272 android.content.Context.sendBroadcastMultiplePermissions:2281 com.android.server.TelephonyRegistry.broadcastServiceStateChanged:3103 com.android.server.TelephonyRegistry.notifyServiceStateForPhoneId:1616 com.android.internal.telephony.ITelephonyRegistry$Stub.onTransact:492 
04-08 22:12:13.796 W/BroadcastQueue( 2321): Permission Denial: receiving Intent { act=android.intent.action.SERVICE_STATE flg=0x1000010 (has extras) } to ProcessRecord{a9f1d4e 2818:com.android.systemui/u0a70} (pid=2818, uid=10070) requires android.permission.READ_PHONE_STATE due to sender android (uid 1001)
04-08 22:12:13.797 W/ContextImpl( 2321): Calling a method in the system process without a qualified user: android.app.ContextImpl.sendBroadcastMultiplePermissions:1272 android.content.Context.sendBroadcastMultiplePermissions:2281 com.android.server.TelephonyRegistry.broadcastServiceStateChanged:3107 com.android.server.TelephonyRegistry.notifyServiceStateForPhoneId:1616 com.android.internal.telephony.ITelephonyRegistry$Stub.onTransact:492 
04-08 22:12:14.938 I/BatteryService( 2321): File node value is 250
04-08 22:12:14.938 E/BatteryService( 2321): healthInfoTemp is within the range (250)
04-08 22:12:14.940 E/BatteryService( 2321): level : 100 / status : 5/Health : 2/Decommission : 0/error status : 0
04-08 22:12:20.037 I/BatteryService( 2321): File node value is 250
04-08 22:12:20.038 E/BatteryService( 2321): healthInfoTemp is within the range (250)
04-08 22:12:25.169 I/BatteryService( 2321): File node value is 250
04-08 22:12:25.170 E/BatteryService( 2321): healthInfoTemp is within the range (250)
04-08 22:12:25.199 I/JobScheduler( 2321): bypass checkIfRestricted for JobStatus{9c78c6e #u0a55/999 com.symbol.fota/.jobservices.FotaReadyPeriodicService u=0 s=10055 TIME=+18h12m40s335ms:+1d18h12m40s335ms PERIODIC satisfied:0xb400000 unsatisfied:0x80000000}
04-08 22:12:25.200 I/JobScheduler( 2321): bypass checkIfRestricted for JobStatus{da29d66 #u0a52/21309 com.symbol.dataanalytics/androidx.work.impl.background.systemjob.SystemJobService u=0 s=10052 TIME=+45s916ms:none satisfied:0xb400000 unsatisfied:0x80000000}
04-08 22:12:25.200 I/JobScheduler( 2321): bypass checkIfRestricted for JobStatus{4999526 #u0a52/21305 com.symbol.dataanalytics/androidx.work.impl.background.systemjob.SystemJobService u=0 s=10052 TIME=+5m40s548ms:none satisfied:0xb400000 unsatisfied:0x80000000}
04-08 22:12:25.200 I/JobScheduler( 2321): bypass checkIfRestricted for JobStatus{4437dc2 #u0a52/21266 com.symbol.dataanalytics/androidx.work.impl.background.systemjob.SystemJobService u=0 s=10052 TIME=+46m8s140ms:none satisfied:0xb400000 unsatisfied:0x80000000}
04-08 22:12:25.200 I/JobScheduler( 2321): bypass checkIfRestricted for JobStatus{2dd0dd9 #u0a52/20960 com.symbol.dataanalytics/androidx.work.impl.background.systemjob.SystemJobService u=0 s=10052 TIME=+8m57s448ms:none satisfied:0xb400000 unsatisfied:0x80000000}
04-08 22:12:25.200 I/JobScheduler( 2321): bypass checkIfRestricted for JobStatus{f9840dd #u0a52/20955 com.symbol.dataanalytics/androidx.work.impl.background.systemjob.SystemJobService u=0 s=10052 TIME=+18h8m57s428ms:none satisfied:0xb400000 unsatisfied:0x80000000}
04-08 22:12:25.201 I/JobScheduler( 2321): bypass checkIfRestricted for JobStatus{83e0ccf #u0a52/20954 com.symbol.dataanalytics/androidx.work.impl.background.systemjob.SystemJobService u=0 s=10052 TIME=+13d18h8m14s695ms:none satisfied:0xb400000 unsatisfied:0x80000000}
04-08 22:12:25.206 I/fusionconfd( 1578): getVoiceCallState: returns 0
04-08 22:12:26.206 I/JobScheduler( 2321): bypass checkIfRestricted for JobStatus{9c78c6e #u0a55/999 com.symbol.fota/.jobservices.FotaReadyPeriodicService u=0 s=10055 TIME=+18h12m39s329ms:+1d18h12m39s329ms PERIODIC satisfied:0xb400000 unsatisfied:0x80000000}
04-08 22:12:26.206 I/JobScheduler( 2321): bypass checkIfRestricted for JobStatus{da29d66 #u0a52/21309 com.symbol.dataanalytics/androidx.work.impl.background.systemjob.SystemJobService u=0 s=10052 TIME=+44s909ms:none satisfied:0xb400000 unsatisfied:0x80000000}
04-08 22:12:26.208 I/JobScheduler( 2321): bypass checkIfRestricted for JobStatus{4999526 #u0a52/21305 com.symbol.dataanalytics/androidx.work.impl.background.systemjob.SystemJobService u=0 s=10052 TIME=+5m39s540ms:none satisfied:0xb400000 unsatisfied:0x80000000}
04-08 22:12:26.219 I/JobScheduler( 2321): bypass checkIfRestricted for JobStatus{4437dc2 #u0a52/21266 com.symbol.dataanalytics/androidx.work.impl.background.systemjob.SystemJobService u=0 s=10052 TIME=+46m7s121ms:none satisfied:0xb400000 unsatisfied:0x80000000}
04-08 22:12:26.220 I/JobScheduler( 2321): bypass checkIfRestricted for JobStatus{2dd0dd9 #u0a52/20960 com.symbol.dataanalytics/androidx.work.impl.background.systemjob.SystemJobService u=0 s=10052 TIME=+8m56s429ms:none satisfied:0xb400000 unsatisfied:0x80000000}
04-08 22:12:26.220 I/JobScheduler( 2321): bypass checkIfRestricted for JobStatus{f9840dd #u0a52/20955 com.symbol.dataanalytics/androidx.work.impl.background.systemjob.SystemJobService u=0 s=10052 TIME=+18h8m56s409ms:none satisfied:0xb400000 unsatisfied:0x80000000}
04-08 22:12:26.220 I/JobScheduler( 2321): bypass checkIfRestricted for JobStatus{83e0ccf #u0a52/20954 com.symbol.dataanalytics/androidx.work.impl.background.systemjob.SystemJobService u=0 s=10052 TIME=+13d18h8m13s675ms:none satisfied:0xb400000 unsatisfied:0x80000000}
04-08 22:12:26.259 I/Telecom ( 2321): DefaultDialerCache: Refreshing default dialer for user 0: now com.google.android.dialer: DDC.oR@CRY
04-08 22:12:28.583 I/fusionconfd( 1578): getDriverCountry ENTER
04-08 22:12:28.585 E/fusionconfd( 1578): getDriverCountry : SkinnyCat : WLAN get driver country PL
04-08 22:12:30.301 I/BatteryService( 2321): File node value is 250
04-08 22:12:30.301 E/BatteryService( 2321): healthInfoTemp is within the range (250)
04-08 22:12:33.410 I/BatteryService( 2321): File node value is 250
04-08 22:12:33.411 E/BatteryService( 2321): healthInfoTemp is within the range (250)
04-08 22:12:33.413 E/BatteryService( 2321): level : 100 / status : 5/Health : 2/Decommission : 0/error status : 0
04-08 22:12:35.413 I/BatteryService( 2321): File node value is 250
04-08 22:12:35.413 E/BatteryService( 2321): healthInfoTemp is within the range (250)
04-08 22:12:35.414 E/BatteryService( 2321): level : 100 / status : 5/Health : 2/Decommission : 0/error status : 0
04-08 22:12:40.507 I/BatteryService( 2321): File node value is 250
04-08 22:12:40.507 E/BatteryService( 2321): healthInfoTemp is within the range (250)
04-08 22:12:45.624 I/BatteryService( 2321): File node value is 250
04-08 22:12:45.625 E/BatteryService( 2321): healthInfoTemp is within the range (250)
04-08 22:12:50.767 I/BatteryService( 2321): File node value is 250
04-08 22:12:50.768 E/BatteryService( 2321): healthInfoTemp is within the range (250)
04-08 22:12:50.770 E/BatteryService( 2321): level : 100 / status : 5/Health : 2/Decommission : 0/error status : 0
04-08 22:12:55.244 I/JobScheduler( 2321): bypass checkIfRestricted for JobStatus{9c78c6e #u0a55/999 com.symbol.fota/.jobservices.FotaReadyPeriodicService u=0 s=10055 TIME=+18h12m10s290ms:+1d18h12m10s290ms PERIODIC satisfied:0xb400000 unsatisfied:0x80000000}
04-08 22:12:55.245 I/JobScheduler( 2321): bypass checkIfRestricted for JobStatus{da29d66 #u0a52/21309 com.symbol.dataanalytics/androidx.work.impl.background.systemjob.SystemJobService u=0 s=10052 TIME=+15s870ms:none satisfied:0xb400000 unsatisfied:0x80000000}
04-08 22:12:55.246 I/JobScheduler( 2321): bypass checkIfRestricted for JobStatus{4999526 #u0a52/21305 com.symbol.dataanalytics/androidx.work.impl.background.systemjob.SystemJobService u=0 s=10052 TIME=+5m10s502ms:none satisfied:0xb400000 unsatisfied:0x80000000}
04-08 22:12:55.246 I/JobScheduler( 2321): bypass checkIfRestricted for JobStatus{4437dc2 #u0a52/21266 com.symbol.dataanalytics/androidx.work.impl.background.systemjob.SystemJobService u=0 s=10052 TIME=+45m38s93ms:none satisfied:0xb400000 unsatisfied:0x80000000}
04-08 22:12:55.247 I/JobScheduler( 2321): bypass checkIfRestricted for JobStatus{2dd0dd9 #u0a52/20960 com.symbol.dataanalytics/androidx.work.impl.background.systemjob.SystemJobService u=0 s=10052 TIME=+8m27s402ms:none satisfied:0xb400000 unsatisfied:0x80000000}
04-08 22:12:55.247 I/JobScheduler( 2321): bypass checkIfRestricted for JobStatus{f9840dd #u0a52/20955 com.symbol.dataanalytics/androidx.work.impl.background.systemjob.SystemJobService u=0 s=10052 TIME=+18h8m27s382ms:none satisfied:0xb400000 unsatisfied:0x80000000}
04-08 22:12:55.247 I/JobScheduler( 2321): bypass checkIfRestricted for JobStatus{83e0ccf #u0a52/20954 com.symbol.dataanalytics/androidx.work.impl.background.systemjob.SystemJobService u=0 s=10052 TIME=+13d18h7m44s648ms:none satisfied:0xb400000 unsatisfied:0x80000000}
04-08 22:12:55.257 I/fusionconfd( 1578): getVoiceCallState: returns 0
04-08 22:12:55.886 I/BatteryService( 2321): File node value is 250
04-08 22:12:55.887 E/BatteryService( 2321): healthInfoTemp is within the range (250)
04-08 22:12:55.888 E/BatteryService( 2321): level : 100 / status : 5/Health : 2/Decommission : 0/error status : 0
04-08 22:12:56.254 I/JobScheduler( 2321): bypass checkIfRestricted for JobStatus{9c78c6e #u0a55/999 com.symbol.fota/.jobservices.FotaReadyPeriodicService u=0 s=10055 TIME=+18h12m9s281ms:+1d18h12m9s281ms PERIODIC satisfied:0xb400000 unsatisfied:0x80000000}
04-08 22:12:56.264 I/JobScheduler( 2321): bypass checkIfRestricted for JobStatus{da29d66 #u0a52/21309 com.symbol.dataanalytics/androidx.work.impl.background.systemjob.SystemJobService u=0 s=10052 TIME=+14s852ms:none satisfied:0xb400000 unsatisfied:0x80000000}
04-08 22:12:56.264 I/JobScheduler( 2321): bypass checkIfRestricted for JobStatus{4999526 #u0a52/21305 com.symbol.dataanalytics/androidx.work.impl.background.systemjob.SystemJobService u=0 s=10052 TIME=+5m9s483ms:none satisfied:0xb400000 unsatisfied:0x80000000}
04-08 22:12:56.264 I/JobScheduler( 2321): bypass checkIfRestricted for JobStatus{4437dc2 #u0a52/21266 com.symbol.dataanalytics/androidx.work.impl.background.systemjob.SystemJobService u=0 s=10052 TIME=+45m37s75ms:none satisfied:0xb400000 unsatisfied:0x80000000}
04-08 22:12:56.265 I/JobScheduler( 2321): bypass checkIfRestricted for JobStatus{2dd0dd9 #u0a52/20960 com.symbol.dataanalytics/androidx.work.impl.background.systemjob.SystemJobService u=0 s=10052 TIME=+8m26s384ms:none satisfied:0xb400000 unsatisfied:0x80000000}
04-08 22:12:56.265 I/JobScheduler( 2321): bypass checkIfRestricted for JobStatus{f9840dd #u0a52/20955 com.symbol.dataanalytics/androidx.work.impl.background.systemjob.SystemJobService u=0 s=10052 TIME=+18h8m26s364ms:none satisfied:0xb400000 unsatisfied:0x80000000}
04-08 22:12:56.270 I/JobScheduler( 2321): bypass checkIfRestricted for JobStatus{83e0ccf #u0a52/20954 com.symbol.dataanalytics/androidx.work.impl.background.systemjob.SystemJobService u=0 s=10052 TIME=+13d18h7m43s625ms:none satisfied:0xb400000 unsatisfied:0x80000000}
04-08 22:12:56.274 I/Telecom ( 2321): DefaultDialerCache: Refreshing default dialer for user 0: now com.google.android.dialer: DDC.oR@CRc
04-08 22:12:58.790 I/fusionconfd( 1578): getDriverCountry ENTER
04-08 22:12:58.791 E/fusionconfd( 1578): getDriverCountry : SkinnyCat : WLAN get driver country PL
04-08 22:13:00.985 I/BatteryService( 2321): File node value is 250
04-08 22:13:00.985 E/BatteryService( 2321): healthInfoTemp is within the range (250)
04-08 22:13:00.987 E/BatteryService( 2321): level : 100 / status : 5/Health : 2/Decommission : 0/error status : 0
04-08 22:13:06.124 I/BatteryService( 2321): File node value is 250
04-08 22:13:06.125 E/BatteryService( 2321): healthInfoTemp is within the range (250)
04-08 22:13:06.127 E/BatteryService( 2321): level : 100 / status : 5/Health : 2/Decommission : 0/error status : 0
04-08 22:13:07.816 I/JobScheduler( 2321): bypass checkIfRestricted for JobStatus{9c78c6e #u0a55/999 com.symbol.fota/.jobservices.FotaReadyPeriodicService u=0 s=10055 TIME=+18h11m57s719ms:+1d18h11m57s719ms PERIODIC satisfied:0xb400000 unsatisfied:0x80000000}
04-08 22:13:07.817 I/JobScheduler( 2321): bypass checkIfRestricted for JobStatus{da29d66 #u0a52/21309 com.symbol.dataanalytics/androidx.work.impl.background.systemjob.SystemJobService u=0 s=10052 TIME=+3s298ms:none satisfied:0xb400000 unsatisfied:0x80000000}
04-08 22:13:07.818 I/JobScheduler( 2321): bypass checkIfRestricted for JobStatus{4999526 #u0a52/21305 com.symbol.dataanalytics/androidx.work.impl.background.systemjob.SystemJobService u=0 s=10052 TIME=+4m57s930ms:none satisfied:0xb400000 unsatisfied:0x80000000}
04-08 22:13:07.818 I/JobScheduler( 2321): bypass checkIfRestricted for JobStatus{4437dc2 #u0a52/21266 com.symbol.dataanalytics/androidx.work.impl.background.systemjob.SystemJobService u=0 s=10052 TIME=+45m25s521ms:none satisfied:0xb400000 unsatisfied:0x80000000}
04-08 22:13:07.819 I/JobScheduler( 2321): bypass checkIfRestricted for JobStatus{2dd0dd9 #u0a52/20960 com.symbol.dataanalytics/androidx.work.impl.background.systemjob.SystemJobService u=0 s=10052 TIME=+8m14s830ms:none satisfied:0xb400000 unsatisfied:0x80000000}
04-08 22:13:07.821 I/JobScheduler( 2321): bypass checkIfRestricted for JobStatus{f9840dd #u0a52/20955 com.symbol.dataanalytics/androidx.work.impl.background.systemjob.SystemJobService u=0 s=10052 TIME=+18h8m14s808ms:none satisfied:0xb400000 unsatisfied:0x80000000}
04-08 22:13:07.828 I/JobScheduler( 2321): bypass checkIfRestricted for JobStatus{83e0ccf #u0a52/20954 com.symbol.dataanalytics/androidx.work.impl.background.systemjob.SystemJobService u=0 s=10052 TIME=+13d18h7m32s68ms:none satisfied:0xb400000 unsatisfied:0x80000000}
04-08 22:13:07.831 I/fusionconfd( 1578): getDriverCountry ENTER
04-08 22:13:07.831 E/fusionconfd( 1578): getDriverCountry : SkinnyCat : WLAN get driver country PL
04-08 22:13:07.834 I/fusionconfd( 1578): getDriverCountry ENTER
04-08 22:13:07.835 E/fusionconfd( 1578): getDriverCountry : SkinnyCat : WLAN get driver country PL
04-08 22:13:11.209 I/JobScheduler( 2321): bypass checkIfRestricted for JobStatus{9c78c6e #u0a55/999 com.symbol.fota/.jobservices.FotaReadyPeriodicService u=0 s=10055 TIME=+18h11m54s326ms:+1d18h11m54s326ms PERIODIC satisfied:0xb400000 unsatisfied:0x80000000}
04-08 22:13:11.209 I/JobScheduler( 2321): bypass checkIfRestricted for JobStatus{4999526 #u0a52/21305 com.symbol.dataanalytics/androidx.work.impl.background.systemjob.SystemJobService u=0 s=10052 TIME=+4m54s538ms:none satisfied:0xb400000 unsatisfied:0x80000000}
04-08 22:13:11.209 I/JobScheduler( 2321): bypass checkIfRestricted for JobStatus{4437dc2 #u0a52/21266 com.symbol.dataanalytics/androidx.work.impl.background.systemjob.SystemJobService u=0 s=10052 TIME=+45m22s130ms:none satisfied:0xb400000 unsatisfied:0x80000000}
04-08 22:13:11.210 I/JobScheduler( 2321): bypass checkIfRestricted for JobStatus{2dd0dd9 #u0a52/20960 com.symbol.dataanalytics/androidx.work.impl.background.systemjob.SystemJobService u=0 s=10052 TIME=+8m11s439ms:none satisfied:0xb400000 unsatisfied:0x80000000}
04-08 22:13:11.210 I/JobScheduler( 2321): bypass checkIfRestricted for JobStatus{f9840dd #u0a52/20955 com.symbol.dataanalytics/androidx.work.impl.background.systemjob.SystemJobService u=0 s=10052 TIME=+18h8m11s419ms:none satisfied:0xb400000 unsatisfied:0x80000000}
04-08 22:13:11.210 I/JobScheduler( 2321): bypass checkIfRestricted for JobStatus{83e0ccf #u0a52/20954 com.symbol.dataanalytics/androidx.work.impl.background.systemjob.SystemJobService u=0 s=10052 TIME=+13d18h7m28s685ms:none satisfied:0xb400000 unsatisfied:0x80000000}
04-08 22:13:11.443 W/AlarmManager( 2321): Window length 5000ms too short; expanding to 600000ms.
04-08 22:13:11.462 W/AlarmManager( 2321): Window length 5000ms too short; expanding to 600000ms.
04-08 22:13:11.473 W/AlarmManager( 2321): Window length 5000ms too short; expanding to 225000ms.
04-08 22:13:12.022 I/BatteryService( 2321): File node value is 250
04-08 22:13:12.022 E/BatteryService( 2321): healthInfoTemp is within the range (250)
04-08 22:13:12.835 I/JobScheduler( 2321): bypass checkIfRestricted for JobStatus{9c78c6e #u0a55/999 com.symbol.fota/.jobservices.FotaReadyPeriodicService u=0 s=10055 TIME=+18h11m52s700ms:+1d18h11m52s700ms PERIODIC satisfied:0xb400000 unsatisfied:0x80000000}
04-08 22:13:12.835 I/JobScheduler( 2321): bypass checkIfRestricted for JobStatus{4dd836c #u0a52/21310 com.symbol.dataanalytics/androidx.work.impl.background.systemjob.SystemJobService u=0 s=10052 TIME=+4m59s373ms:none satisfied:0xb400000 unsatisfied:0x80000000}
04-08 22:13:12.836 I/JobScheduler( 2321): bypass checkIfRestricted for JobStatus{4999526 #u0a52/21305 com.symbol.dataanalytics/androidx.work.impl.background.systemjob.SystemJobService u=0 s=10052 TIME=+4m52s912ms:none satisfied:0xb400000 unsatisfied:0x80000000}
04-08 22:13:12.837 I/JobScheduler( 2321): bypass checkIfRestricted for JobStatus{4437dc2 #u0a52/21266 com.symbol.dataanalytics/androidx.work.impl.background.systemjob.SystemJobService u=0 s=10052 TIME=+45m20s503ms:none satisfied:0xb400000 unsatisfied:0x80000000}
04-08 22:13:12.838 I/JobScheduler( 2321): bypass checkIfRestricted for JobStatus{2dd0dd9 #u0a52/20960 com.symbol.dataanalytics/androidx.work.impl.background.systemjob.SystemJobService u=0 s=10052 TIME=+8m9s811ms:none satisfied:0xb400000 unsatisfied:0x80000000}
04-08 22:13:12.838 I/JobScheduler( 2321): bypass checkIfRestricted for JobStatus{f9840dd #u0a52/20955 com.symbol.dataanalytics/androidx.work.impl.background.systemjob.SystemJobService u=0 s=10052 TIME=+18h8m9s791ms:none satisfied:0xb400000 unsatisfied:0x80000000}
04-08 22:13:12.839 I/JobScheduler( 2321): bypass checkIfRestricted for JobStatus{83e0ccf #u0a52/20954 com.symbol.dataanalytics/androidx.work.impl.background.systemjob.SystemJobService u=0 s=10052 TIME=+13d18h7m27s57ms:none satisfied:0xb400000 unsatisfied:0x80000000}
04-08 22:13:12.875 I/fusionconfd( 1578): getVoiceCallState: returns 0
04-08 22:13:13.883 I/JobScheduler( 2321): bypass checkIfRestricted for JobStatus{9c78c6e #u0a55/999 com.symbol.fota/.jobservices.FotaReadyPeriodicService u=0 s=10055 TIME=+18h11m51s652ms:+1d18h11m51s652ms PERIODIC satisfied:0xb400000 unsatisfied:0x80000000}
04-08 22:13:13.885 I/JobScheduler( 2321): bypass checkIfRestricted for JobStatus{4dd836c #u0a52/21310 com.symbol.dataanalytics/androidx.work.impl.background.systemjob.SystemJobService u=0 s=10052 TIME=+4m58s323ms:none satisfied:0xb400000 unsatisfied:0x80000000}
04-08 22:13:13.886 I/JobScheduler( 2321): bypass checkIfRestricted for JobStatus{4999526 #u0a52/21305 com.symbol.dataanalytics/androidx.work.impl.background.systemjob.SystemJobService u=0 s=10052 TIME=+4m51s862ms:none satisfied:0xb400000 unsatisfied:0x80000000}
04-08 22:13:13.888 I/JobScheduler( 2321): bypass checkIfRestricted for JobStatus{4437dc2 #u0a52/21266 com.symbol.dataanalytics/androidx.work.impl.background.systemjob.SystemJobService u=0 s=10052 TIME=+45m19s451ms:none satisfied:0xb400000 unsatisfied:0x80000000}
04-08 22:13:13.889 I/JobScheduler( 2321): bypass checkIfRestricted for JobStatus{2dd0dd9 #u0a52/20960 com.symbol.dataanalytics/androidx.work.impl.background.systemjob.SystemJobService u=0 s=10052 TIME=+8m8s760ms:none satisfied:0xb400000 unsatisfied:0x80000000}
04-08 22:13:13.890 I/JobScheduler( 2321): bypass checkIfRestricted for JobStatus{f9840dd #u0a52/20955 com.symbol.dataanalytics/androidx.work.impl.background.systemjob.SystemJobService u=0 s=10052 TIME=+18h8m8s739ms:none satisfied:0xb400000 unsatisfied:0x80000000}
04-08 22:13:13.890 I/JobScheduler( 2321): bypass checkIfRestricted for JobStatus{83e0ccf #u0a52/20954 com.symbol.dataanalytics/androidx.work.impl.background.systemjob.SystemJobService u=0 s=10052 TIME=+13d18h7m26s5ms:none satisfied:0xb400000 unsatisfied:0x80000000}
04-08 22:13:13.894 I/Telecom ( 2321): DefaultDialerCache: Refreshing default dialer for user 0: now com.google.android.dialer: DDC.oR@CRg
04-08 22:13:14.032 I/BatteryService( 2321): File node value is 250
04-08 22:13:14.032 E/BatteryService( 2321): healthInfoTemp is within the range (250)
04-08 22:13:16.410 I/fusionconfd( 1578): getDriverCountry ENTER
04-08 22:13:16.411 E/fusionconfd( 1578): getDriverCountry : SkinnyCat : WLAN get driver country PL
04-08 22:13:17.135 I/BatteryService( 2321): File node value is 250
04-08 22:13:17.136 E/BatteryService( 2321): healthInfoTemp is within the range (250)
04-08 22:13:17.138 E/BatteryService( 2321): level : 100 / status : 5/Health : 2/Decommission : 0/error status : 0
04-08 22:13:22.256 I/BatteryService( 2321): File node value is 250
04-08 22:13:22.257 E/BatteryService( 2321): healthInfoTemp is within the range (250)
04-08 22:13:22.258 E/BatteryService( 2321): level : 100 / status : 5/Health : 2/Decommission : 0/error status : 0
04-08 22:13:27.388 I/BatteryService( 2321): File node value is 250
04-08 22:13:27.388 E/BatteryService( 2321): healthInfoTemp is within the range (250)
04-08 22:13:27.391 E/BatteryService( 2321): level : 100 / status : 5/Health : 2/Decommission : 0/error status : 0
04-08 22:13:32.480 I/BatteryService( 2321): File node value is 250
04-08 22:13:32.480 E/BatteryService( 2321): healthInfoTemp is within the range (250)
04-08 22:13:33.406 I/BatteryService( 2321): File node value is 250
04-08 22:13:33.407 E/BatteryService( 2321): healthInfoTemp is within the range (250)
04-08 22:13:36.512 D/ActivityManager( 2321): freezing 21326 com.google.android.partnersetup
04-08 22:13:36.630 D/ActivityManager( 2321): freezing 7902 com.google.android.apps.turbo:aab
04-08 22:13:37.607 I/BatteryService( 2321): File node value is 250
04-08 22:13:37.609 E/BatteryService( 2321): healthInfoTemp is within the range (250)
04-08 22:13:42.717 I/BatteryService( 2321): File node value is 250
04-08 22:13:42.717 E/BatteryService( 2321): healthInfoTemp is within the range (250)
04-08 22:13:42.919 I/JobScheduler( 2321): bypass checkIfRestricted for JobStatus{9c78c6e #u0a55/999 com.symbol.fota/.jobservices.FotaReadyPeriodicService u=0 s=10055 TIME=+18h11m22s615ms:+1d18h11m22s615ms PERIODIC satisfied:0xb400000 unsatisfied:0x80000000}
04-08 22:13:42.920 I/JobScheduler( 2321): bypass checkIfRestricted for JobStatus{4dd836c #u0a52/21310 com.symbol.dataanalytics/androidx.work.impl.background.systemjob.SystemJobService u=0 s=10052 TIME=+4m29s289ms:none satisfied:0xb400000 unsatisfied:0x80000000}
04-08 22:13:42.920 I/JobScheduler( 2321): bypass checkIfRestricted for JobStatus{4999526 #u0a52/21305 com.symbol.dataanalytics/androidx.work.impl.background.systemjob.SystemJobService u=0 s=10052 TIME=+4m22s828ms:none satisfied:0xb400000 unsatisfied:0x80000000}
04-08 22:13:42.920 I/JobScheduler( 2321): bypass checkIfRestricted for JobStatus{4437dc2 #u0a52/21266 com.symbol.dataanalytics/androidx.work.impl.background.systemjob.SystemJobService u=0 s=10052 TIME=+44m50s419ms:none satisfied:0xb400000 unsatisfied:0x80000000}
04-08 22:13:42.920 I/JobScheduler( 2321): bypass checkIfRestricted for JobStatus{2dd0dd9 #u0a52/20960 com.symbol.dataanalytics/androidx.work.impl.background.systemjob.SystemJobService u=0 s=10052 TIME=+7m39s728ms:none satisfied:0xb400000 unsatisfied:0x80000000}
04-08 22:13:42.921 I/JobScheduler( 2321): bypass checkIfRestricted for JobStatus{f9840dd #u0a52/20955 com.symbol.dataanalytics/androidx.work.impl.background.systemjob.SystemJobService u=0 s=10052 TIME=+18h7m39s708ms:none satisfied:0xb400000 unsatisfied:0x80000000}
04-08 22:13:42.921 I/JobScheduler( 2321): bypass checkIfRestricted for JobStatus{83e0ccf #u0a52/20954 com.symbol.dataanalytics/androidx.work.impl.background.systemjob.SystemJobService u=0 s=10052 TIME=+13d18h6m56s974ms:none satisfied:0xb400000 unsatisfied:0x80000000}
04-08 22:13:42.929 I/fusionconfd( 1578): getVoiceCallState: returns 0
04-08 22:13:43.927 I/JobScheduler( 2321): bypass checkIfRestricted for JobStatus{9c78c6e #u0a55/999 com.symbol.fota/.jobservices.FotaReadyPeriodicService u=0 s=10055 TIME=+18h11m21s607ms:+1d18h11m21s607ms PERIODIC satisfied:0xb400000 unsatisfied:0x80000000}
04-08 22:13:43.928 I/JobScheduler( 2321): bypass checkIfRestricted for JobStatus{4dd836c #u0a52/21310 com.symbol.dataanalytics/androidx.work.impl.background.systemjob.SystemJobService u=0 s=10052 TIME=+4m28s281ms:none satisfied:0xb400000 unsatisfied:0x80000000}
04-08 22:13:43.928 I/JobScheduler( 2321): bypass checkIfRestricted for JobStatus{4999526 #u0a52/21305 com.symbol.dataanalytics/androidx.work.impl.background.systemjob.SystemJobService u=0 s=10052 TIME=+4m21s819ms:none satisfied:0xb400000 unsatisfied:0x80000000}
04-08 22:13:43.929 I/JobScheduler( 2321): bypass checkIfRestricted for JobStatus{4437dc2 #u0a52/21266 com.symbol.dataanalytics/androidx.work.impl.background.systemjob.SystemJobService u=0 s=10052 TIME=+44m49s411ms:none satisfied:0xb400000 unsatisfied:0x80000000}
04-08 22:13:43.929 I/JobScheduler( 2321): bypass checkIfRestricted for JobStatus{2dd0dd9 #u0a52/20960 com.symbol.dataanalytics/androidx.work.impl.background.systemjob.SystemJobService u=0 s=10052 TIME=+7m38s719ms:none satisfied:0xb400000 unsatisfied:0x80000000}
04-08 22:13:43.929 I/JobScheduler( 2321): bypass checkIfRestricted for JobStatus{f9840dd #u0a52/20955 com.symbol.dataanalytics/androidx.work.impl.background.systemjob.SystemJobService u=0 s=10052 TIME=+18h7m38s699ms:none satisfied:0xb400000 unsatisfied:0x80000000}
04-08 22:13:43.930 I/JobScheduler( 2321): bypass checkIfRestricted for JobStatus{83e0ccf #u0a52/20954 com.symbol.dataanalytics/androidx.work.impl.background.systemjob.SystemJobService u=0 s=10052 TIME=+13d18h6m55s966ms:none satisfied:0xb400000 unsatisfied:0x80000000}
04-08 22:13:43.940 I/Telecom ( 2321): DefaultDialerCache: Refreshing default dialer for user 0: now com.google.android.dialer: DDC.oR@CRk
04-08 22:13:47.067 I/fusionconfd( 1578): getDriverCountry ENTER
04-08 22:13:47.068 E/fusionconfd( 1578): getDriverCountry : SkinnyCat : WLAN get driver country PL
04-08 22:13:47.846 I/BatteryService( 2321): File node value is 250
04-08 22:13:47.847 E/BatteryService( 2321): healthInfoTemp is within the range (250)
04-08 22:13:47.849 E/BatteryService( 2321): level : 100 / status : 5/Health : 2/Decommission : 0/error status : 0
04-08 22:13:49.952 W/BroadcastQueue( 2321): Background execution not allowed: receiving Intent { act=android.net.wifi.RSSI_CHANGED flg=0x4000010 (has extras) } to net.soti.mobicontrol.androidwork/net.soti.mobicontrol.broadcastreceiver.DelayedBroadcastReceiver
04-08 22:13:52.971 I/BatteryService( 2321): File node value is 250
04-08 22:13:52.971 E/BatteryService( 2321): healthInfoTemp is within the range (250)
04-08 22:13:52.972 E/BatteryService( 2321): level : 100 / status : 5/Health : 2/Decommission : 0/error status : 0
04-08 22:13:58.084 I/BatteryService( 2321): File node value is 250
04-08 22:13:58.085 E/BatteryService( 2321): healthInfoTemp is within the range (250)
04-08 22:13:58.087 E/BatteryService( 2321): level : 100 / status : 5/Health : 2/Decommission : 0/error status : 0
04-08 22:14:03.218 I/BatteryService( 2321): File node value is 250
04-08 22:14:03.218 E/BatteryService( 2321): healthInfoTemp is within the range (250)
04-08 22:14:03.220 E/BatteryService( 2321): level : 100 / status : 5/Health : 2/Decommission : 0/error status : 0
04-08 22:14:05.068 W/BroadcastQueue( 2321): Background execution not allowed: receiving Intent { act=android.net.wifi.RSSI_CHANGED flg=0x4000010 (has extras) } to net.soti.mobicontrol.androidwork/net.soti.mobicontrol.broadcastreceiver.DelayedBroadcastReceiver
04-08 22:14:08.095 W/BroadcastQueue( 2321): Background execution not allowed: receiving Intent { act=android.net.wifi.RSSI_CHANGED flg=0x4000010 (has extras) } to net.soti.mobicontrol.androidwork/net.soti.mobicontrol.broadcastreceiver.DelayedBroadcastReceiver
04-08 22:14:08.307 I/BatteryService( 2321): File node value is 250
04-08 22:14:08.308 E/BatteryService( 2321): healthInfoTemp is within the range (250)
04-08 22:14:11.499 I/fusionconfd( 1578): ARP Success: received reply
04-08 22:14:11.533 I/wificond( 1567): Received external scan result notification from kernel.
04-08 22:14:12.970 I/JobScheduler( 2321): bypass checkIfRestricted for JobStatus{9c78c6e #u0a55/999 com.symbol.fota/.jobservices.FotaReadyPeriodicService u=0 s=10055 TIME=+18h10m52s565ms:+1d18h10m52s565ms PERIODIC satisfied:0xb400000 unsatisfied:0x80000000}
04-08 22:14:12.970 I/JobScheduler( 2321): bypass checkIfRestricted for JobStatus{4dd836c #u0a52/21310 com.symbol.dataanalytics/androidx.work.impl.background.systemjob.SystemJobService u=0 s=10052 TIME=+3m59s238ms:none satisfied:0xb400000 unsatisfied:0x80000000}
04-08 22:14:12.971 I/JobScheduler( 2321): bypass checkIfRestricted for JobStatus{4999526 #u0a52/21305 com.symbol.dataanalytics/androidx.work.impl.background.systemjob.SystemJobService u=0 s=10052 TIME=+3m52s777ms:none satisfied:0xb400000 unsatisfied:0x80000000}
04-08 22:14:12.971 I/JobScheduler( 2321): bypass checkIfRestricted for JobStatus{4437dc2 #u0a52/21266 com.symbol.dataanalytics/androidx.work.impl.background.systemjob.SystemJobService u=0 s=10052 TIME=+44m20s369ms:none satisfied:0xb400000 unsatisfied:0x80000000}
04-08 22:14:12.971 I/JobScheduler( 2321): bypass checkIfRestricted for JobStatus{2dd0dd9 #u0a52/20960 com.symbol.dataanalytics/androidx.work.impl.background.systemjob.SystemJobService u=0 s=10052 TIME=+7m9s677ms:none satisfied:0xb400000 unsatisfied:0x80000000}
04-08 22:14:12.972 I/JobScheduler( 2321): bypass checkIfRestricted for JobStatus{f9840dd #u0a52/20955 com.symbol.dataanalytics/androidx.work.impl.background.systemjob.SystemJobService u=0 s=10052 TIME=+18h7m9s657ms:none satisfied:0xb400000 unsatisfied:0x80000000}
04-08 22:14:12.972 I/JobScheduler( 2321): bypass checkIfRestricted for JobStatus{83e0ccf #u0a52/20954 com.symbol.dataanalytics/androidx.work.impl.background.systemjob.SystemJobService u=0 s=10052 TIME=+13d18h6m26s923ms:none satisfied:0xb400000 unsatisfied:0x80000000}
04-08 22:14:12.982 I/fusionconfd( 1578): getVoiceCallState: returns 0
04-08 22:14:13.462 I/BatteryService( 2321): File node value is 250
04-08 22:14:13.462 E/BatteryService( 2321): healthInfoTemp is within the range (250)
04-08 22:14:13.979 I/JobScheduler( 2321): bypass checkIfRestricted for JobStatus{9c78c6e #u0a55/999 com.symbol.fota/.jobservices.FotaReadyPeriodicService u=0 s=10055 TIME=+18h10m51s555ms:+1d18h10m51s555ms PERIODIC satisfied:0xb400000 unsatisfied:0x80000000}
04-08 22:14:13.980 I/JobScheduler( 2321): bypass checkIfRestricted for JobStatus{4dd836c #u0a52/21310 com.symbol.dataanalytics/androidx.work.impl.background.systemjob.SystemJobService u=0 s=10052 TIME=+3m58s229ms:none satisfied:0xb400000 unsatisfied:0x80000000}
04-08 22:14:13.980 I/JobScheduler( 2321): bypass checkIfRestricted for JobStatus{4999526 #u0a52/21305 com.symbol.dataanalytics/androidx.work.impl.background.systemjob.SystemJobService u=0 s=10052 TIME=+3m51s768ms:none satisfied:0xb400000 unsatisfied:0x80000000}
04-08 22:14:13.980 I/JobScheduler( 2321): bypass checkIfRestricted for JobStatus{4437dc2 #u0a52/21266 com.symbol.dataanalytics/androidx.work.impl.background.systemjob.SystemJobService u=0 s=10052 TIME=+44m19s360ms:none satisfied:0xb400000 unsatisfied:0x80000000}
04-08 22:14:13.987 I/JobScheduler( 2321): bypass checkIfRestricted for JobStatus{2dd0dd9 #u0a52/20960 com.symbol.dataanalytics/androidx.work.impl.background.systemjob.SystemJobService u=0 s=10052 TIME=+7m8s662ms:none satisfied:0xb400000 unsatisfied:0x80000000}
04-08 22:14:13.987 I/JobScheduler( 2321): bypass checkIfRestricted for JobStatus{f9840dd #u0a52/20955 com.symbol.dataanalytics/androidx.work.impl.background.systemjob.SystemJobService u=0 s=10052 TIME=+18h7m8s641ms:none satisfied:0xb400000 unsatisfied:0x80000000}
04-08 22:14:13.988 I/JobScheduler( 2321): bypass checkIfRestricted for JobStatus{83e0ccf #u0a52/20954 com.symbol.dataanalytics/androidx.work.impl.background.systemjob.SystemJobService u=0 s=10052 TIME=+13d18h6m25s908ms:none satisfied:0xb400000 unsatisfied:0x80000000}
04-08 22:14:14.010 I/Telecom ( 2321): DefaultDialerCache: Refreshing default dialer for user 0: now com.google.android.dialer: DDC.oR@CRo
04-08 22:14:14.180 W/BroadcastQueue( 2321): Background execution not allowed: receiving Intent { act=android.net.wifi.RSSI_CHANGED flg=0x4000010 (has extras) } to net.soti.mobicontrol.androidwork/net.soti.mobicontrol.broadcastreceiver.DelayedBroadcastReceiver
04-08 22:14:16.508 I/fusionconfd( 1578): getDriverCountry ENTER
04-08 22:14:16.510 E/fusionconfd( 1578): getDriverCountry : SkinnyCat : WLAN get driver country PL
04-08 22:14:17.842 I/BatteryService( 2321): File node value is 250
04-08 22:14:17.842 E/BatteryService( 2321): healthInfoTemp is within the range (250)
04-08 22:14:17.844 E/BatteryService( 2321): level : 100 / status : 5/Health : 2/Decommission : 0/error status : 0
04-08 22:14:18.559 I/BatteryService( 2321): File node value is 250
04-08 22:14:18.560 E/BatteryService( 2321): healthInfoTemp is within the range (250)
04-08 22:14:18.561 E/BatteryService( 2321): level : 100 / status : 5/Health : 2/Decommission : 0/error status : 0
04-08 22:14:23.699 I/BatteryService( 2321): File node value is 250
04-08 22:14:23.700 E/BatteryService( 2321): healthInfoTemp is within the range (250)
04-08 22:14:26.285 W/BroadcastQueue( 2321): Background execution not allowed: receiving Intent { act=android.net.wifi.RSSI_CHANGED flg=0x4000010 (has extras) } to net.soti.mobicontrol.androidwork/net.soti.mobicontrol.broadcastreceiver.DelayedBroadcastReceiver
04-08 22:14:28.787 I/BatteryService( 2321): File node value is 250
04-08 22:14:28.788 E/BatteryService( 2321): healthInfoTemp is within the range (250)
04-08 22:14:29.312 W/BroadcastQueue( 2321): Background execution not allowed: receiving Intent { act=android.net.wifi.RSSI_CHANGED flg=0x4000010 (has extras) } to net.soti.mobicontrol.androidwork/net.soti.mobicontrol.broadcastreceiver.DelayedBroadcastReceiver
04-08 22:14:33.408 I/BatteryService( 2321): File node value is 250
04-08 22:14:33.409 E/BatteryService( 2321): healthInfoTemp is within the range (250)
04-08 22:14:33.411 E/BatteryService( 2321): level : 100 / status : 5/Health : 2/Decommission : 0/error status : 0
04-08 22:14:33.947 I/BatteryService( 2321): File node value is 250
04-08 22:14:33.947 E/BatteryService( 2321): healthInfoTemp is within the range (250)
04-08 22:14:39.058 I/BatteryService( 2321): File node value is 250
04-08 22:14:39.059 E/BatteryService( 2321): healthInfoTemp is within the range (250)
04-08 22:14:43.027 I/JobScheduler( 2321): bypass checkIfRestricted for JobStatus{9c78c6e #u0a55/999 com.symbol.fota/.jobservices.FotaReadyPeriodicService u=0 s=10055 TIME=+18h10m22s508ms:+1d18h10m22s508ms PERIODIC satisfied:0xb400000 unsatisfied:0x80000000}
04-08 22:14:43.028 I/JobScheduler( 2321): bypass checkIfRestricted for JobStatus{4dd836c #u0a52/21310 com.symbol.dataanalytics/androidx.work.impl.background.systemjob.SystemJobService u=0 s=10052 TIME=+3m29s181ms:none satisfied:0xb400000 unsatisfied:0x80000000}
04-08 22:14:43.028 I/JobScheduler( 2321): bypass checkIfRestricted for JobStatus{4999526 #u0a52/21305 com.symbol.dataanalytics/androidx.work.impl.background.systemjob.SystemJobService u=0 s=10052 TIME=+3m22s719ms:none satisfied:0xb400000 unsatisfied:0x80000000}
04-08 22:14:43.028 I/JobScheduler( 2321): bypass checkIfRestricted for JobStatus{4437dc2 #u0a52/21266 com.symbol.dataanalytics/androidx.work.impl.background.systemjob.SystemJobService u=0 s=10052 TIME=+43m50s311ms:none satisfied:0xb400000 unsatisfied:0x80000000}
04-08 22:14:43.029 I/JobScheduler( 2321): bypass checkIfRestricted for JobStatus{2dd0dd9 #u0a52/20960 com.symbol.dataanalytics/androidx.work.impl.background.systemjob.SystemJobService u=0 s=10052 TIME=+6m39s620ms:none satisfied:0xb400000 unsatisfied:0x80000000}
04-08 22:14:43.029 I/JobScheduler( 2321): bypass checkIfRestricted for JobStatus{f9840dd #u0a52/20955 com.symbol.dataanalytics/androidx.work.impl.background.systemjob.SystemJobService u=0 s=10052 TIME=+18h6m39s599ms:none satisfied:0xb400000 unsatisfied:0x80000000}
04-08 22:14:43.030 I/JobScheduler( 2321): bypass checkIfRestricted for JobStatus{83e0ccf #u0a52/20954 com.symbol.dataanalytics/androidx.work.impl.background.systemjob.SystemJobService u=0 s=10052 TIME=+13d18h5m56s866ms:none satisfied:0xb400000 unsatisfied:0x80000000}
04-08 22:14:43.040 I/fusionconfd( 1578): getVoiceCallState: returns 0
04-08 22:14:44.036 I/JobScheduler( 2321): bypass checkIfRestricted for JobStatus{9c78c6e #u0a55/999 com.symbol.fota/.jobservices.FotaReadyPeriodicService u=0 s=10055 TIME=+18h10m21s499ms:+1d18h10m21s499ms PERIODIC satisfied:0xb400000 unsatisfied:0x80000000}
04-08 22:14:44.038 I/JobScheduler( 2321): bypass checkIfRestricted for JobStatus{4dd836c #u0a52/21310 com.symbol.dataanalytics/androidx.work.impl.background.systemjob.SystemJobService u=0 s=10052 TIME=+3m28s170ms:none satisfied:0xb400000 unsatisfied:0x80000000}
04-08 22:14:44.039 I/JobScheduler( 2321): bypass checkIfRestricted for JobStatus{4999526 #u0a52/21305 com.symbol.dataanalytics/androidx.work.impl.background.systemjob.SystemJobService u=0 s=10052 TIME=+3m21s708ms:none satisfied:0xb400000 unsatisfied:0x80000000}
04-08 22:14:44.040 I/JobScheduler( 2321): bypass checkIfRestricted for JobStatus{4437dc2 #u0a52/21266 com.symbol.dataanalytics/androidx.work.impl.background.systemjob.SystemJobService u=0 s=10052 TIME=+43m49s300ms:none satisfied:0xb400000 unsatisfied:0x80000000}
04-08 22:14:44.040 I/JobScheduler( 2321): bypass checkIfRestricted for JobStatus{2dd0dd9 #u0a52/20960 com.symbol.dataanalytics/androidx.work.impl.background.systemjob.SystemJobService u=0 s=10052 TIME=+6m38s608ms:none satisfied:0xb400000 unsatisfied:0x80000000}
04-08 22:14:44.040 I/JobScheduler( 2321): bypass checkIfRestricted for JobStatus{f9840dd #u0a52/20955 com.symbol.dataanalytics/androidx.work.impl.background.systemjob.SystemJobService u=0 s=10052 TIME=+18h6m38s588ms:none satisfied:0xb400000 unsatisfied:0x80000000}
04-08 22:14:44.041 I/JobScheduler( 2321): bypass checkIfRestricted for JobStatus{83e0ccf #u0a52/20954 com.symbol.dataanalytics/androidx.work.impl.background.systemjob.SystemJobService u=0 s=10052 TIME=+13d18h5m55s854ms:none satisfied:0xb400000 unsatisfied:0x80000000}
04-08 22:14:44.053 I/Telecom ( 2321): DefaultDialerCache: Refreshing default dialer for user 0: now com.google.android.dialer: DDC.oR@CRs
04-08 22:14:44.147 I/BatteryService( 2321): File node value is 250
04-08 22:14:44.147 E/BatteryService( 2321): healthInfoTemp is within the range (250)
04-08 22:14:44.148 E/BatteryService( 2321): level : 100 / status : 5/Health : 2/Decommission : 0/error status : 0
04-08 22:14:46.620 I/fusionconfd( 1578): getDriverCountry ENTER
04-08 22:14:46.621 E/fusionconfd( 1578): getDriverCountry : SkinnyCat : WLAN get driver country PL
04-08 22:14:49.269 I/BatteryService( 2321): File node value is 250
04-08 22:14:49.269 E/BatteryService( 2321): healthInfoTemp is within the range (250)
04-08 22:14:49.271 E/BatteryService( 2321): level : 100 / status : 5/Health : 2/Decommission : 0/error status : 0
04-08 22:14:49.727 I/JobScheduler( 2321): bypass checkIfRestricted for JobStatus{9c78c6e #u0a55/999 com.symbol.fota/.jobservices.FotaReadyPeriodicService u=0 s=10055 TIME=+18h10m15s808ms:+1d18h10m15s808ms PERIODIC satisfied:0xb400000 unsatisfied:0x80000000}
