04-08 22:19:36.772 E/BatteryService( 2321): level : 100 / status : 5/Health : 2/Decommission : 0/error status : 0
04-08 22:19:38.378 D/WindowManager( 2321): DP::updateSystemBarAttributes called
04-08 22:19:38.378 D/WindowManager( 2321): DP::::updateSystemBarAttributes displayId: 0
04-08 22:19:38.381 D/WindowManager( 2321): displayId: 0
04-08 22:19:38.381 D/WindowManager( 2321): isFullscreen: true isImmersive: false
04-08 22:19:38.381 D/WindowManager( 2321): mLastFocusIsFullscreen: true mLastImmersiveMode: false
04-08 22:19:38.381 D/WindowManager( 2321): mFocusedWindow: Window{b466268 u0 com.ok.inv/com.example.inventoryapp.ui.main.MainActivity}
04-08 22:19:38.381 D/WindowManager( 2321): mLastFocusedWindow: null
04-08 22:19:38.381 D/WindowManager( 2321): mLastFocusIsImmersiveAndFullscreen: false
04-08 22:19:38.381 D/WindowManager( 2321): mLastWindowClosed: null
04-08 22:19:38.381 D/WindowManager( 2321): layoutWindowLw currenttaskBarInDb-- 0
04-08 22:19:38.382 D/WindowManager( 2321): layoutWindowLw currenttaskBarInDb-- 0
04-08 22:19:38.382 D/WindowManager( 2321): layoutWindowLw currenttaskBarInDb-- 0
04-08 22:19:38.382 D/WindowManager( 2321): layoutWindowLw currenttaskBarInDb-- 0
04-08 22:19:38.382 D/WindowManager( 2321): DP::updateSystemBarAttributes called
04-08 22:19:38.382 D/WindowManager( 2321): DP::::updateSystemBarAttributes displayId: 0
04-08 22:19:38.383 D/WindowManager( 2321): DP::updateSystemBarAttributes called
04-08 22:19:38.383 D/WindowManager( 2321): DP::::updateSystemBarAttributes displayId: 0
04-08 22:19:38.384 D/WindowManager( 2321): displayId: 0
04-08 22:19:38.384 D/WindowManager( 2321): isFullscreen: true isImmersive: false
04-08 22:19:38.384 D/WindowManager( 2321): mLastFocusIsFullscreen: true mLastImmersiveMode: true
04-08 22:19:38.384 D/WindowManager( 2321): mFocusedWindow: Window{b466268 u0 com.ok.inv/com.example.inventoryapp.ui.main.MainActivity}
04-08 22:19:38.384 D/WindowManager( 2321): mLastFocusedWindow: null
04-08 22:19:38.384 D/WindowManager( 2321): mLastFocusIsImmersiveAndFullscreen: false
04-08 22:19:38.384 D/WindowManager( 2321): mLastWindowClosed: null
04-08 22:19:38.384 D/WindowManager( 2321): layoutWindowLw currenttaskBarInDb-- 0
04-08 22:19:38.385 D/WindowManager( 2321): layoutWindowLw currenttaskBarInDb-- 0
04-08 22:19:38.385 D/WindowManager( 2321): layoutWindowLw currenttaskBarInDb-- 0
04-08 22:19:38.385 D/WindowManager( 2321): layoutWindowLw currenttaskBarInDb-- 0
04-08 22:19:38.385 D/WindowManager( 2321): DP::updateSystemBarAttributes called
04-08 22:19:38.385 D/WindowManager( 2321): DP::::updateSystemBarAttributes displayId: 0
04-08 22:19:38.387 D/WindowManager( 2321): DP::updateSystemBarAttributes called
04-08 22:19:38.387 D/WindowManager( 2321): DP::::updateSystemBarAttributes displayId: 0
04-08 22:19:38.388 D/WindowManager( 2321): layoutWindowLw currenttaskBarInDb-- 0
04-08 22:19:38.388 D/WindowManager( 2321): layoutWindowLw currenttaskBarInDb-- 0
04-08 22:19:38.388 D/WindowManager( 2321): layoutWindowLw currenttaskBarInDb-- 0
04-08 22:19:38.392 D/WindowManager( 2321): layoutWindowLw currenttaskBarInDb-- 0
04-08 22:19:38.392 D/WindowManager( 2321): DP::updateSystemBarAttributes called
04-08 22:19:38.392 D/WindowManager( 2321): DP::::updateSystemBarAttributes displayId: 0
04-08 22:19:38.394 D/WindowManager( 2321): layoutWindowLw currenttaskBarInDb-- 0
04-08 22:19:38.394 D/WindowManager( 2321): layoutWindowLw currenttaskBarInDb-- 0
04-08 22:19:38.394 D/WindowManager( 2321): layoutWindowLw currenttaskBarInDb-- 0
04-08 22:19:38.394 D/WindowManager( 2321): layoutWindowLw currenttaskBarInDb-- 0
04-08 22:19:38.394 D/WindowManager( 2321): DP::updateSystemBarAttributes called
04-08 22:19:38.394 D/WindowManager( 2321): DP::::updateSystemBarAttributes displayId: 0
04-08 22:19:38.402 D/CoreBackPreview( 2321): Window{b466268 u0 com.ok.inv/com.example.inventoryapp.ui.main.MainActivity}: Setting back callback OnBackInvokedCallbackInfo{mCallback=android.window.IOnBackInvokedCallback$Stub$Proxy@6930f79, mPriority=0}
04-08 22:19:38.599 D/WindowManager( 2321): layoutWindowLw currenttaskBarInDb-- 0
04-08 22:19:38.599 D/WindowManager( 2321): layoutWindowLw currenttaskBarInDb-- 0
04-08 22:19:38.600 D/WindowManager( 2321): layoutWindowLw currenttaskBarInDb-- 0
04-08 22:19:38.600 D/WindowManager( 2321): DP::updateSystemBarAttributes called
04-08 22:19:38.600 D/WindowManager( 2321): DP::::updateSystemBarAttributes displayId: 0
04-08 22:19:38.608 D/WindowManager( 2321): layoutWindowLw currenttaskBarInDb-- 0
04-08 22:19:38.608 D/WindowManager( 2321): layoutWindowLw currenttaskBarInDb-- 0
04-08 22:19:38.609 D/WindowManager( 2321): layoutWindowLw currenttaskBarInDb-- 0
04-08 22:19:38.609 D/WindowManager( 2321): DP::updateSystemBarAttributes called
04-08 22:19:38.609 D/WindowManager( 2321): DP::::updateSystemBarAttributes displayId: 0
04-08 22:19:41.118 I/BatteryService( 2321): File node value is 250
04-08 22:19:41.118 E/BatteryService( 2321): healthInfoTemp is within the range (250)
04-08 22:19:43.075 I/JobScheduler( 2321): bypass checkIfRestricted for JobStatus{9c78c6e #u0a55/999 com.symbol.fota/.jobservices.FotaReadyPeriodicService u=0 s=10055 TIME=+18h5m22s460ms:+1d18h5m22s460ms PERIODIC satisfied:0xb400000 unsatisfied:0x80000000}
04-08 22:19:43.075 I/JobScheduler( 2321): bypass checkIfRestricted for JobStatus{2a2817a #u0a52/21312 com.symbol.dataanalytics/androidx.work.impl.background.systemjob.SystemJobService u=0 s=10052 TIME=+3m30s152ms:none satisfied:0xb400000 unsatisfied:0x80000000}
04-08 22:19:43.076 I/JobScheduler( 2321): bypass checkIfRestricted for JobStatus{f8096 #u0a52/21311 com.symbol.dataanalytics/androidx.work.impl.background.systemjob.SystemJobService u=0 s=10052 TIME=+13m22s710ms:none satisfied:0xb400000 unsatisfied:0x80000000}
04-08 22:19:43.076 I/JobScheduler( 2321): bypass checkIfRestricted for JobStatus{4437dc2 #u0a52/21266 com.symbol.dataanalytics/androidx.work.impl.background.systemjob.SystemJobService u=0 s=10052 TIME=+38m50s263ms:none satisfied:0xb400000 unsatisfied:0x80000000}
04-08 22:19:43.077 I/JobScheduler( 2321): bypass checkIfRestricted for JobStatus{2dd0dd9 #u0a52/20960 com.symbol.dataanalytics/androidx.work.impl.background.systemjob.SystemJobService u=0 s=10052 TIME=+1m39s572ms:none satisfied:0xb400000 unsatisfied:0x80000000}
04-08 22:19:43.077 I/JobScheduler( 2321): bypass checkIfRestricted for JobStatus{f9840dd #u0a52/20955 com.symbol.dataanalytics/androidx.work.impl.background.systemjob.SystemJobService u=0 s=10052 TIME=+18h1m39s551ms:none satisfied:0xb400000 unsatisfied:0x80000000}
04-08 22:19:43.078 I/JobScheduler( 2321): bypass checkIfRestricted for JobStatus{83e0ccf #u0a52/20954 com.symbol.dataanalytics/androidx.work.impl.background.systemjob.SystemJobService u=0 s=10052 TIME=+13d18h0m56s818ms:none satisfied:0xb400000 unsatisfied:0x80000000}
04-08 22:19:43.089 I/fusionconfd( 1578): getVoiceCallState: returns 0
04-08 22:19:44.095 I/JobScheduler( 2321): bypass checkIfRestricted for JobStatus{9c78c6e #u0a55/999 com.symbol.fota/.jobservices.FotaReadyPeriodicService u=0 s=10055 TIME=+18h5m21s439ms:+1d18h5m21s439ms PERIODIC satisfied:0xb400000 unsatisfied:0x80000000}
04-08 22:19:44.096 I/JobScheduler( 2321): bypass checkIfRestricted for JobStatus{2a2817a #u0a52/21312 com.symbol.dataanalytics/androidx.work.impl.background.systemjob.SystemJobService u=0 s=10052 TIME=+3m29s131ms:none satisfied:0xb400000 unsatisfied:0x80000000}
04-08 22:19:44.097 I/JobScheduler( 2321): bypass checkIfRestricted for JobStatus{f8096 #u0a52/21311 com.symbol.dataanalytics/androidx.work.impl.background.systemjob.SystemJobService u=0 s=10052 TIME=+13m21s688ms:none satisfied:0xb400000 unsatisfied:0x80000000}
04-08 22:19:44.098 I/JobScheduler( 2321): bypass checkIfRestricted for JobStatus{4437dc2 #u0a52/21266 com.symbol.dataanalytics/androidx.work.impl.background.systemjob.SystemJobService u=0 s=10052 TIME=+38m49s242ms:none satisfied:0xb400000 unsatisfied:0x80000000}
04-08 22:19:44.098 I/JobScheduler( 2321): bypass checkIfRestricted for JobStatus{2dd0dd9 #u0a52/20960 com.symbol.dataanalytics/androidx.work.impl.background.systemjob.SystemJobService u=0 s=10052 TIME=+1m38s551ms:none satisfied:0xb400000 unsatisfied:0x80000000}
04-08 22:19:44.098 I/JobScheduler( 2321): bypass checkIfRestricted for JobStatus{f9840dd #u0a52/20955 com.symbol.dataanalytics/androidx.work.impl.background.systemjob.SystemJobService u=0 s=10052 TIME=+18h1m38s530ms:none satisfied:0xb400000 unsatisfied:0x80000000}
04-08 22:19:44.098 I/JobScheduler( 2321): bypass checkIfRestricted for JobStatus{83e0ccf #u0a52/20954 com.symbol.dataanalytics/androidx.work.impl.background.systemjob.SystemJobService u=0 s=10052 TIME=+13d18h0m55s797ms:none satisfied:0xb400000 unsatisfied:0x80000000}
04-08 22:19:44.105 I/Telecom ( 2321): DefaultDialerCache: Refreshing default dialer for user 0: now com.google.android.dialer: DDC.oR@CSY
04-08 22:19:45.715 D/WindowManager( 2321): layoutWindowLw currenttaskBarInDb-- 0
04-08 22:19:45.715 D/WindowManager( 2321): layoutWindowLw currenttaskBarInDb-- 0
04-08 22:19:45.716 D/WindowManager( 2321): layoutWindowLw currenttaskBarInDb-- 0
04-08 22:19:45.717 D/WindowManager( 2321): DP::updateSystemBarAttributes called
04-08 22:19:45.717 D/WindowManager( 2321): DP::::updateSystemBarAttributes displayId: 0
04-08 22:19:46.043 D/WindowManager( 2321): layoutWindowLw currenttaskBarInDb-- 0
04-08 22:19:46.044 D/WindowManager( 2321): layoutWindowLw currenttaskBarInDb-- 0
04-08 22:19:46.044 D/WindowManager( 2321): layoutWindowLw currenttaskBarInDb-- 0
04-08 22:19:46.045 D/WindowManager( 2321): DP::updateSystemBarAttributes called
04-08 22:19:46.045 D/WindowManager( 2321): DP::::updateSystemBarAttributes displayId: 0
04-08 22:19:46.242 I/BatteryService( 2321): File node value is 250
04-08 22:19:46.242 E/BatteryService( 2321): healthInfoTemp is within the range (250)
04-08 22:19:46.244 E/BatteryService( 2321): level : 100 / status : 5/Health : 2/Decommission : 0/error status : 0
04-08 22:19:46.764 I/fusionconfd( 1578): getDriverCountry ENTER
04-08 22:19:46.765 E/fusionconfd( 1578): getDriverCountry : SkinnyCat : WLAN get driver country PL
04-08 22:19:47.572 D/WindowManager( 2321): layoutWindowLw currenttaskBarInDb-- 0
04-08 22:19:47.573 D/WindowManager( 2321): layoutWindowLw currenttaskBarInDb-- 0
04-08 22:19:47.574 D/WindowManager( 2321): layoutWindowLw currenttaskBarInDb-- 0
04-08 22:19:47.576 D/WindowManager( 2321): DP::updateSystemBarAttributes called
04-08 22:19:47.576 D/WindowManager( 2321): DP::::updateSystemBarAttributes displayId: 0
04-08 22:19:47.598 D/WindowManager( 2321): layoutWindowLw currenttaskBarInDb-- 0
04-08 22:19:47.599 D/WindowManager( 2321): layoutWindowLw currenttaskBarInDb-- 0
04-08 22:19:47.600 D/WindowManager( 2321): layoutWindowLw currenttaskBarInDb-- 0
04-08 22:19:47.601 D/WindowManager( 2321): DP::updateSystemBarAttributes called
04-08 22:19:47.602 D/WindowManager( 2321): DP::::updateSystemBarAttributes displayId: 0
04-08 22:19:48.506 D/WindowManager( 2321): layoutWindowLw currenttaskBarInDb-- 0
04-08 22:19:48.507 D/WindowManager( 2321): layoutWindowLw currenttaskBarInDb-- 0
04-08 22:19:48.508 D/WindowManager( 2321): layoutWindowLw currenttaskBarInDb-- 0
04-08 22:19:48.508 D/WindowManager( 2321): DP::updateSystemBarAttributes called
04-08 22:19:48.509 D/WindowManager( 2321): DP::::updateSystemBarAttributes displayId: 0
04-08 22:19:49.289 D/WindowManager( 2321): layoutWindowLw currenttaskBarInDb-- 0
04-08 22:19:49.290 D/WindowManager( 2321): layoutWindowLw currenttaskBarInDb-- 0
04-08 22:19:49.290 D/WindowManager( 2321): layoutWindowLw currenttaskBarInDb-- 0
04-08 22:19:49.291 D/WindowManager( 2321): DP::updateSystemBarAttributes called
04-08 22:19:49.291 D/WindowManager( 2321): DP::::updateSystemBarAttributes displayId: 0
04-08 22:19:49.866 D/WindowManager( 2321): layoutWindowLw currenttaskBarInDb-- 0
04-08 22:19:49.867 D/WindowManager( 2321): layoutWindowLw currenttaskBarInDb-- 0
04-08 22:19:49.868 D/WindowManager( 2321): layoutWindowLw currenttaskBarInDb-- 0
04-08 22:19:49.868 D/WindowManager( 2321): DP::updateSystemBarAttributes called
04-08 22:19:49.869 D/WindowManager( 2321): DP::::updateSystemBarAttributes displayId: 0
04-08 22:19:51.366 I/BatteryService( 2321): File node value is 250
04-08 22:19:51.366 E/BatteryService( 2321): healthInfoTemp is within the range (250)
04-08 22:19:56.466 I/BatteryService( 2321): File node value is 250
04-08 22:19:56.466 E/BatteryService( 2321): healthInfoTemp is within the range (250)
04-08 22:19:58.639 D/WindowManager( 2321): layoutWindowLw currenttaskBarInDb-- 0
04-08 22:19:58.640 D/WindowManager( 2321): layoutWindowLw currenttaskBarInDb-- 0
04-08 22:19:58.642 D/WindowManager( 2321): layoutWindowLw currenttaskBarInDb-- 0
04-08 22:19:58.643 D/WindowManager( 2321): DP::updateSystemBarAttributes called
04-08 22:19:58.643 D/WindowManager( 2321): DP::::updateSystemBarAttributes displayId: 0
04-08 22:19:59.485 D/WindowManager( 2321): layoutWindowLw currenttaskBarInDb-- 0
04-08 22:19:59.486 D/WindowManager( 2321): layoutWindowLw currenttaskBarInDb-- 0
04-08 22:19:59.487 D/WindowManager( 2321): layoutWindowLw currenttaskBarInDb-- 0
04-08 22:19:59.488 D/WindowManager( 2321): DP::updateSystemBarAttributes called
04-08 22:19:59.488 D/WindowManager( 2321): DP::::updateSystemBarAttributes displayId: 0
04-08 22:19:59.819 D/WindowManager( 2321): layoutWindowLw currenttaskBarInDb-- 0
04-08 22:19:59.821 D/WindowManager( 2321): layoutWindowLw currenttaskBarInDb-- 0
04-08 22:19:59.823 D/WindowManager( 2321): layoutWindowLw currenttaskBarInDb-- 0
04-08 22:19:59.824 D/WindowManager( 2321): DP::updateSystemBarAttributes called
04-08 22:19:59.824 D/WindowManager( 2321): DP::::updateSystemBarAttributes displayId: 0
04-08 22:20:00.358 D/WindowManager( 2321): layoutWindowLw currenttaskBarInDb-- 0
04-08 22:20:00.360 D/WindowManager( 2321): layoutWindowLw currenttaskBarInDb-- 0
04-08 22:20:00.362 D/WindowManager( 2321): layoutWindowLw currenttaskBarInDb-- 0
04-08 22:20:00.363 D/WindowManager( 2321): DP::updateSystemBarAttributes called
04-08 22:20:00.363 D/WindowManager( 2321): DP::::updateSystemBarAttributes displayId: 0
04-08 22:20:01.597 I/BatteryService( 2321): File node value is 250
04-08 22:20:01.598 E/BatteryService( 2321): healthInfoTemp is within the range (250)
04-08 22:20:06.705 I/BatteryService( 2321): File node value is 250
04-08 22:20:06.706 E/BatteryService( 2321): healthInfoTemp is within the range (250)
04-08 22:20:11.834 I/BatteryService( 2321): File node value is 250
04-08 22:20:11.834 E/BatteryService( 2321): healthInfoTemp is within the range (250)
04-08 22:20:11.836 E/BatteryService( 2321): level : 100 / status : 5/Health : 2/Decommission : 0/error status : 0
04-08 22:20:13.127 I/JobScheduler( 2321): bypass checkIfRestricted for JobStatus{9c78c6e #u0a55/999 com.symbol.fota/.jobservices.FotaReadyPeriodicService u=0 s=10055 TIME=+18h4m52s408ms:+1d18h4m52s408ms PERIODIC satisfied:0xb400000 unsatisfied:0x80000000}
04-08 22:20:13.127 I/JobScheduler( 2321): bypass checkIfRestricted for JobStatus{2a2817a #u0a52/21312 com.symbol.dataanalytics/androidx.work.impl.background.systemjob.SystemJobService u=0 s=10052 TIME=+3m0s100ms:none satisfied:0xb400000 unsatisfied:0x80000000}
04-08 22:20:13.127 I/JobScheduler( 2321): bypass checkIfRestricted for JobStatus{f8096 #u0a52/21311 com.symbol.dataanalytics/androidx.work.impl.background.systemjob.SystemJobService u=0 s=10052 TIME=+12m52s658ms:none satisfied:0xb400000 unsatisfied:0x80000000}
04-08 22:20:13.128 I/JobScheduler( 2321): bypass checkIfRestricted for JobStatus{4437dc2 #u0a52/21266 com.symbol.dataanalytics/androidx.work.impl.background.systemjob.SystemJobService u=0 s=10052 TIME=+38m20s212ms:none satisfied:0xb400000 unsatisfied:0x80000000}
04-08 22:20:13.128 I/JobScheduler( 2321): bypass checkIfRestricted for JobStatus{2dd0dd9 #u0a52/20960 com.symbol.dataanalytics/androidx.work.impl.background.systemjob.SystemJobService u=0 s=10052 TIME=+1m9s520ms:none satisfied:0xb400000 unsatisfied:0x80000000}
04-08 22:20:13.128 I/JobScheduler( 2321): bypass checkIfRestricted for JobStatus{f9840dd #u0a52/20955 com.symbol.dataanalytics/androidx.work.impl.background.systemjob.SystemJobService u=0 s=10052 TIME=+18h1m9s500ms:none satisfied:0xb400000 unsatisfied:0x80000000}
04-08 22:20:13.129 I/JobScheduler( 2321): bypass checkIfRestricted for JobStatus{83e0ccf #u0a52/20954 com.symbol.dataanalytics/androidx.work.impl.background.systemjob.SystemJobService u=0 s=10052 TIME=+13d18h0m26s766ms:none satisfied:0xb400000 unsatisfied:0x80000000}
04-08 22:20:13.138 I/fusionconfd( 1578): getVoiceCallState: returns 0
04-08 22:20:14.140 I/JobScheduler( 2321): bypass checkIfRestricted for JobStatus{9c78c6e #u0a55/999 com.symbol.fota/.jobservices.FotaReadyPeriodicService u=0 s=10055 TIME=+18h4m51s395ms:+1d18h4m51s395ms PERIODIC satisfied:0xb400000 unsatisfied:0x80000000}
04-08 22:20:14.140 I/JobScheduler( 2321): bypass checkIfRestricted for JobStatus{2a2817a #u0a52/21312 com.symbol.dataanalytics/androidx.work.impl.background.systemjob.SystemJobService u=0 s=10052 TIME=+2m59s87ms:none satisfied:0xb400000 unsatisfied:0x80000000}
04-08 22:20:14.140 I/JobScheduler( 2321): bypass checkIfRestricted for JobStatus{f8096 #u0a52/21311 com.symbol.dataanalytics/androidx.work.impl.background.systemjob.SystemJobService u=0 s=10052 TIME=+12m51s645ms:none satisfied:0xb400000 unsatisfied:0x80000000}
04-08 22:20:14.141 I/JobScheduler( 2321): bypass checkIfRestricted for JobStatus{4437dc2 #u0a52/21266 com.symbol.dataanalytics/androidx.work.impl.background.systemjob.SystemJobService u=0 s=10052 TIME=+38m19s199ms:none satisfied:0xb400000 unsatisfied:0x80000000}
04-08 22:20:14.141 I/JobScheduler( 2321): bypass checkIfRestricted for JobStatus{2dd0dd9 #u0a52/20960 com.symbol.dataanalytics/androidx.work.impl.background.systemjob.SystemJobService u=0 s=10052 TIME=+1m8s507ms:none satisfied:0xb400000 unsatisfied:0x80000000}
04-08 22:20:14.141 I/JobScheduler( 2321): bypass checkIfRestricted for JobStatus{f9840dd #u0a52/20955 com.symbol.dataanalytics/androidx.work.impl.background.systemjob.SystemJobService u=0 s=10052 TIME=+18h1m8s487ms:none satisfied:0xb400000 unsatisfied:0x80000000}
04-08 22:20:14.141 I/JobScheduler( 2321): bypass checkIfRestricted for JobStatus{83e0ccf #u0a52/20954 com.symbol.dataanalytics/androidx.work.impl.background.systemjob.SystemJobService u=0 s=10052 TIME=+13d18h0m25s754ms:none satisfied:0xb400000 unsatisfied:0x80000000}
04-08 22:20:14.145 I/Telecom ( 2321): DefaultDialerCache: Refreshing default dialer for user 0: now com.google.android.dialer: DDC.oR@CSc
04-08 22:20:14.470 I/fusionconfd( 1578): ARP Success: received reply
04-08 22:20:16.654 I/fusionconfd( 1578): getDriverCountry ENTER
04-08 22:20:16.655 E/fusionconfd( 1578): getDriverCountry : SkinnyCat : WLAN get driver country PL
04-08 22:20:16.950 I/BatteryService( 2321): File node value is 250
04-08 22:20:16.950 E/BatteryService( 2321): healthInfoTemp is within the range (250)
04-08 22:20:22.073 I/BatteryService( 2321): File node value is 250
04-08 22:20:22.074 E/BatteryService( 2321): healthInfoTemp is within the range (250)
04-08 22:20:22.076 E/BatteryService( 2321): level : 100 / status : 5/Health : 2/Decommission : 0/error status : 0
04-08 22:20:27.193 I/BatteryService( 2321): File node value is 250
04-08 22:20:27.194 E/BatteryService( 2321): healthInfoTemp is within the range (250)
04-08 22:20:32.321 I/BatteryService( 2321): File node value is 260
04-08 22:20:32.321 E/BatteryService( 2321): healthInfoTemp is within the range (260)
04-08 22:20:32.323 E/BatteryService( 2321): level : 100 / status : 5/Health : 2/Decommission : 0/error status : 0
04-08 22:20:33.405 I/BatteryService( 2321): File node value is 260
04-08 22:20:33.405 E/BatteryService( 2321): healthInfoTemp is within the range (260)
04-08 22:20:37.432 I/BatteryService( 2321): File node value is 260
04-08 22:20:37.433 E/BatteryService( 2321): healthInfoTemp is within the range (260)
04-08 22:20:40.556 I/BatteryService( 2321): File node value is 260
04-08 22:20:40.556 E/BatteryService( 2321): healthInfoTemp is within the range (260)
04-08 22:20:40.557 E/BatteryService( 2321): level : 100 / status : 5/Health : 2/Decommission : 0/error status : 0
04-08 22:20:42.551 I/BatteryService( 2321): File node value is 260
04-08 22:20:42.552 E/BatteryService( 2321): healthInfoTemp is within the range (260)
04-08 22:20:42.554 E/BatteryService( 2321): level : 100 / status : 5/Health : 2/Decommission : 0/error status : 0
04-08 22:20:43.182 I/JobScheduler( 2321): bypass checkIfRestricted for JobStatus{9c78c6e #u0a55/999 com.symbol.fota/.jobservices.FotaReadyPeriodicService u=0 s=10055 TIME=+18h4m22s353ms:+1d18h4m22s353ms PERIODIC satisfied:0xb400000 unsatisfied:0x80000000}
04-08 22:20:43.182 I/JobScheduler( 2321): bypass checkIfRestricted for JobStatus{2a2817a #u0a52/21312 com.symbol.dataanalytics/androidx.work.impl.background.systemjob.SystemJobService u=0 s=10052 TIME=+2m30s45ms:none satisfied:0xb400000 unsatisfied:0x80000000}
04-08 22:20:43.183 I/JobScheduler( 2321): bypass checkIfRestricted for JobStatus{f8096 #u0a52/21311 com.symbol.dataanalytics/androidx.work.impl.background.systemjob.SystemJobService u=0 s=10052 TIME=+12m22s603ms:none satisfied:0xb400000 unsatisfied:0x80000000}
04-08 22:20:43.183 I/JobScheduler( 2321): bypass checkIfRestricted for JobStatus{4437dc2 #u0a52/21266 com.symbol.dataanalytics/androidx.work.impl.background.systemjob.SystemJobService u=0 s=10052 TIME=+37m50s157ms:none satisfied:0xb400000 unsatisfied:0x80000000}
04-08 22:20:43.183 I/JobScheduler( 2321): bypass checkIfRestricted for JobStatus{2dd0dd9 #u0a52/20960 com.symbol.dataanalytics/androidx.work.impl.background.systemjob.SystemJobService u=0 s=10052 TIME=+39s465ms:none satisfied:0xb400000 unsatisfied:0x80000000}
04-08 22:20:43.183 I/JobScheduler( 2321): bypass checkIfRestricted for JobStatus{f9840dd #u0a52/20955 com.symbol.dataanalytics/androidx.work.impl.background.systemjob.SystemJobService u=0 s=10052 TIME=+18h0m39s445ms:none satisfied:0xb400000 unsatisfied:0x80000000}
04-08 22:20:43.184 I/JobScheduler( 2321): bypass checkIfRestricted for JobStatus{83e0ccf #u0a52/20954 com.symbol.dataanalytics/androidx.work.impl.background.systemjob.SystemJobService u=0 s=10052 TIME=+13d17h59m56s712ms:none satisfied:0xb400000 unsatisfied:0x80000000}
04-08 22:20:43.192 I/fusionconfd( 1578): getVoiceCallState: returns 0
04-08 22:20:44.192 I/JobScheduler( 2321): bypass checkIfRestricted for JobStatus{9c78c6e #u0a55/999 com.symbol.fota/.jobservices.FotaReadyPeriodicService u=0 s=10055 TIME=+18h4m21s342ms:+1d18h4m21s342ms PERIODIC satisfied:0xb400000 unsatisfied:0x80000000}
04-08 22:20:44.193 I/JobScheduler( 2321): bypass checkIfRestricted for JobStatus{2a2817a #u0a52/21312 com.symbol.dataanalytics/androidx.work.impl.background.systemjob.SystemJobService u=0 s=10052 TIME=+2m29s34ms:none satisfied:0xb400000 unsatisfied:0x80000000}
04-08 22:20:44.193 I/JobScheduler( 2321): bypass checkIfRestricted for JobStatus{f8096 #u0a52/21311 com.symbol.dataanalytics/androidx.work.impl.background.systemjob.SystemJobService u=0 s=10052 TIME=+12m21s592ms:none satisfied:0xb400000 unsatisfied:0x80000000}
04-08 22:20:44.194 I/JobScheduler( 2321): bypass checkIfRestricted for JobStatus{4437dc2 #u0a52/21266 com.symbol.dataanalytics/androidx.work.impl.background.systemjob.SystemJobService u=0 s=10052 TIME=+37m49s146ms:none satisfied:0xb400000 unsatisfied:0x80000000}
04-08 22:20:44.194 I/JobScheduler( 2321): bypass checkIfRestricted for JobStatus{2dd0dd9 #u0a52/20960 com.symbol.dataanalytics/androidx.work.impl.background.systemjob.SystemJobService u=0 s=10052 TIME=+38s454ms:none satisfied:0xb400000 unsatisfied:0x80000000}
04-08 22:20:44.195 I/JobScheduler( 2321): bypass checkIfRestricted for JobStatus{f9840dd #u0a52/20955 com.symbol.dataanalytics/androidx.work.impl.background.systemjob.SystemJobService u=0 s=10052 TIME=+18h0m38s434ms:none satisfied:0xb400000 unsatisfied:0x80000000}
04-08 22:20:44.195 I/JobScheduler( 2321): bypass checkIfRestricted for JobStatus{83e0ccf #u0a52/20954 com.symbol.dataanalytics/androidx.work.impl.background.systemjob.SystemJobService u=0 s=10052 TIME=+13d17h59m55s700ms:none satisfied:0xb400000 unsatisfied:0x80000000}
04-08 22:20:44.203 I/Telecom ( 2321): DefaultDialerCache: Refreshing default dialer for user 0: now com.google.android.dialer: DDC.oR@CSg
04-08 22:20:46.757 I/fusionconfd( 1578): getDriverCountry ENTER
04-08 22:20:46.758 E/fusionconfd( 1578): getDriverCountry : SkinnyCat : WLAN get driver country PL
04-08 22:20:47.677 I/BatteryService( 2321): File node value is 260
04-08 22:20:47.677 E/BatteryService( 2321): healthInfoTemp is within the range (260)
04-08 22:20:47.679 E/BatteryService( 2321): level : 100 / status : 5/Health : 2/Decommission : 0/error status : 0
04-08 22:20:52.790 I/BatteryService( 2321): File node value is 260
04-08 22:20:52.791 E/BatteryService( 2321): healthInfoTemp is within the range (260)
04-08 22:20:52.793 E/BatteryService( 2321): level : 100 / status : 5/Health : 2/Decommission : 0/error status : 0
04-08 22:20:57.913 I/BatteryService( 2321): File node value is 260
04-08 22:20:57.913 E/BatteryService( 2321): healthInfoTemp is within the range (260)
04-08 22:21:03.033 I/BatteryService( 2321): File node value is 260
04-08 22:21:03.034 E/BatteryService( 2321): healthInfoTemp is within the range (260)
04-08 22:21:03.036 E/BatteryService( 2321): level : 100 / status : 5/Health : 2/Decommission : 0/error status : 0
04-08 22:21:08.153 I/BatteryService( 2321): File node value is 260
04-08 22:21:08.153 E/BatteryService( 2321): healthInfoTemp is within the range (260)
04-08 22:21:08.156 E/BatteryService( 2321): level : 100 / status : 5/Health : 2/Decommission : 0/error status : 0
04-08 22:21:13.231 I/JobScheduler( 2321): bypass checkIfRestricted for JobStatus{9c78c6e #u0a55/999 com.symbol.fota/.jobservices.FotaReadyPeriodicService u=0 s=10055 TIME=+18h3m52s304ms:+1d18h3m52s304ms PERIODIC satisfied:0xb400000 unsatisfied:0x80000000}
04-08 22:21:13.231 I/JobScheduler( 2321): bypass checkIfRestricted for JobStatus{2a2817a #u0a52/21312 com.symbol.dataanalytics/androidx.work.impl.background.systemjob.SystemJobService u=0 s=10052 TIME=+1m59s996ms:none satisfied:0xb400000 unsatisfied:0x80000000}
04-08 22:21:13.232 I/JobScheduler( 2321): bypass checkIfRestricted for JobStatus{f8096 #u0a52/21311 com.symbol.dataanalytics/androidx.work.impl.background.systemjob.SystemJobService u=0 s=10052 TIME=+11m52s554ms:none satisfied:0xb400000 unsatisfied:0x80000000}
04-08 22:21:13.232 I/JobScheduler( 2321): bypass checkIfRestricted for JobStatus{4437dc2 #u0a52/21266 com.symbol.dataanalytics/androidx.work.impl.background.systemjob.SystemJobService u=0 s=10052 TIME=+37m20s107ms:none satisfied:0xb400000 unsatisfied:0x80000000}
04-08 22:21:13.232 I/JobScheduler( 2321): bypass checkIfRestricted for JobStatus{2dd0dd9 #u0a52/20960 com.symbol.dataanalytics/androidx.work.impl.background.systemjob.SystemJobService u=0 s=10052 TIME=+9s416ms:none satisfied:0xb400000 unsatisfied:0x80000000}
04-08 22:21:13.233 I/JobScheduler( 2321): bypass checkIfRestricted for JobStatus{f9840dd #u0a52/20955 com.symbol.dataanalytics/androidx.work.impl.background.systemjob.SystemJobService u=0 s=10052 TIME=+18h0m9s396ms:none satisfied:0xb400000 unsatisfied:0x80000000}
04-08 22:21:13.233 I/JobScheduler( 2321): bypass checkIfRestricted for JobStatus{83e0ccf #u0a52/20954 com.symbol.dataanalytics/androidx.work.impl.background.systemjob.SystemJobService u=0 s=10052 TIME=+13d17h59m26s662ms:none satisfied:0xb400000 unsatisfied:0x80000000}
04-08 22:21:13.238 I/fusionconfd( 1578): getVoiceCallState: returns 0
04-08 22:21:13.269 I/BatteryService( 2321): File node value is 260
04-08 22:21:13.270 E/BatteryService( 2321): healthInfoTemp is within the range (260)
04-08 22:21:14.242 I/JobScheduler( 2321): bypass checkIfRestricted for JobStatus{9c78c6e #u0a55/999 com.symbol.fota/.jobservices.FotaReadyPeriodicService u=0 s=10055 TIME=+18h3m51s292ms:+1d18h3m51s292ms PERIODIC satisfied:0xb400000 unsatisfied:0x80000000}
04-08 22:21:14.243 I/JobScheduler( 2321): bypass checkIfRestricted for JobStatus{2a2817a #u0a52/21312 com.symbol.dataanalytics/androidx.work.impl.background.systemjob.SystemJobService u=0 s=10052 TIME=+1m58s985ms:none satisfied:0xb400000 unsatisfied:0x80000000}
04-08 22:21:14.243 I/JobScheduler( 2321): bypass checkIfRestricted for JobStatus{f8096 #u0a52/21311 com.symbol.dataanalytics/androidx.work.impl.background.systemjob.SystemJobService u=0 s=10052 TIME=+11m51s543ms:none satisfied:0xb400000 unsatisfied:0x80000000}
04-08 22:21:14.243 I/JobScheduler( 2321): bypass checkIfRestricted for JobStatus{4437dc2 #u0a52/21266 com.symbol.dataanalytics/androidx.work.impl.background.systemjob.SystemJobService u=0 s=10052 TIME=+37m19s97ms:none satisfied:0xb400000 unsatisfied:0x80000000}
04-08 22:21:14.243 I/JobScheduler( 2321): bypass checkIfRestricted for JobStatus{2dd0dd9 #u0a52/20960 com.symbol.dataanalytics/androidx.work.impl.background.systemjob.SystemJobService u=0 s=10052 TIME=+8s405ms:none satisfied:0xb400000 unsatisfied:0x80000000}
04-08 22:21:14.243 I/JobScheduler( 2321): bypass checkIfRestricted for JobStatus{f9840dd #u0a52/20955 com.symbol.dataanalytics/androidx.work.impl.background.systemjob.SystemJobService u=0 s=10052 TIME=+18h0m8s385ms:none satisfied:0xb400000 unsatisfied:0x80000000}
04-08 22:21:14.246 I/JobScheduler( 2321): bypass checkIfRestricted for JobStatus{83e0ccf #u0a52/20954 com.symbol.dataanalytics/androidx.work.impl.background.systemjob.SystemJobService u=0 s=10052 TIME=+13d17h59m25s649ms:none satisfied:0xb400000 unsatisfied:0x80000000}
04-08 22:21:14.265 I/Telecom ( 2321): DefaultDialerCache: Refreshing default dialer for user 0: now com.google.android.dialer: DDC.oR@CSk
04-08 22:21:15.544 I/fusionconfd( 1578): ARP Success: received reply
04-08 22:21:16.669 I/fusionconfd( 1578): getDriverCountry ENTER
04-08 22:21:16.670 E/fusionconfd( 1578): getDriverCountry : SkinnyCat : WLAN get driver country PL
04-08 22:21:18.395 I/BatteryService( 2321): File node value is 260
04-08 22:21:18.396 E/BatteryService( 2321): healthInfoTemp is within the range (260)
04-08 22:21:18.397 E/BatteryService( 2321): level : 100 / status : 5/Health : 2/Decommission : 0/error status : 0
04-08 22:21:22.651 I/JobScheduler( 2321): bypass checkIfRestricted for JobStatus{9c78c6e #u0a55/999 com.symbol.fota/.jobservices.FotaReadyPeriodicService u=0 s=10055 TIME=+18h3m42s884ms:+1d18h3m42s884ms PERIODIC satisfied:0xb400000 unsatisfied:0x80000000}
04-08 22:21:22.652 I/JobScheduler( 2321): bypass checkIfRestricted for JobStatus{2a2817a #u0a52/21312 com.symbol.dataanalytics/androidx.work.impl.background.systemjob.SystemJobService u=0 s=10052 TIME=+1m50s576ms:none satisfied:0xb400000 unsatisfied:0x80000000}
04-08 22:21:22.652 I/JobScheduler( 2321): bypass checkIfRestricted for JobStatus{f8096 #u0a52/21311 com.symbol.dataanalytics/androidx.work.impl.background.systemjob.SystemJobService u=0 s=10052 TIME=+11m43s133ms:none satisfied:0xb400000 unsatisfied:0x80000000}
04-08 22:21:22.653 I/JobScheduler( 2321): bypass checkIfRestricted for JobStatus{4437dc2 #u0a52/21266 com.symbol.dataanalytics/androidx.work.impl.background.systemjob.SystemJobService u=0 s=10052 TIME=+37m10s687ms:none satisfied:0xb400000 unsatisfied:0x80000000}
04-08 22:21:22.653 I/JobScheduler( 2321): bypass checkIfRestricted for JobStatus{f9840dd #u0a52/20955 com.symbol.dataanalytics/androidx.work.impl.background.systemjob.SystemJobService u=0 s=10052 TIME=+17h59m59s975ms:none satisfied:0xb400000 unsatisfied:0x80000000}
04-08 22:21:22.654 I/JobScheduler( 2321): bypass checkIfRestricted for JobStatus{83e0ccf #u0a52/20954 com.symbol.dataanalytics/androidx.work.impl.background.systemjob.SystemJobService u=0 s=10052 TIME=+13d17h59m17s241ms:none satisfied:0xb400000 unsatisfied:0x80000000}
04-08 22:21:22.656 I/JobScheduler( 2321): bypass checkIfRestricted for JobStatus{2dd0dd9 #u0a52/20960 com.symbol.dataanalytics/androidx.work.impl.background.systemjob.SystemJobService u=0 s=10052 TIME=-8ms:none READY}
04-08 22:21:23.515 I/BatteryService( 2321): File node value is 260
04-08 22:21:23.516 E/BatteryService( 2321): healthInfoTemp is within the range (260)
04-08 22:21:23.814 I/ProcessStatsService( 2321): Added stats: 2026-04-08-16-18-24, over +3h28m13s867ms
04-08 22:21:26.322 D/ActivityManager( 2321): sync unfroze 4052 com.zebra.zebracontentprovider
04-08 22:21:28.634 I/BatteryService( 2321): File node value is 260
04-08 22:21:28.635 E/BatteryService( 2321): healthInfoTemp is within the range (260)
04-08 22:21:33.405 I/BatteryService( 2321): File node value is 260
04-08 22:21:33.406 E/BatteryService( 2321): healthInfoTemp is within the range (260)
04-08 22:21:33.752 I/BatteryService( 2321): File node value is 260
04-08 22:21:33.753 E/BatteryService( 2321): healthInfoTemp is within the range (260)
04-08 22:21:33.756 E/BatteryService( 2321): level : 100 / status : 5/Health : 2/Decommission : 0/error status : 0
04-08 22:21:36.363 D/ActivityManager( 2321): freezing 11254 com.google.process.gservices
04-08 22:21:38.872 I/BatteryService( 2321): File node value is 260
04-08 22:21:38.873 E/BatteryService( 2321): healthInfoTemp is within the range (260)
04-08 22:21:38.876 E/BatteryService( 2321): level : 100 / status : 5/Health : 2/Decommission : 0/error status : 0
04-08 22:21:43.269 I/JobScheduler( 2321): bypass checkIfRestricted for JobStatus{9c78c6e #u0a55/999 com.symbol.fota/.jobservices.FotaReadyPeriodicService u=0 s=10055 TIME=+18h3m22s266ms:+1d18h3m22s266ms PERIODIC satisfied:0xb400000 unsatisfied:0x80000000}
04-08 22:21:43.269 I/JobScheduler( 2321): bypass checkIfRestricted for JobStatus{d968438 #u0a52/20960 com.symbol.dataanalytics/androidx.work.impl.background.systemjob.SystemJobService u=0 s=10052 TIME=+5h59m39s441ms:none satisfied:0xb400000 unsatisfied:0x80000000}
04-08 22:21:43.269 I/JobScheduler( 2321): bypass checkIfRestricted for JobStatus{2a2817a #u0a52/21312 com.symbol.dataanalytics/androidx.work.impl.background.systemjob.SystemJobService u=0 s=10052 TIME=+1m29s958ms:none satisfied:0xb400000 unsatisfied:0x80000000}
04-08 22:21:43.270 I/JobScheduler( 2321): bypass checkIfRestricted for JobStatus{f8096 #u0a52/21311 com.symbol.dataanalytics/androidx.work.impl.background.systemjob.SystemJobService u=0 s=10052 TIME=+11m22s516ms:none satisfied:0xb400000 unsatisfied:0x80000000}
04-08 22:21:43.270 I/JobScheduler( 2321): bypass checkIfRestricted for JobStatus{4437dc2 #u0a52/21266 com.symbol.dataanalytics/androidx.work.impl.background.systemjob.SystemJobService u=0 s=10052 TIME=+36m50s70ms:none satisfied:0xb400000 unsatisfied:0x80000000}
04-08 22:21:43.270 I/JobScheduler( 2321): bypass checkIfRestricted for JobStatus{f9840dd #u0a52/20955 com.symbol.dataanalytics/androidx.work.impl.background.systemjob.SystemJobService u=0 s=10052 TIME=+17h59m39s359ms:none satisfied:0xb400000 unsatisfied:0x80000000}
04-08 22:21:43.270 I/JobScheduler( 2321): bypass checkIfRestricted for JobStatus{83e0ccf #u0a52/20954 com.symbol.dataanalytics/androidx.work.impl.background.systemjob.SystemJobService u=0 s=10052 TIME=+13d17h58m56s625ms:none satisfied:0xb400000 unsatisfied:0x80000000}
04-08 22:21:43.274 I/fusionconfd( 1578): getVoiceCallState: returns 0
04-08 22:21:43.339 D/CompatibilityChangeReporter( 2321): Compat change id reported: 171306433; UID 10158; state: ENABLED
04-08 22:21:43.339 D/CompatibilityChangeReporter( 2321): Compat change id reported: 218533173; UID 10158; state: ENABLED
04-08 22:21:43.998 I/BatteryService( 2321): File node value is 260
04-08 22:21:43.998 E/BatteryService( 2321): healthInfoTemp is within the range (260)
04-08 22:21:44.000 E/BatteryService( 2321): level : 100 / status : 5/Health : 2/Decommission : 0/error status : 0
04-08 22:21:44.282 I/JobScheduler( 2321): bypass checkIfRestricted for JobStatus{9c78c6e #u0a55/999 com.symbol.fota/.jobservices.FotaReadyPeriodicService u=0 s=10055 TIME=+18h3m21s252ms:+1d18h3m21s252ms PERIODIC satisfied:0xb400000 unsatisfied:0x80000000}
04-08 22:21:44.290 I/JobScheduler( 2321): bypass checkIfRestricted for JobStatus{d968438 #u0a52/20960 com.symbol.dataanalytics/androidx.work.impl.background.systemjob.SystemJobService u=0 s=10052 TIME=+5h59m38s420ms:none satisfied:0xb400000 unsatisfied:0x80000000}
04-08 22:21:44.291 I/JobScheduler( 2321): bypass checkIfRestricted for JobStatus{2a2817a #u0a52/21312 com.symbol.dataanalytics/androidx.work.impl.background.systemjob.SystemJobService u=0 s=10052 TIME=+1m28s936ms:none satisfied:0xb400000 unsatisfied:0x80000000}
04-08 22:21:44.293 I/JobScheduler( 2321): bypass checkIfRestricted for JobStatus{f8096 #u0a52/21311 com.symbol.dataanalytics/androidx.work.impl.background.systemjob.SystemJobService u=0 s=10052 TIME=+11m21s492ms:none satisfied:0xb400000 unsatisfied:0x80000000}
04-08 22:21:44.295 I/JobScheduler( 2321): bypass checkIfRestricted for JobStatus{4437dc2 #u0a52/21266 com.symbol.dataanalytics/androidx.work.impl.background.systemjob.SystemJobService u=0 s=10052 TIME=+36m49s45ms:none satisfied:0xb400000 unsatisfied:0x80000000}
04-08 22:21:44.295 I/JobScheduler( 2321): bypass checkIfRestricted for JobStatus{f9840dd #u0a52/20955 com.symbol.dataanalytics/androidx.work.impl.background.systemjob.SystemJobService u=0 s=10052 TIME=+17h59m38s333ms:none satisfied:0xb400000 unsatisfied:0x80000000}
04-08 22:21:44.296 I/JobScheduler( 2321): bypass checkIfRestricted for JobStatus{83e0ccf #u0a52/20954 com.symbol.dataanalytics/androidx.work.impl.background.systemjob.SystemJobService u=0 s=10052 TIME=+13d17h58m55s600ms:none satisfied:0xb400000 unsatisfied:0x80000000}
04-08 22:21:44.302 I/Telecom ( 2321): DefaultDialerCache: Refreshing default dialer for user 0: now com.google.android.dialer: DDC.oR@CSo
04-08 22:21:44.344 I/BatteryService( 2321): File node value is 260
04-08 22:21:44.344 E/BatteryService( 2321): healthInfoTemp is within the range (260)
04-08 22:21:44.345 E/BatteryService( 2321): level : 100 / status : 5/Health : 2/Decommission : 0/error status : 0
04-08 22:21:46.745 I/fusionconfd( 1578): getDriverCountry ENTER
04-08 22:21:46.746 E/fusionconfd( 1578): getDriverCountry : SkinnyCat : WLAN get driver country PL
04-08 22:21:49.114 I/BatteryService( 2321): File node value is 260
04-08 22:21:49.114 E/BatteryService( 2321): healthInfoTemp is within the range (260)
04-08 22:21:49.116 E/BatteryService( 2321): level : 100 / status : 5/Health : 2/Decommission : 0/error status : 0
04-08 22:21:50.476 I/fusionconfd( 1578): ARP Success: received reply
04-08 22:21:50.505 I/wificond( 1567): Received external scan result notification from kernel.
04-08 22:21:54.224 I/BatteryService( 2321): File node value is 260
04-08 22:21:54.224 E/BatteryService( 2321): healthInfoTemp is within the range (260)
04-08 22:21:59.350 I/BatteryService( 2321): File node value is 260
04-08 22:21:59.351 E/BatteryService( 2321): healthInfoTemp is within the range (260)
04-08 22:22:04.465 I/BatteryService( 2321): File node value is 260
04-08 22:22:04.465 E/BatteryService( 2321): healthInfoTemp is within the range (260)
04-08 22:22:04.466 E/BatteryService( 2321): level : 100 / status : 5/Health : 2/Decommission : 0/error status : 0
04-08 22:22:09.595 I/BatteryService( 2321): File node value is 260
04-08 22:22:09.596 E/BatteryService( 2321): healthInfoTemp is within the range (260)
04-08 22:22:09.598 E/BatteryService( 2321): level : 100 / status : 5/Health : 2/Decommission : 0/error status : 0
04-08 22:22:11.495 I/fusionconfd( 1578): ARP Success: received reply
04-08 22:22:11.521 I/wificond( 1567): Received external scan result notification from kernel.
04-08 22:22:13.317 I/JobScheduler( 2321): bypass checkIfRestricted for JobStatus{9c78c6e #u0a55/999 com.symbol.fota/.jobservices.FotaReadyPeriodicService u=0 s=10055 TIME=+18h2m52s218ms:+1d18h2m52s218ms PERIODIC satisfied:0xb400000 unsatisfied:0x80000000}
04-08 22:22:13.317 I/JobScheduler( 2321): bypass checkIfRestricted for JobStatus{d968438 #u0a52/20960 com.symbol.dataanalytics/androidx.work.impl.background.systemjob.SystemJobService u=0 s=10052 TIME=+5h59m9s393ms:none satisfied:0xb400000 unsatisfied:0x80000000}
04-08 22:22:13.318 I/JobScheduler( 2321): bypass checkIfRestricted for JobStatus{2a2817a #u0a52/21312 com.symbol.dataanalytics/androidx.work.impl.background.systemjob.SystemJobService u=0 s=10052 TIME=+59s910ms:none satisfied:0xb400000 unsatisfied:0x80000000}
04-08 22:22:13.318 I/JobScheduler( 2321): bypass checkIfRestricted for JobStatus{f8096 #u0a52/21311 com.symbol.dataanalytics/androidx.work.impl.background.systemjob.SystemJobService u=0 s=10052 TIME=+10m52s468ms:none satisfied:0xb400000 unsatisfied:0x80000000}
04-08 22:22:13.318 I/JobScheduler( 2321): bypass checkIfRestricted for JobStatus{4437dc2 #u0a52/21266 com.symbol.dataanalytics/androidx.work.impl.background.systemjob.SystemJobService u=0 s=10052 TIME=+36m20s21ms:none satisfied:0xb400000 unsatisfied:0x80000000}
04-08 22:22:13.318 I/JobScheduler( 2321): bypass checkIfRestricted for JobStatus{f9840dd #u0a52/20955 com.symbol.dataanalytics/androidx.work.impl.background.systemjob.SystemJobService u=0 s=10052 TIME=+17h59m9s310ms:none satisfied:0xb400000 unsatisfied:0x80000000}
04-08 22:22:13.319 I/JobScheduler( 2321): bypass checkIfRestricted for JobStatus{83e0ccf #u0a52/20954 com.symbol.dataanalytics/androidx.work.impl.background.systemjob.SystemJobService u=0 s=10052 TIME=+13d17h58m26s577ms:none satisfied:0xb400000 unsatisfied:0x80000000}
04-08 22:22:13.327 I/fusionconfd( 1578): getVoiceCallState: returns 0
04-08 22:22:14.320 I/JobScheduler( 2321): bypass checkIfRestricted for JobStatus{9c78c6e #u0a55/999 com.symbol.fota/.jobservices.FotaReadyPeriodicService u=0 s=10055 TIME=+18h2m51s215ms:+1d18h2m51s215ms PERIODIC satisfied:0xb400000 unsatisfied:0x80000000}
04-08 22:22:14.332 I/JobScheduler( 2321): bypass checkIfRestricted for JobStatus{d968438 #u0a52/20960 com.symbol.dataanalytics/androidx.work.impl.background.systemjob.SystemJobService u=0 s=10052 TIME=+5h59m8s380ms:none satisfied:0xb400000 unsatisfied:0x80000000}
04-08 22:22:14.332 I/JobScheduler( 2321): bypass checkIfRestricted for JobStatus{2a2817a #u0a52/21312 com.symbol.dataanalytics/androidx.work.impl.background.systemjob.SystemJobService u=0 s=10052 TIME=+58s896ms:none satisfied:0xb400000 unsatisfied:0x80000000}
04-08 22:22:14.332 I/JobScheduler( 2321): bypass checkIfRestricted for JobStatus{f8096 #u0a52/21311 com.symbol.dataanalytics/androidx.work.impl.background.systemjob.SystemJobService u=0 s=10052 TIME=+10m51s453ms:none satisfied:0xb400000 unsatisfied:0x80000000}
04-08 22:22:14.332 I/JobScheduler( 2321): bypass checkIfRestricted for JobStatus{4437dc2 #u0a52/21266 com.symbol.dataanalytics/androidx.work.impl.background.systemjob.SystemJobService u=0 s=10052 TIME=+36m19s7ms:none satisfied:0xb400000 unsatisfied:0x80000000}
04-08 22:22:14.333 I/JobScheduler( 2321): bypass checkIfRestricted for JobStatus{f9840dd #u0a52/20955 com.symbol.dataanalytics/androidx.work.impl.background.systemjob.SystemJobService u=0 s=10052 TIME=+17h59m8s296ms:none satisfied:0xb400000 unsatisfied:0x80000000}
04-08 22:22:14.333 I/JobScheduler( 2321): bypass checkIfRestricted for JobStatus{83e0ccf #u0a52/20954 com.symbol.dataanalytics/androidx.work.impl.background.systemjob.SystemJobService u=0 s=10052 TIME=+13d17h58m25s562ms:none satisfied:0xb400000 unsatisfied:0x80000000}
04-08 22:22:14.338 I/Telecom ( 2321): DefaultDialerCache: Refreshing default dialer for user 0: now com.google.android.dialer: DDC.oR@CSs
04-08 22:22:14.716 I/BatteryService( 2321): File node value is 260
04-08 22:22:14.718 E/BatteryService( 2321): healthInfoTemp is within the range (260)
04-08 22:22:14.720 E/BatteryService( 2321): level : 100 / status : 5/Health : 2/Decommission : 0/error status : 0
04-08 22:22:16.873 I/fusionconfd( 1578): getDriverCountry ENTER
04-08 22:22:16.874 E/fusionconfd( 1578): getDriverCountry : SkinnyCat : WLAN get driver country PL
04-08 22:22:19.835 I/BatteryService( 2321): File node value is 260
04-08 22:22:19.835 E/BatteryService( 2321): healthInfoTemp is within the range (260)
04-08 22:22:19.837 E/BatteryService( 2321): level : 100 / status : 5/Health : 2/Decommission : 0/error status : 0
04-08 22:22:24.957 I/BatteryService( 2321): File node value is 260
04-08 22:22:24.958 E/BatteryService( 2321): healthInfoTemp is within the range (260)
04-08 22:22:24.959 E/BatteryService( 2321): level : 100 / status : 5/Health : 2/Decommission : 0/error status : 0
04-08 22:22:30.081 I/BatteryService( 2321): File node value is 260
04-08 22:22:30.081 E/BatteryService( 2321): healthInfoTemp is within the range (260)
04-08 22:22:30.083 E/BatteryService( 2321): level : 100 / status : 5/Health : 2/Decommission : 0/error status : 0
04-08 22:22:33.074 W/BroadcastQueue( 2321): Background execution not allowed: receiving Intent { act=android.net.wifi.RSSI_CHANGED flg=0x4000010 (has extras) } to net.soti.mobicontrol.androidwork/net.soti.mobicontrol.broadcastreceiver.DelayedBroadcastReceiver
04-08 22:22:33.400 I/BatteryService( 2321): File node value is 260
04-08 22:22:33.400 E/BatteryService( 2321): healthInfoTemp is within the range (260)
04-08 22:22:35.192 I/BatteryService( 2321): File node value is 260
04-08 22:22:35.192 E/BatteryService( 2321): healthInfoTemp is within the range (260)
04-08 22:22:35.194 E/BatteryService( 2321): level : 100 / status : 5/Health : 2/Decommission : 0/error status : 0
04-08 22:22:39.122 W/BroadcastQueue( 2321): Background execution not allowed: receiving Intent { act=android.net.wifi.RSSI_CHANGED flg=0x4000010 (has extras) } to net.soti.mobicontrol.androidwork/net.soti.mobicontrol.broadcastreceiver.DelayedBroadcastReceiver
04-08 22:22:40.310 I/BatteryService( 2321): File node value is 260
04-08 22:22:40.311 E/BatteryService( 2321): healthInfoTemp is within the range (260)
04-08 22:22:43.360 I/JobScheduler( 2321): bypass checkIfRestricted for JobStatus{9c78c6e #u0a55/999 com.symbol.fota/.jobservices.FotaReadyPeriodicService u=0 s=10055 TIME=+18h2m22s174ms:+1d18h2m22s174ms PERIODIC satisfied:0xb400000 unsatisfied:0x80000000}
04-08 22:22:43.361 I/JobScheduler( 2321): bypass checkIfRestricted for JobStatus{d968438 #u0a52/20960 com.symbol.dataanalytics/androidx.work.impl.background.systemjob.SystemJobService u=0 s=10052 TIME=+5h58m39s349ms:none satisfied:0xb400000 unsatisfied:0x80000000}
04-08 22:22:43.361 I/JobScheduler( 2321): bypass checkIfRestricted for JobStatus{2a2817a #u0a52/21312 com.symbol.dataanalytics/androidx.work.impl.background.systemjob.SystemJobService u=0 s=10052 TIME=+29s866ms:none satisfied:0xb400000 unsatisfied:0x80000000}
04-08 22:22:43.361 I/JobScheduler( 2321): bypass checkIfRestricted for JobStatus{f8096 #u0a52/21311 com.symbol.dataanalytics/androidx.work.impl.background.systemjob.SystemJobService u=0 s=10052 TIME=+10m22s424ms:none satisfied:0xb400000 unsatisfied:0x80000000}
04-08 22:22:43.362 I/JobScheduler( 2321): bypass checkIfRestricted for JobStatus{4437dc2 #u0a52/21266 com.symbol.dataanalytics/androidx.work.impl.background.systemjob.SystemJobService u=0 s=10052 TIME=+35m49s978ms:none satisfied:0xb400000 unsatisfied:0x80000000}
04-08 22:22:43.362 I/JobScheduler( 2321): bypass checkIfRestricted for JobStatus{f9840dd #u0a52/20955 com.symbol.dataanalytics/androidx.work.impl.background.systemjob.SystemJobService u=0 s=10052 TIME=+17h58m39s266ms:none satisfied:0xb400000 unsatisfied:0x80000000}
04-08 22:22:43.363 I/JobScheduler( 2321): bypass checkIfRestricted for JobStatus{83e0ccf #u0a52/20954 com.symbol.dataanalytics/androidx.work.impl.background.systemjob.SystemJobService u=0 s=10052 TIME=+13d17h57m56s533ms:none satisfied:0xb400000 unsatisfied:0x80000000}
04-08 22:22:43.367 I/fusionconfd( 1578): getVoiceCallState: returns 0
04-08 22:22:44.379 I/JobScheduler( 2321): bypass checkIfRestricted for JobStatus{9c78c6e #u0a55/999 com.symbol.fota/.jobservices.FotaReadyPeriodicService u=0 s=10055 TIME=+18h2m21s156ms:+1d18h2m21s156ms PERIODIC satisfied:0xb400000 unsatisfied:0x80000000}
04-08 22:22:44.379 I/JobScheduler( 2321): bypass checkIfRestricted for JobStatus{d968438 #u0a52/20960 com.symbol.dataanalytics/androidx.work.impl.background.systemjob.SystemJobService u=0 s=10052 TIME=+5h58m38s331ms:none satisfied:0xb400000 unsatisfied:0x80000000}
04-08 22:22:44.379 I/JobScheduler( 2321): bypass checkIfRestricted for JobStatus{2a2817a #u0a52/21312 com.symbol.dataanalytics/androidx.work.impl.background.systemjob.SystemJobService u=0 s=10052 TIME=+28s848ms:none satisfied:0xb400000 unsatisfied:0x80000000}
04-08 22:22:44.380 I/JobScheduler( 2321): bypass checkIfRestricted for JobStatus{f8096 #u0a52/21311 com.symbol.dataanalytics/androidx.work.impl.background.systemjob.SystemJobService u=0 s=10052 TIME=+10m21s406ms:none satisfied:0xb400000 unsatisfied:0x80000000}
04-08 22:22:44.381 I/JobScheduler( 2321): bypass checkIfRestricted for JobStatus{4437dc2 #u0a52/21266 com.symbol.dataanalytics/androidx.work.impl.background.systemjob.SystemJobService u=0 s=10052 TIME=+35m48s959ms:none satisfied:0xb400000 unsatisfied:0x80000000}
04-08 22:22:44.381 I/JobScheduler( 2321): bypass checkIfRestricted for JobStatus{f9840dd #u0a52/20955 com.symbol.dataanalytics/androidx.work.impl.background.systemjob.SystemJobService u=0 s=10052 TIME=+17h58m38s247ms:none satisfied:0xb400000 unsatisfied:0x80000000}
04-08 22:22:44.382 I/JobScheduler( 2321): bypass checkIfRestricted for JobStatus{83e0ccf #u0a52/20954 com.symbol.dataanalytics/androidx.work.impl.background.systemjob.SystemJobService u=0 s=10052 TIME=+13d17h57m55s514ms:none satisfied:0xb400000 unsatisfied:0x80000000}
04-08 22:22:44.391 I/Telecom ( 2321): DefaultDialerCache: Refreshing default dialer for user 0: now com.google.android.dialer: DDC.oR@CSw
04-08 22:22:45.440 I/BatteryService( 2321): File node value is 260
04-08 22:22:45.440 E/BatteryService( 2321): healthInfoTemp is within the range (260)
04-08 22:22:46.844 I/fusionconfd( 1578): getDriverCountry ENTER
04-08 22:22:46.845 E/fusionconfd( 1578): getDriverCountry : SkinnyCat : WLAN get driver country PL
