04-08 22:27:44.601 D/WindowManager( 2321): mLastFocusedWindow: Window{3a702b0 u0 com.ok.inv/com.example.inventoryapp.ui.main.MainActivity EXITING}
04-08 22:27:44.601 D/WindowManager( 2321): mLastFocusIsImmersiveAndFullscreen: false
04-08 22:27:44.601 D/WindowManager( 2321): mLastWindowClosed: null
04-08 22:27:44.602 D/WindowManager( 2321): DP::updateSystemBarAttributes called
04-08 22:27:44.602 D/WindowManager( 2321): DP::::updateSystemBarAttributes displayId: 0
04-08 22:27:44.607 V/WindowManager( 2321): Unknown focus tokens, dropping reportFocusChanged
04-08 22:27:44.608 D/WindowManager( 2321): layoutWindowLw currenttaskBarInDb-- 0
04-08 22:27:44.609 D/WindowManager( 2321): layoutWindowLw currenttaskBarInDb-- 0
04-08 22:27:44.612 D/WindowManager( 2321): layoutWindowLw currenttaskBarInDb-- 0
04-08 22:27:44.615 D/WindowManager( 2321): layoutWindowLw currenttaskBarInDb-- 0
04-08 22:27:44.615 D/WindowManager( 2321): DP::updateSystemBarAttributes called
04-08 22:27:44.615 D/WindowManager( 2321): DP::::updateSystemBarAttributes displayId: 0
04-08 22:27:44.621 D/WindowManager( 2321): DP::updateSystemBarAttributes called
04-08 22:27:44.622 D/WindowManager( 2321): DP::::updateSystemBarAttributes displayId: 0
04-08 22:27:44.657 D/WindowManager( 2321): DP::updateSystemBarAttributes called
04-08 22:27:44.657 D/WindowManager( 2321): DP::::updateSystemBarAttributes displayId: 0
04-08 22:27:44.794 I/WindowManager( 2321): removeWindowLw called: com.ok.inv
04-08 22:27:44.794 D/WindowManager( 2321): removewindowlw package --com.ok.inv mState--RESUMED
04-08 22:27:44.794 D/WindowManager( 2321): layoutWindowLw currenttaskBarInDb-- 0
04-08 22:27:44.794 D/WindowManager( 2321): layoutWindowLw currenttaskBarInDb-- 0
04-08 22:27:44.795 D/WindowManager( 2321): layoutWindowLw currenttaskBarInDb-- 0
04-08 22:27:44.795 D/WindowManager( 2321): DP::updateSystemBarAttributes called
04-08 22:27:44.795 D/WindowManager( 2321): DP::::updateSystemBarAttributes displayId: 0
04-08 22:27:44.810 D/WindowManager( 2321): DP::updateSystemBarAttributes called
04-08 22:27:44.810 D/WindowManager( 2321): DP::::updateSystemBarAttributes displayId: 0
04-08 22:27:47.006 I/fusionconfd( 1578): getDriverCountry ENTER
04-08 22:27:47.007 E/fusionconfd( 1578): getDriverCountry : SkinnyCat : WLAN get driver country PL
04-08 22:27:47.513 I/BatteryService( 2321): File node value is 260
04-08 22:27:47.514 E/BatteryService( 2321): healthInfoTemp is within the range (260)
04-08 22:27:47.516 E/BatteryService( 2321): level : 100 / status : 5/Health : 2/Decommission : 0/error status : 0
04-08 22:27:48.408 D/WindowManager( 2321): layoutWindowLw currenttaskBarInDb-- 0
04-08 22:27:48.411 D/WindowManager( 2321): layoutWindowLw currenttaskBarInDb-- 0
04-08 22:27:48.412 D/WindowManager( 2321): layoutWindowLw currenttaskBarInDb-- 0
04-08 22:27:48.413 D/WindowManager( 2321): DP::updateSystemBarAttributes called
04-08 22:27:48.413 D/WindowManager( 2321): DP::::updateSystemBarAttributes displayId: 0
04-08 22:27:50.470 I/fusionconfd( 1578): ARP Success: received reply
04-08 22:27:50.501 I/wificond( 1567): Received external scan result notification from kernel.
04-08 22:27:52.631 I/BatteryService( 2321): File node value is 260
04-08 22:27:52.631 E/BatteryService( 2321): healthInfoTemp is within the range (260)
04-08 22:27:55.313 W/BroadcastQueue( 2321): Background execution not allowed: receiving Intent { act=android.intent.action.SIG_STR flg=0x10 (has extras) } to net.soti.mobicontrol.androidwork/net.soti.mobicontrol.broadcastreceiver.DelayedBroadcastReceiver
04-08 22:27:57.755 I/BatteryService( 2321): File node value is 260
04-08 22:27:57.755 E/BatteryService( 2321): healthInfoTemp is within the range (260)
04-08 22:28:02.877 I/BatteryService( 2321): File node value is 260
04-08 22:28:02.878 E/BatteryService( 2321): healthInfoTemp is within the range (260)
04-08 22:28:07.039 I/BatteryService( 2321): File node value is 270
04-08 22:28:07.039 E/BatteryService( 2321): healthInfoTemp is within the range (270)
04-08 22:28:07.041 E/BatteryService( 2321): level : 100 / status : 5/Health : 2/Decommission : 0/error status : 0
04-08 22:28:07.996 I/BatteryService( 2321): File node value is 270
04-08 22:28:07.996 E/BatteryService( 2321): healthInfoTemp is within the range (270)
04-08 22:28:08.056 I/JobScheduler( 2321): bypass checkIfRestricted for JobStatus{9c78c6e #u0a55/999 com.symbol.fota/.jobservices.FotaReadyPeriodicService u=0 s=10055 TIME=+17h56m57s479ms:+1d17h56m57s479ms PERIODIC satisfied:0xb400000 unsatisfied:0x80000000}
04-08 22:28:08.056 I/JobScheduler( 2321): bypass checkIfRestricted for JobStatus{6e30236 #u0a52/21313 com.symbol.dataanalytics/androidx.work.impl.background.systemjob.SystemJobService u=0 s=10052 TIME=+6s218ms:none satisfied:0xb400000 unsatisfied:0x80000000}
04-08 22:28:08.056 I/JobScheduler( 2321): bypass checkIfRestricted for JobStatus{d968438 #u0a52/20960 com.symbol.dataanalytics/androidx.work.impl.background.systemjob.SystemJobService u=0 s=10052 TIME=+5h53m14s654ms:none satisfied:0xb400000 unsatisfied:0x80000000}
04-08 22:28:08.056 I/JobScheduler( 2321): bypass checkIfRestricted for JobStatus{f8096 #u0a52/21311 com.symbol.dataanalytics/androidx.work.impl.background.systemjob.SystemJobService u=0 s=10052 TIME=+4m57s729ms:none satisfied:0xb400000 unsatisfied:0x80000000}
04-08 22:28:08.056 I/JobScheduler( 2321): bypass checkIfRestricted for JobStatus{4437dc2 #u0a52/21266 com.symbol.dataanalytics/androidx.work.impl.background.systemjob.SystemJobService u=0 s=10052 TIME=+30m25s283ms:none satisfied:0xb400000 unsatisfied:0x80000000}
04-08 22:28:08.057 I/JobScheduler( 2321): bypass checkIfRestricted for JobStatus{f9840dd #u0a52/20955 com.symbol.dataanalytics/androidx.work.impl.background.systemjob.SystemJobService u=0 s=10052 TIME=+17h53m14s572ms:none satisfied:0xb400000 unsatisfied:0x80000000}
04-08 22:28:08.057 I/JobScheduler( 2321): bypass checkIfRestricted for JobStatus{83e0ccf #u0a52/20954 com.symbol.dataanalytics/androidx.work.impl.background.systemjob.SystemJobService u=0 s=10052 TIME=+13d17h52m31s838ms:none satisfied:0xb400000 unsatisfied:0x80000000}
04-08 22:28:08.065 I/fusionconfd( 1578): getDriverCountry ENTER
04-08 22:28:08.066 E/fusionconfd( 1578): getDriverCountry : SkinnyCat : WLAN get driver country PL
04-08 22:28:08.070 I/fusionconfd( 1578): getDriverCountry ENTER
04-08 22:28:08.070 E/fusionconfd( 1578): getDriverCountry : SkinnyCat : WLAN get driver country PL
04-08 22:28:13.081 I/JobScheduler( 2321): bypass checkIfRestricted for JobStatus{9c78c6e #u0a55/999 com.symbol.fota/.jobservices.FotaReadyPeriodicService u=0 s=10055 TIME=+17h56m52s453ms:+1d17h56m52s453ms PERIODIC satisfied:0xb400000 unsatisfied:0x80000000}
04-08 22:28:13.081 I/JobScheduler( 2321): bypass checkIfRestricted for JobStatus{6e30236 #u0a52/21313 com.symbol.dataanalytics/androidx.work.impl.background.systemjob.SystemJobService u=0 s=10052 TIME=+1s193ms:none satisfied:0xb400000 unsatisfied:0x80000000}
04-08 22:28:13.082 I/JobScheduler( 2321): bypass checkIfRestricted for JobStatus{d968438 #u0a52/20960 com.symbol.dataanalytics/androidx.work.impl.background.systemjob.SystemJobService u=0 s=10052 TIME=+5h53m9s629ms:none satisfied:0xb400000 unsatisfied:0x80000000}
04-08 22:28:13.082 I/JobScheduler( 2321): bypass checkIfRestricted for JobStatus{f8096 #u0a52/21311 com.symbol.dataanalytics/androidx.work.impl.background.systemjob.SystemJobService u=0 s=10052 TIME=+4m52s704ms:none satisfied:0xb400000 unsatisfied:0x80000000}
04-08 22:28:13.082 I/JobScheduler( 2321): bypass checkIfRestricted for JobStatus{4437dc2 #u0a52/21266 com.symbol.dataanalytics/androidx.work.impl.background.systemjob.SystemJobService u=0 s=10052 TIME=+30m20s258ms:none satisfied:0xb400000 unsatisfied:0x80000000}
04-08 22:28:13.082 I/JobScheduler( 2321): bypass checkIfRestricted for JobStatus{f9840dd #u0a52/20955 com.symbol.dataanalytics/androidx.work.impl.background.systemjob.SystemJobService u=0 s=10052 TIME=+17h53m9s546ms:none satisfied:0xb400000 unsatisfied:0x80000000}
04-08 22:28:13.083 I/JobScheduler( 2321): bypass checkIfRestricted for JobStatus{83e0ccf #u0a52/20954 com.symbol.dataanalytics/androidx.work.impl.background.systemjob.SystemJobService u=0 s=10052 TIME=+13d17h52m26s813ms:none satisfied:0xb400000 unsatisfied:0x80000000}
04-08 22:28:13.091 W/AlarmManager( 2321): Window length 5000ms too short; expanding to 600000ms.
04-08 22:28:13.123 W/AlarmManager( 2321): Window length 5000ms too short; expanding to 225000ms.
04-08 22:28:13.124 I/fusionconfd( 1578): getVoiceCallState: returns 0
04-08 22:28:13.879 I/BatteryService( 2321): File node value is 270
04-08 22:28:13.879 E/BatteryService( 2321): healthInfoTemp is within the range (270)
04-08 22:28:14.122 I/JobScheduler( 2321): bypass checkIfRestricted for JobStatus{9c78c6e #u0a55/999 com.symbol.fota/.jobservices.FotaReadyPeriodicService u=0 s=10055 TIME=+17h56m51s412ms:+1d17h56m51s412ms PERIODIC satisfied:0xb400000 unsatisfied:0x80000000}
04-08 22:28:14.123 I/JobScheduler( 2321): bypass checkIfRestricted for JobStatus{6e30236 #u0a52/21313 com.symbol.dataanalytics/androidx.work.impl.background.systemjob.SystemJobService u=0 s=10052 TIME=+152ms:none satisfied:0xb400000 unsatisfied:0x80000000}
04-08 22:28:14.123 I/JobScheduler( 2321): bypass checkIfRestricted for JobStatus{d968438 #u0a52/20960 com.symbol.dataanalytics/androidx.work.impl.background.systemjob.SystemJobService u=0 s=10052 TIME=+5h53m8s587ms:none satisfied:0xb400000 unsatisfied:0x80000000}
04-08 22:28:14.124 I/JobScheduler( 2321): bypass checkIfRestricted for JobStatus{f8096 #u0a52/21311 com.symbol.dataanalytics/androidx.work.impl.background.systemjob.SystemJobService u=0 s=10052 TIME=+4m51s662ms:none satisfied:0xb400000 unsatisfied:0x80000000}
04-08 22:28:14.124 I/JobScheduler( 2321): bypass checkIfRestricted for JobStatus{4437dc2 #u0a52/21266 com.symbol.dataanalytics/androidx.work.impl.background.systemjob.SystemJobService u=0 s=10052 TIME=+30m19s215ms:none satisfied:0xb400000 unsatisfied:0x80000000}
04-08 22:28:14.125 I/JobScheduler( 2321): bypass checkIfRestricted for JobStatus{f9840dd #u0a52/20955 com.symbol.dataanalytics/androidx.work.impl.background.systemjob.SystemJobService u=0 s=10052 TIME=+17h53m8s504ms:none satisfied:0xb400000 unsatisfied:0x80000000}
04-08 22:28:14.125 I/JobScheduler( 2321): bypass checkIfRestricted for JobStatus{83e0ccf #u0a52/20954 com.symbol.dataanalytics/androidx.work.impl.background.systemjob.SystemJobService u=0 s=10052 TIME=+13d17h52m25s770ms:none satisfied:0xb400000 unsatisfied:0x80000000}
04-08 22:28:14.146 I/Telecom ( 2321): DefaultDialerCache: Refreshing default dialer for user 0: now com.google.android.dialer: DDC.oR@CTc
04-08 22:28:14.289 I/JobScheduler( 2321): bypass checkIfRestricted for JobStatus{9c78c6e #u0a55/999 com.symbol.fota/.jobservices.FotaReadyPeriodicService u=0 s=10055 TIME=+17h56m51s246ms:+1d17h56m51s246ms PERIODIC satisfied:0xb400000 unsatisfied:0x80000000}
04-08 22:28:14.289 I/JobScheduler( 2321): bypass checkIfRestricted for JobStatus{d968438 #u0a52/20960 com.symbol.dataanalytics/androidx.work.impl.background.systemjob.SystemJobService u=0 s=10052 TIME=+5h53m8s422ms:none satisfied:0xb400000 unsatisfied:0x80000000}
04-08 22:28:14.289 I/JobScheduler( 2321): bypass checkIfRestricted for JobStatus{f8096 #u0a52/21311 com.symbol.dataanalytics/androidx.work.impl.background.systemjob.SystemJobService u=0 s=10052 TIME=+4m51s496ms:none satisfied:0xb400000 unsatisfied:0x80000000}
04-08 22:28:14.289 I/JobScheduler( 2321): bypass checkIfRestricted for JobStatus{4437dc2 #u0a52/21266 com.symbol.dataanalytics/androidx.work.impl.background.systemjob.SystemJobService u=0 s=10052 TIME=+30m19s50ms:none satisfied:0xb400000 unsatisfied:0x80000000}
04-08 22:28:14.289 I/JobScheduler( 2321): bypass checkIfRestricted for JobStatus{f9840dd #u0a52/20955 com.symbol.dataanalytics/androidx.work.impl.background.systemjob.SystemJobService u=0 s=10052 TIME=+17h53m8s339ms:none satisfied:0xb400000 unsatisfied:0x80000000}
04-08 22:28:14.291 I/JobScheduler( 2321): bypass checkIfRestricted for JobStatus{83e0ccf #u0a52/20954 com.symbol.dataanalytics/androidx.work.impl.background.systemjob.SystemJobService u=0 s=10052 TIME=+13d17h52m25s605ms:none satisfied:0xb400000 unsatisfied:0x80000000}
04-08 22:28:16.375 I/fusionconfd( 1578): getDriverCountry ENTER
04-08 22:28:16.376 E/fusionconfd( 1578): getDriverCountry : SkinnyCat : WLAN get driver country PL
04-08 22:28:19.003 I/BatteryService( 2321): File node value is 270
04-08 22:28:19.004 E/BatteryService( 2321): healthInfoTemp is within the range (270)
04-08 22:28:24.120 I/BatteryService( 2321): File node value is 270
04-08 22:28:24.121 E/BatteryService( 2321): healthInfoTemp is within the range (270)
04-08 22:28:29.242 I/BatteryService( 2321): File node value is 270
04-08 22:28:29.242 E/BatteryService( 2321): healthInfoTemp is within the range (270)
04-08 22:28:29.245 E/BatteryService( 2321): level : 100 / status : 5/Health : 2/Decommission : 0/error status : 0
04-08 22:28:29.434 D/ActivityManager( 2321): freezing 12241 com.google.android.apps.restore
04-08 22:28:33.404 I/BatteryService( 2321): File node value is 270
04-08 22:28:33.404 E/BatteryService( 2321): healthInfoTemp is within the range (270)
04-08 22:28:34.352 I/BatteryService( 2321): File node value is 270
04-08 22:28:34.352 E/BatteryService( 2321): healthInfoTemp is within the range (270)
04-08 22:28:39.476 I/BatteryService( 2321): File node value is 270
04-08 22:28:39.477 E/BatteryService( 2321): healthInfoTemp is within the range (270)
04-08 22:28:43.158 I/JobScheduler( 2321): bypass checkIfRestricted for JobStatus{9c78c6e #u0a55/999 com.symbol.fota/.jobservices.FotaReadyPeriodicService u=0 s=10055 TIME=+17h56m22s377ms:+1d17h56m22s377ms PERIODIC satisfied:0xb400000 unsatisfied:0x80000000}
04-08 22:28:43.158 I/JobScheduler( 2321): bypass checkIfRestricted for JobStatus{3f35474 #u0a52/21314 com.symbol.dataanalytics/androidx.work.impl.background.systemjob.SystemJobService u=0 s=10052 TIME=+4m32s130ms:none satisfied:0xb400000 unsatisfied:0x80000000}
04-08 22:28:43.158 I/JobScheduler( 2321): bypass checkIfRestricted for JobStatus{d968438 #u0a52/20960 com.symbol.dataanalytics/androidx.work.impl.background.systemjob.SystemJobService u=0 s=10052 TIME=+5h52m39s552ms:none satisfied:0xb400000 unsatisfied:0x80000000}
04-08 22:28:43.158 I/JobScheduler( 2321): bypass checkIfRestricted for JobStatus{f8096 #u0a52/21311 com.symbol.dataanalytics/androidx.work.impl.background.systemjob.SystemJobService u=0 s=10052 TIME=+4m22s627ms:none satisfied:0xb400000 unsatisfied:0x80000000}
04-08 22:28:43.159 I/JobScheduler( 2321): bypass checkIfRestricted for JobStatus{4437dc2 #u0a52/21266 com.symbol.dataanalytics/androidx.work.impl.background.systemjob.SystemJobService u=0 s=10052 TIME=+29m50s181ms:none satisfied:0xb400000 unsatisfied:0x80000000}
04-08 22:28:43.159 I/JobScheduler( 2321): bypass checkIfRestricted for JobStatus{f9840dd #u0a52/20955 com.symbol.dataanalytics/androidx.work.impl.background.systemjob.SystemJobService u=0 s=10052 TIME=+17h52m39s470ms:none satisfied:0xb400000 unsatisfied:0x80000000}
04-08 22:28:43.159 I/JobScheduler( 2321): bypass checkIfRestricted for JobStatus{83e0ccf #u0a52/20954 com.symbol.dataanalytics/androidx.work.impl.background.systemjob.SystemJobService u=0 s=10052 TIME=+13d17h51m56s737ms:none satisfied:0xb400000 unsatisfied:0x80000000}
04-08 22:28:43.172 I/fusionconfd( 1578): getVoiceCallState: returns 0
04-08 22:28:44.184 I/JobScheduler( 2321): bypass checkIfRestricted for JobStatus{9c78c6e #u0a55/999 com.symbol.fota/.jobservices.FotaReadyPeriodicService u=0 s=10055 TIME=+17h56m21s351ms:+1d17h56m21s351ms PERIODIC satisfied:0xb400000 unsatisfied:0x80000000}
04-08 22:28:44.185 I/JobScheduler( 2321): bypass checkIfRestricted for JobStatus{3f35474 #u0a52/21314 com.symbol.dataanalytics/androidx.work.impl.background.systemjob.SystemJobService u=0 s=10052 TIME=+4m31s104ms:none satisfied:0xb400000 unsatisfied:0x80000000}
04-08 22:28:44.185 I/JobScheduler( 2321): bypass checkIfRestricted for JobStatus{d968438 #u0a52/20960 com.symbol.dataanalytics/androidx.work.impl.background.systemjob.SystemJobService u=0 s=10052 TIME=+5h52m38s525ms:none satisfied:0xb400000 unsatisfied:0x80000000}
04-08 22:28:44.185 I/JobScheduler( 2321): bypass checkIfRestricted for JobStatus{f8096 #u0a52/21311 com.symbol.dataanalytics/androidx.work.impl.background.systemjob.SystemJobService u=0 s=10052 TIME=+4m21s600ms:none satisfied:0xb400000 unsatisfied:0x80000000}
04-08 22:28:44.186 I/JobScheduler( 2321): bypass checkIfRestricted for JobStatus{4437dc2 #u0a52/21266 com.symbol.dataanalytics/androidx.work.impl.background.systemjob.SystemJobService u=0 s=10052 TIME=+29m49s154ms:none satisfied:0xb400000 unsatisfied:0x80000000}
04-08 22:28:44.186 I/JobScheduler( 2321): bypass checkIfRestricted for JobStatus{f9840dd #u0a52/20955 com.symbol.dataanalytics/androidx.work.impl.background.systemjob.SystemJobService u=0 s=10052 TIME=+17h52m38s443ms:none satisfied:0xb400000 unsatisfied:0x80000000}
04-08 22:28:44.186 I/JobScheduler( 2321): bypass checkIfRestricted for JobStatus{83e0ccf #u0a52/20954 com.symbol.dataanalytics/androidx.work.impl.background.systemjob.SystemJobService u=0 s=10052 TIME=+13d17h51m55s709ms:none satisfied:0xb400000 unsatisfied:0x80000000}
04-08 22:28:44.189 I/Telecom ( 2321): DefaultDialerCache: Refreshing default dialer for user 0: now com.google.android.dialer: DDC.oR@CTg
04-08 22:28:44.605 I/BatteryService( 2321): File node value is 270
04-08 22:28:44.606 E/BatteryService( 2321): healthInfoTemp is within the range (270)
04-08 22:28:46.712 I/fusionconfd( 1578): getDriverCountry ENTER
04-08 22:28:46.714 E/fusionconfd( 1578): getDriverCountry : SkinnyCat : WLAN get driver country PL
04-08 22:28:49.723 I/BatteryService( 2321): File node value is 270
04-08 22:28:49.723 E/BatteryService( 2321): healthInfoTemp is within the range (270)
04-08 22:28:49.726 E/BatteryService( 2321): level : 100 / status : 5/Health : 2/Decommission : 0/error status : 0
04-08 22:28:52.492 I/fusionconfd( 1578): ARP Success: received reply
04-08 22:28:52.518 I/wificond( 1567): Received external scan result notification from kernel.
04-08 22:28:54.841 I/BatteryService( 2321): File node value is 270
04-08 22:28:54.842 E/BatteryService( 2321): healthInfoTemp is within the range (270)
04-08 22:28:59.965 I/BatteryService( 2321): File node value is 270
04-08 22:28:59.965 E/BatteryService( 2321): healthInfoTemp is within the range (270)
04-08 22:29:02.978 W/BroadcastQueue( 2321): Background execution not allowed: receiving Intent { act=android.net.wifi.RSSI_CHANGED flg=0x4000010 (has extras) } to net.soti.mobicontrol.androidwork/net.soti.mobicontrol.broadcastreceiver.DelayedBroadcastReceiver
04-08 22:29:05.080 I/BatteryService( 2321): File node value is 270
04-08 22:29:05.080 E/BatteryService( 2321): healthInfoTemp is within the range (270)
04-08 22:29:05.082 E/BatteryService( 2321): level : 100 / status : 5/Health : 2/Decommission : 0/error status : 0
04-08 22:29:10.201 I/BatteryService( 2321): File node value is 270
04-08 22:29:10.201 E/BatteryService( 2321): healthInfoTemp is within the range (270)
04-08 22:29:10.395 D/WindowManager( 2321): layoutWindowLw currenttaskBarInDb-- 0
04-08 22:29:10.396 D/WindowManager( 2321): layoutWindowLw currenttaskBarInDb-- 0
04-08 22:29:10.397 D/WindowManager( 2321): layoutWindowLw currenttaskBarInDb-- 0
04-08 22:29:10.397 D/WindowManager( 2321): DP::updateSystemBarAttributes called
04-08 22:29:10.397 D/WindowManager( 2321): DP::::updateSystemBarAttributes displayId: 0
04-08 22:29:10.813 I/BatteryService( 2321): File node value is 270
04-08 22:29:10.814 E/BatteryService( 2321): healthInfoTemp is within the range (270)
04-08 22:29:11.710 D/WindowManager( 2321): layoutWindowLw currenttaskBarInDb-- 0
04-08 22:29:11.711 D/WindowManager( 2321): layoutWindowLw currenttaskBarInDb-- 0
04-08 22:29:11.712 D/WindowManager( 2321): layoutWindowLw currenttaskBarInDb-- 0
04-08 22:29:11.714 D/WindowManager( 2321): DP::updateSystemBarAttributes called
04-08 22:29:11.714 D/WindowManager( 2321): DP::::updateSystemBarAttributes displayId: 0
04-08 22:29:13.211 I/JobScheduler( 2321): bypass checkIfRestricted for JobStatus{9c78c6e #u0a55/999 com.symbol.fota/.jobservices.FotaReadyPeriodicService u=0 s=10055 TIME=+17h55m52s324ms:+1d17h55m52s324ms PERIODIC satisfied:0xb400000 unsatisfied:0x80000000}
04-08 22:29:13.211 I/JobScheduler( 2321): bypass checkIfRestricted for JobStatus{3f35474 #u0a52/21314 com.symbol.dataanalytics/androidx.work.impl.background.systemjob.SystemJobService u=0 s=10052 TIME=+4m2s77ms:none satisfied:0xb400000 unsatisfied:0x80000000}
04-08 22:29:13.211 I/JobScheduler( 2321): bypass checkIfRestricted for JobStatus{d968438 #u0a52/20960 com.symbol.dataanalytics/androidx.work.impl.background.systemjob.SystemJobService u=0 s=10052 TIME=+5h52m9s499ms:none satisfied:0xb400000 unsatisfied:0x80000000}
04-08 22:29:13.212 I/JobScheduler( 2321): bypass checkIfRestricted for JobStatus{f8096 #u0a52/21311 com.symbol.dataanalytics/androidx.work.impl.background.systemjob.SystemJobService u=0 s=10052 TIME=+3m52s574ms:none satisfied:0xb400000 unsatisfied:0x80000000}
04-08 22:29:13.212 I/JobScheduler( 2321): bypass checkIfRestricted for JobStatus{4437dc2 #u0a52/21266 com.symbol.dataanalytics/androidx.work.impl.background.systemjob.SystemJobService u=0 s=10052 TIME=+29m20s128ms:none satisfied:0xb400000 unsatisfied:0x80000000}
04-08 22:29:13.212 I/JobScheduler( 2321): bypass checkIfRestricted for JobStatus{f9840dd #u0a52/20955 com.symbol.dataanalytics/androidx.work.impl.background.systemjob.SystemJobService u=0 s=10052 TIME=+17h52m9s417ms:none satisfied:0xb400000 unsatisfied:0x80000000}
04-08 22:29:13.212 I/JobScheduler( 2321): bypass checkIfRestricted for JobStatus{83e0ccf #u0a52/20954 com.symbol.dataanalytics/androidx.work.impl.background.systemjob.SystemJobService u=0 s=10052 TIME=+13d17h51m26s683ms:none satisfied:0xb400000 unsatisfied:0x80000000}
04-08 22:29:13.219 I/fusionconfd( 1578): getVoiceCallState: returns 0
04-08 22:29:13.491 I/fusionconfd( 1578): ARP Success: received reply
04-08 22:29:13.750 D/WindowManager( 2321): DP::updateSystemBarAttributes called
04-08 22:29:13.751 D/WindowManager( 2321): DP::::updateSystemBarAttributes displayId: 0
04-08 22:29:13.754 D/WindowManager( 2321): layoutWindowLw currenttaskBarInDb-- 0
04-08 22:29:13.755 D/WindowManager( 2321): layoutWindowLw currenttaskBarInDb-- 0
04-08 22:29:13.756 D/WindowManager( 2321): layoutWindowLw currenttaskBarInDb-- 0
04-08 22:29:13.757 D/WindowManager( 2321): DP::updateSystemBarAttributes called
04-08 22:29:13.758 D/WindowManager( 2321): DP::::updateSystemBarAttributes displayId: 0
04-08 22:29:13.762 D/WindowManager( 2321): DP::updateSystemBarAttributes called
04-08 22:29:13.762 D/WindowManager( 2321): DP::::updateSystemBarAttributes displayId: 0
04-08 22:29:14.232 I/JobScheduler( 2321): bypass checkIfRestricted for JobStatus{9c78c6e #u0a55/999 com.symbol.fota/.jobservices.FotaReadyPeriodicService u=0 s=10055 TIME=+17h55m51s302ms:+1d17h55m51s302ms PERIODIC satisfied:0xb400000 unsatisfied:0x80000000}
04-08 22:29:14.248 I/JobScheduler( 2321): bypass checkIfRestricted for JobStatus{3f35474 #u0a52/21314 com.symbol.dataanalytics/androidx.work.impl.background.systemjob.SystemJobService u=0 s=10052 TIME=+4m1s41ms:none satisfied:0xb400000 unsatisfied:0x80000000}
04-08 22:29:14.249 I/JobScheduler( 2321): bypass checkIfRestricted for JobStatus{d968438 #u0a52/20960 com.symbol.dataanalytics/androidx.work.impl.background.systemjob.SystemJobService u=0 s=10052 TIME=+5h52m8s461ms:none satisfied:0xb400000 unsatisfied:0x80000000}
04-08 22:29:14.250 I/JobScheduler( 2321): bypass checkIfRestricted for JobStatus{f8096 #u0a52/21311 com.symbol.dataanalytics/androidx.work.impl.background.systemjob.SystemJobService u=0 s=10052 TIME=+3m51s535ms:none satisfied:0xb400000 unsatisfied:0x80000000}
04-08 22:29:14.251 I/JobScheduler( 2321): bypass checkIfRestricted for JobStatus{4437dc2 #u0a52/21266 com.symbol.dataanalytics/androidx.work.impl.background.systemjob.SystemJobService u=0 s=10052 TIME=+29m19s89ms:none satisfied:0xb400000 unsatisfied:0x80000000}
04-08 22:29:14.251 I/JobScheduler( 2321): bypass checkIfRestricted for JobStatus{f9840dd #u0a52/20955 com.symbol.dataanalytics/androidx.work.impl.background.systemjob.SystemJobService u=0 s=10052 TIME=+17h52m8s378ms:none satisfied:0xb400000 unsatisfied:0x80000000}
04-08 22:29:14.251 I/JobScheduler( 2321): bypass checkIfRestricted for JobStatus{83e0ccf #u0a52/20954 com.symbol.dataanalytics/androidx.work.impl.background.systemjob.SystemJobService u=0 s=10052 TIME=+13d17h51m25s644ms:none satisfied:0xb400000 unsatisfied:0x80000000}
04-08 22:29:14.254 I/Telecom ( 2321): DefaultDialerCache: Refreshing default dialer for user 0: now com.google.android.dialer: DDC.oR@CTk
04-08 22:29:15.080 W/BroadcastQueue( 2321): Background execution not allowed: receiving Intent { act=android.net.wifi.RSSI_CHANGED flg=0x4000010 (has extras) } to net.soti.mobicontrol.androidwork/net.soti.mobicontrol.broadcastreceiver.DelayedBroadcastReceiver
04-08 22:29:15.325 I/BatteryService( 2321): File node value is 270
04-08 22:29:15.326 E/BatteryService( 2321): healthInfoTemp is within the range (270)
04-08 22:29:15.328 E/BatteryService( 2321): level : 100 / status : 5/Health : 2/Decommission : 0/error status : 0
04-08 22:29:16.345 D/ActivityManager( 2321): freezing 20967 com.google.android.googlequicksearchbox:search
04-08 22:29:16.367 D/WindowManager( 2321): layoutWindowLw currenttaskBarInDb-- 0
04-08 22:29:16.367 D/WindowManager( 2321): layoutWindowLw currenttaskBarInDb-- 0
04-08 22:29:16.368 D/WindowManager( 2321): layoutWindowLw currenttaskBarInDb-- 0
04-08 22:29:16.368 D/WindowManager( 2321): DP::updateSystemBarAttributes called
04-08 22:29:16.368 D/WindowManager( 2321): DP::::updateSystemBarAttributes displayId: 0
04-08 22:29:16.613 I/fusionconfd( 1578): getDriverCountry ENTER
04-08 22:29:16.614 E/fusionconfd( 1578): getDriverCountry : SkinnyCat : WLAN get driver country PL
04-08 22:29:20.435 I/BatteryService( 2321): File node value is 270
04-08 22:29:20.435 E/BatteryService( 2321): healthInfoTemp is within the range (270)
04-08 22:29:20.436 E/BatteryService( 2321): level : 100 / status : 5/Health : 2/Decommission : 0/error status : 0
04-08 22:29:25.562 I/BatteryService( 2321): File node value is 270
04-08 22:29:25.562 E/BatteryService( 2321): healthInfoTemp is within the range (270)
04-08 22:29:25.564 E/BatteryService( 2321): level : 100 / status : 5/Health : 2/Decommission : 0/error status : 0
04-08 22:29:30.198 W/BroadcastQueue( 2321): Background execution not allowed: receiving Intent { act=android.net.wifi.RSSI_CHANGED flg=0x4000010 (has extras) } to net.soti.mobicontrol.androidwork/net.soti.mobicontrol.broadcastreceiver.DelayedBroadcastReceiver
04-08 22:29:30.681 I/BatteryService( 2321): File node value is 270
04-08 22:29:30.682 E/BatteryService( 2321): healthInfoTemp is within the range (270)
04-08 22:29:33.222 W/BroadcastQueue( 2321): Background execution not allowed: receiving Intent { act=android.net.wifi.RSSI_CHANGED flg=0x4000010 (has extras) } to net.soti.mobicontrol.androidwork/net.soti.mobicontrol.broadcastreceiver.DelayedBroadcastReceiver
04-08 22:29:33.404 I/BatteryService( 2321): File node value is 270
04-08 22:29:33.405 E/BatteryService( 2321): healthInfoTemp is within the range (270)
04-08 22:29:35.799 I/BatteryService( 2321): File node value is 270
04-08 22:29:35.800 E/BatteryService( 2321): healthInfoTemp is within the range (270)
04-08 22:29:39.280 W/BroadcastQueue( 2321): Background execution not allowed: receiving Intent { act=android.net.wifi.RSSI_CHANGED flg=0x4000010 (has extras) } to net.soti.mobicontrol.androidwork/net.soti.mobicontrol.broadcastreceiver.DelayedBroadcastReceiver
04-08 22:29:40.920 I/BatteryService( 2321): File node value is 270
04-08 22:29:40.920 E/BatteryService( 2321): healthInfoTemp is within the range (270)
04-08 22:29:42.309 W/BroadcastQueue( 2321): Background execution not allowed: receiving Intent { act=android.net.wifi.RSSI_CHANGED flg=0x4000010 (has extras) } to net.soti.mobicontrol.androidwork/net.soti.mobicontrol.broadcastreceiver.DelayedBroadcastReceiver
04-08 22:29:43.262 I/JobScheduler( 2321): bypass checkIfRestricted for JobStatus{9c78c6e #u0a55/999 com.symbol.fota/.jobservices.FotaReadyPeriodicService u=0 s=10055 TIME=+17h55m22s273ms:+1d17h55m22s273ms PERIODIC satisfied:0xb400000 unsatisfied:0x80000000}
04-08 22:29:43.262 I/JobScheduler( 2321): bypass checkIfRestricted for JobStatus{3f35474 #u0a52/21314 com.symbol.dataanalytics/androidx.work.impl.background.systemjob.SystemJobService u=0 s=10052 TIME=+3m32s27ms:none satisfied:0xb400000 unsatisfied:0x80000000}
04-08 22:29:43.262 I/JobScheduler( 2321): bypass checkIfRestricted for JobStatus{d968438 #u0a52/20960 com.symbol.dataanalytics/androidx.work.impl.background.systemjob.SystemJobService u=0 s=10052 TIME=+5h51m39s448ms:none satisfied:0xb400000 unsatisfied:0x80000000}
04-08 22:29:43.262 I/JobScheduler( 2321): bypass checkIfRestricted for JobStatus{f8096 #u0a52/21311 com.symbol.dataanalytics/androidx.work.impl.background.systemjob.SystemJobService u=0 s=10052 TIME=+3m22s523ms:none satisfied:0xb400000 unsatisfied:0x80000000}
04-08 22:29:43.263 I/JobScheduler( 2321): bypass checkIfRestricted for JobStatus{4437dc2 #u0a52/21266 com.symbol.dataanalytics/androidx.work.impl.background.systemjob.SystemJobService u=0 s=10052 TIME=+28m50s77ms:none satisfied:0xb400000 unsatisfied:0x80000000}
04-08 22:29:43.263 I/JobScheduler( 2321): bypass checkIfRestricted for JobStatus{f9840dd #u0a52/20955 com.symbol.dataanalytics/androidx.work.impl.background.systemjob.SystemJobService u=0 s=10052 TIME=+17h51m39s366ms:none satisfied:0xb400000 unsatisfied:0x80000000}
04-08 22:29:43.263 I/JobScheduler( 2321): bypass checkIfRestricted for JobStatus{83e0ccf #u0a52/20954 com.symbol.dataanalytics/androidx.work.impl.background.systemjob.SystemJobService u=0 s=10052 TIME=+13d17h50m56s632ms:none satisfied:0xb400000 unsatisfied:0x80000000}
04-08 22:29:43.271 I/fusionconfd( 1578): getVoiceCallState: returns 0
04-08 22:29:44.272 I/JobScheduler( 2321): bypass checkIfRestricted for JobStatus{9c78c6e #u0a55/999 com.symbol.fota/.jobservices.FotaReadyPeriodicService u=0 s=10055 TIME=+17h55m21s262ms:+1d17h55m21s262ms PERIODIC satisfied:0xb400000 unsatisfied:0x80000000}
04-08 22:29:44.286 I/JobScheduler( 2321): bypass checkIfRestricted for JobStatus{3f35474 #u0a52/21314 com.symbol.dataanalytics/androidx.work.impl.background.systemjob.SystemJobService u=0 s=10052 TIME=+3m31s8ms:none satisfied:0xb400000 unsatisfied:0x80000000}
04-08 22:29:44.286 I/JobScheduler( 2321): bypass checkIfRestricted for JobStatus{d968438 #u0a52/20960 com.symbol.dataanalytics/androidx.work.impl.background.systemjob.SystemJobService u=0 s=10052 TIME=+5h51m38s424ms:none satisfied:0xb400000 unsatisfied:0x80000000}
04-08 22:29:44.287 I/JobScheduler( 2321): bypass checkIfRestricted for JobStatus{f8096 #u0a52/21311 com.symbol.dataanalytics/androidx.work.impl.background.systemjob.SystemJobService u=0 s=10052 TIME=+3m21s499ms:none satisfied:0xb400000 unsatisfied:0x80000000}
04-08 22:29:44.287 I/JobScheduler( 2321): bypass checkIfRestricted for JobStatus{4437dc2 #u0a52/21266 com.symbol.dataanalytics/androidx.work.impl.background.systemjob.SystemJobService u=0 s=10052 TIME=+28m49s53ms:none satisfied:0xb400000 unsatisfied:0x80000000}
04-08 22:29:44.287 I/JobScheduler( 2321): bypass checkIfRestricted for JobStatus{f9840dd #u0a52/20955 com.symbol.dataanalytics/androidx.work.impl.background.systemjob.SystemJobService u=0 s=10052 TIME=+17h51m38s341ms:none satisfied:0xb400000 unsatisfied:0x80000000}
04-08 22:29:44.287 I/JobScheduler( 2321): bypass checkIfRestricted for JobStatus{83e0ccf #u0a52/20954 com.symbol.dataanalytics/androidx.work.impl.background.systemjob.SystemJobService u=0 s=10052 TIME=+13d17h50m55s608ms:none satisfied:0xb400000 unsatisfied:0x80000000}
04-08 22:29:44.338 I/Telecom ( 2321): DefaultDialerCache: Refreshing default dialer for user 0: now com.google.android.dialer: DDC.oR@CTo
04-08 22:29:46.040 I/BatteryService( 2321): File node value is 270
04-08 22:29:46.041 E/BatteryService( 2321): healthInfoTemp is within the range (270)
04-08 22:29:46.844 I/fusionconfd( 1578): getDriverCountry ENTER
04-08 22:29:46.846 E/fusionconfd( 1578): getDriverCountry : SkinnyCat : WLAN get driver country PL
04-08 22:29:50.596 D/WindowManager( 2321): layoutWindowLw currenttaskBarInDb-- 0
04-08 22:29:50.598 D/WindowManager( 2321): layoutWindowLw currenttaskBarInDb-- 0
04-08 22:29:50.599 D/WindowManager( 2321): layoutWindowLw currenttaskBarInDb-- 0
04-08 22:29:50.600 D/WindowManager( 2321): DP::updateSystemBarAttributes called
04-08 22:29:50.601 D/WindowManager( 2321): DP::::updateSystemBarAttributes displayId: 0
04-08 22:29:51.168 I/BatteryService( 2321): File node value is 270
04-08 22:29:51.169 E/BatteryService( 2321): healthInfoTemp is within the range (270)
04-08 22:29:56.278 I/BatteryService( 2321): File node value is 270
04-08 22:29:56.278 E/BatteryService( 2321): healthInfoTemp is within the range (270)
04-08 22:30:01.398 I/BatteryService( 2321): File node value is 270
04-08 22:30:01.398 E/BatteryService( 2321): healthInfoTemp is within the range (270)
04-08 22:30:04.773 I/UsageStatsService( 2321): User[0] Flushing usage stats to disk
04-08 22:30:06.449 D/WindowManager( 2321): DP::updateSystemBarAttributes called
04-08 22:30:06.449 D/WindowManager( 2321): DP::::updateSystemBarAttributes displayId: 0
04-08 22:30:06.451 D/WindowManager( 2321): layoutWindowLw currenttaskBarInDb-- 0
04-08 22:30:06.452 D/WindowManager( 2321): layoutWindowLw currenttaskBarInDb-- 0
04-08 22:30:06.453 D/WindowManager( 2321): layoutWindowLw currenttaskBarInDb-- 0
04-08 22:30:06.454 D/WindowManager( 2321): DP::updateSystemBarAttributes called
04-08 22:30:06.454 D/WindowManager( 2321): DP::::updateSystemBarAttributes displayId: 0
04-08 22:30:06.460 D/WindowManager( 2321): DP::updateSystemBarAttributes called
04-08 22:30:06.460 D/WindowManager( 2321): DP::::updateSystemBarAttributes displayId: 0
04-08 22:30:06.522 I/BatteryService( 2321): File node value is 270
04-08 22:30:06.522 E/BatteryService( 2321): healthInfoTemp is within the range (270)
04-08 22:30:09.048 D/WindowManager( 2321): layoutWindowLw currenttaskBarInDb-- 0
04-08 22:30:09.048 D/WindowManager( 2321): layoutWindowLw currenttaskBarInDb-- 0
04-08 22:30:09.049 D/WindowManager( 2321): layoutWindowLw currenttaskBarInDb-- 0
04-08 22:30:09.050 D/WindowManager( 2321): DP::updateSystemBarAttributes called
04-08 22:30:09.050 D/WindowManager( 2321): DP::::updateSystemBarAttributes displayId: 0
04-08 22:30:11.641 I/BatteryService( 2321): File node value is 270
04-08 22:30:11.642 E/BatteryService( 2321): healthInfoTemp is within the range (270)
04-08 22:30:13.306 I/JobScheduler( 2321): bypass checkIfRestricted for JobStatus{9c78c6e #u0a55/999 com.symbol.fota/.jobservices.FotaReadyPeriodicService u=0 s=10055 TIME=+17h54m52s229ms:+1d17h54m52s229ms PERIODIC satisfied:0xb400000 unsatisfied:0x80000000}
04-08 22:30:13.307 I/JobScheduler( 2321): bypass checkIfRestricted for JobStatus{3f35474 #u0a52/21314 com.symbol.dataanalytics/androidx.work.impl.background.systemjob.SystemJobService u=0 s=10052 TIME=+3m1s982ms:none satisfied:0xb400000 unsatisfied:0x80000000}
04-08 22:30:13.307 I/JobScheduler( 2321): bypass checkIfRestricted for JobStatus{d968438 #u0a52/20960 com.symbol.dataanalytics/androidx.work.impl.background.systemjob.SystemJobService u=0 s=10052 TIME=+5h51m9s404ms:none satisfied:0xb400000 unsatisfied:0x80000000}
04-08 22:30:13.307 I/JobScheduler( 2321): bypass checkIfRestricted for JobStatus{f8096 #u0a52/21311 com.symbol.dataanalytics/androidx.work.impl.background.systemjob.SystemJobService u=0 s=10052 TIME=+2m52s478ms:none satisfied:0xb400000 unsatisfied:0x80000000}
04-08 22:30:13.307 I/JobScheduler( 2321): bypass checkIfRestricted for JobStatus{4437dc2 #u0a52/21266 com.symbol.dataanalytics/androidx.work.impl.background.systemjob.SystemJobService u=0 s=10052 TIME=+28m20s32ms:none satisfied:0xb400000 unsatisfied:0x80000000}
04-08 22:30:13.308 I/JobScheduler( 2321): bypass checkIfRestricted for JobStatus{f9840dd #u0a52/20955 com.symbol.dataanalytics/androidx.work.impl.background.systemjob.SystemJobService u=0 s=10052 TIME=+17h51m9s321ms:none satisfied:0xb400000 unsatisfied:0x80000000}
04-08 22:30:13.308 I/JobScheduler( 2321): bypass checkIfRestricted for JobStatus{83e0ccf #u0a52/20954 com.symbol.dataanalytics/androidx.work.impl.background.systemjob.SystemJobService u=0 s=10052 TIME=+13d17h50m26s587ms:none satisfied:0xb400000 unsatisfied:0x80000000}
04-08 22:30:13.318 I/fusionconfd( 1578): getVoiceCallState: returns 0
04-08 22:30:14.323 I/JobScheduler( 2321): bypass checkIfRestricted for JobStatus{9c78c6e #u0a55/999 com.symbol.fota/.jobservices.FotaReadyPeriodicService u=0 s=10055 TIME=+17h54m51s212ms:+1d17h54m51s212ms PERIODIC satisfied:0xb400000 unsatisfied:0x80000000}
04-08 22:30:14.324 I/JobScheduler( 2321): bypass checkIfRestricted for JobStatus{3f35474 #u0a52/21314 com.symbol.dataanalytics/androidx.work.impl.background.systemjob.SystemJobService u=0 s=10052 TIME=+3m0s965ms:none satisfied:0xb400000 unsatisfied:0x80000000}
04-08 22:30:14.324 I/JobScheduler( 2321): bypass checkIfRestricted for JobStatus{d968438 #u0a52/20960 com.symbol.dataanalytics/androidx.work.impl.background.systemjob.SystemJobService u=0 s=10052 TIME=+5h51m8s386ms:none satisfied:0xb400000 unsatisfied:0x80000000}
04-08 22:30:14.325 I/JobScheduler( 2321): bypass checkIfRestricted for JobStatus{f8096 #u0a52/21311 com.symbol.dataanalytics/androidx.work.impl.background.systemjob.SystemJobService u=0 s=10052 TIME=+2m51s461ms:none satisfied:0xb400000 unsatisfied:0x80000000}
04-08 22:30:14.326 I/JobScheduler( 2321): bypass checkIfRestricted for JobStatus{4437dc2 #u0a52/21266 com.symbol.dataanalytics/androidx.work.impl.background.systemjob.SystemJobService u=0 s=10052 TIME=+28m19s14ms:none satisfied:0xb400000 unsatisfied:0x80000000}
04-08 22:30:14.327 I/JobScheduler( 2321): bypass checkIfRestricted for JobStatus{f9840dd #u0a52/20955 com.symbol.dataanalytics/androidx.work.impl.background.systemjob.SystemJobService u=0 s=10052 TIME=+17h51m8s302ms:none satisfied:0xb400000 unsatisfied:0x80000000}
04-08 22:30:14.329 I/JobScheduler( 2321): bypass checkIfRestricted for JobStatus{83e0ccf #u0a52/20954 com.symbol.dataanalytics/androidx.work.impl.background.systemjob.SystemJobService u=0 s=10052 TIME=+13d17h50m25s567ms:none satisfied:0xb400000 unsatisfied:0x80000000}
04-08 22:30:14.343 I/Telecom ( 2321): DefaultDialerCache: Refreshing default dialer for user 0: now com.google.android.dialer: DDC.oR@CTs
04-08 22:30:14.463 I/fusionconfd( 1578): ARP Success: received reply
04-08 22:30:14.586 I/BatteryService( 2321): File node value is 270
04-08 22:30:14.586 E/BatteryService( 2321): healthInfoTemp is within the range (270)
04-08 22:30:16.758 I/BatteryService( 2321): File node value is 270
04-08 22:30:16.758 E/BatteryService( 2321): healthInfoTemp is within the range (270)
04-08 22:30:16.760 E/BatteryService( 2321): level : 100 / status : 5/Health : 2/Decommission : 0/error status : 0
04-08 22:30:16.921 I/fusionconfd( 1578): getDriverCountry ENTER
04-08 22:30:16.922 E/fusionconfd( 1578): getDriverCountry : SkinnyCat : WLAN get driver country PL
04-08 22:30:21.885 I/BatteryService( 2321): File node value is 270
04-08 22:30:21.885 E/BatteryService( 2321): healthInfoTemp is within the range (270)
04-08 22:30:27.002 I/BatteryService( 2321): File node value is 270
04-08 22:30:27.002 E/BatteryService( 2321): healthInfoTemp is within the range (270)
04-08 22:30:27.004 E/BatteryService( 2321): level : 100 / status : 5/Health : 2/Decommission : 0/error status : 0
04-08 22:30:32.124 I/BatteryService( 2321): File node value is 270
04-08 22:30:32.125 E/BatteryService( 2321): healthInfoTemp is within the range (270)
04-08 22:30:33.400 I/BatteryService( 2321): File node value is 270
04-08 22:30:33.400 E/BatteryService( 2321): healthInfoTemp is within the range (270)
04-08 22:30:33.600 D/WindowManager( 2321): DP::updateSystemBarAttributes called
04-08 22:30:33.600 D/WindowManager( 2321): DP::::updateSystemBarAttributes displayId: 0
04-08 22:30:33.604 D/WindowManager( 2321): displayId: 0
04-08 22:30:33.606 D/WindowManager( 2321): isFullscreen: false isImmersive: false
04-08 22:30:33.606 D/WindowManager( 2321): mLastFocusIsFullscreen: false mLastImmersiveMode: true
04-08 22:30:33.606 D/WindowManager( 2321): mFocusedWindow: Window{713400d u0 com.ok.inv/com.example.inventoryapp.ui.main.MainActivity}
04-08 22:30:33.606 D/WindowManager( 2321): mLastFocusedWindow: Window{b466268 u0 com.ok.inv/com.example.inventoryapp.ui.main.MainActivity}
04-08 22:30:33.606 D/WindowManager( 2321): mLastFocusIsImmersiveAndFullscreen: false
04-08 22:30:33.606 D/WindowManager( 2321): mLastWindowClosed: null
04-08 22:30:33.610 D/CoreBackPreview( 2321): Window{713400d u0 com.ok.inv/com.example.inventoryapp.ui.main.MainActivity}: Setting back callback OnBackInvokedCallbackInfo{mCallback=android.window.IOnBackInvokedCallback$Stub$Proxy@c8d42f, mPriority=0}
04-08 22:30:33.612 D/WindowManager( 2321): DP::updateSystemBarAttributes called
04-08 22:30:33.612 D/WindowManager( 2321): DP::::updateSystemBarAttributes displayId: 0
04-08 22:30:33.613 D/WindowManager( 2321): layoutWindowLw currenttaskBarInDb-- 0
04-08 22:30:33.613 D/WindowManager( 2321): layoutWindowLw currenttaskBarInDb-- 0
04-08 22:30:33.614 D/WindowManager( 2321): layoutWindowLw currenttaskBarInDb-- 0
04-08 22:30:33.614 D/WindowManager( 2321): layoutWindowLw currenttaskBarInDb-- 0
04-08 22:30:33.614 D/WindowManager( 2321): DP::updateSystemBarAttributes called
04-08 22:30:33.614 D/WindowManager( 2321): DP::::updateSystemBarAttributes displayId: 0
04-08 22:30:33.614 D/WindowManager( 2321): displayId: 0
04-08 22:30:33.614 D/WindowManager( 2321): isFullscreen: false isImmersive: false
04-08 22:30:33.614 D/WindowManager( 2321): mLastFocusIsFullscreen: false mLastImmersiveMode: false
04-08 22:30:33.614 D/WindowManager( 2321): mFocusedWindow: Window{713400d u0 com.ok.inv/com.example.inventoryapp.ui.main.MainActivity}
04-08 22:30:33.614 D/WindowManager( 2321): mLastFocusedWindow: Window{b466268 u0 com.ok.inv/com.example.inventoryapp.ui.main.MainActivity}
04-08 22:30:33.614 D/WindowManager( 2321): mLastFocusIsImmersiveAndFullscreen: false
04-08 22:30:33.614 D/WindowManager( 2321): mLastWindowClosed: null
04-08 22:30:33.616 D/WindowManager( 2321): layoutWindowLw currenttaskBarInDb-- 0
04-08 22:30:33.616 D/WindowManager( 2321): layoutWindowLw currenttaskBarInDb-- 0
04-08 22:30:33.616 D/WindowManager( 2321): layoutWindowLw currenttaskBarInDb-- 0
04-08 22:30:33.617 D/WindowManager( 2321): DP::updateSystemBarAttributes called
04-08 22:30:33.617 D/WindowManager( 2321): DP::::updateSystemBarAttributes displayId: 0
04-08 22:30:33.618 D/WindowManager( 2321): DP::updateSystemBarAttributes called
04-08 22:30:33.618 D/WindowManager( 2321): DP::::updateSystemBarAttributes displayId: 0
04-08 22:30:33.628 D/WindowManager( 2321): DP::updateSystemBarAttributes called
04-08 22:30:33.628 D/WindowManager( 2321): DP::::updateSystemBarAttributes displayId: 0
04-08 22:30:33.662 D/WindowManager( 2321): layoutWindowLw currenttaskBarInDb-- 0
04-08 22:30:33.663 D/WindowManager( 2321): layoutWindowLw currenttaskBarInDb-- 0
04-08 22:30:33.664 D/WindowManager( 2321): layoutWindowLw currenttaskBarInDb-- 0
04-08 22:30:33.664 D/WindowManager( 2321): layoutWindowLw currenttaskBarInDb-- 0
04-08 22:30:33.665 D/WindowManager( 2321): DP::updateSystemBarAttributes called
04-08 22:30:33.665 D/WindowManager( 2321): DP::::updateSystemBarAttributes displayId: 0
04-08 22:30:33.680 D/WindowManager( 2321): layoutWindowLw currenttaskBarInDb-- 0
04-08 22:30:33.681 D/WindowManager( 2321): layoutWindowLw currenttaskBarInDb-- 0
04-08 22:30:33.681 D/WindowManager( 2321): layoutWindowLw currenttaskBarInDb-- 0
04-08 22:30:33.681 D/WindowManager( 2321): layoutWindowLw currenttaskBarInDb-- 0
04-08 22:30:33.681 D/WindowManager( 2321): DP::updateSystemBarAttributes called
04-08 22:30:33.681 D/WindowManager( 2321): DP::::updateSystemBarAttributes displayId: 0
04-08 22:30:33.682 D/WindowManager( 2321): layoutWindowLw currenttaskBarInDb-- 0
04-08 22:30:33.682 D/WindowManager( 2321): layoutWindowLw currenttaskBarInDb-- 0
04-08 22:30:33.683 D/WindowManager( 2321): layoutWindowLw currenttaskBarInDb-- 0
04-08 22:30:33.683 D/WindowManager( 2321): layoutWindowLw currenttaskBarInDb-- 0
04-08 22:30:33.683 D/WindowManager( 2321): DP::updateSystemBarAttributes called
04-08 22:30:33.683 D/WindowManager( 2321): DP::::updateSystemBarAttributes displayId: 0
04-08 22:30:33.695 D/WindowManager( 2321): DP::updateSystemBarAttributes called
04-08 22:30:33.695 D/WindowManager( 2321): DP::::updateSystemBarAttributes displayId: 0
04-08 22:30:33.736 D/WindowManager( 2321): DP::updateSystemBarAttributes called
04-08 22:30:33.736 D/WindowManager( 2321): DP::::updateSystemBarAttributes displayId: 0
04-08 22:30:33.945 D/WindowManager( 2321): DP::updateSystemBarAttributes called
04-08 22:30:33.945 D/WindowManager( 2321): DP::::updateSystemBarAttributes displayId: 0
04-08 22:30:33.964 D/WindowManager( 2321): DP::updateSystemBarAttributes called
04-08 22:30:33.964 D/WindowManager( 2321): DP::::updateSystemBarAttributes displayId: 0
04-08 22:30:34.476 D/CoreBackPreview( 2321): Window{713400d u0 com.ok.inv/com.example.inventoryapp.ui.main.MainActivity}: Setting back callback null
04-08 22:30:34.496 I/WindowManager( 2321): removeWindowLw called: com.ok.inv
04-08 22:30:34.497 D/WindowManager( 2321): removewindowlw package --com.ok.inv mState--RESUMED
04-08 22:30:34.498 D/WindowManager( 2321): DP::updateSystemBarAttributes called
04-08 22:30:34.499 D/WindowManager( 2321): DP::::updateSystemBarAttributes displayId: 0
04-08 22:30:34.504 D/WindowManager( 2321): displayId: 0
04-08 22:30:34.505 D/WindowManager( 2321): isFullscreen: true isImmersive: false
04-08 22:30:34.505 D/WindowManager( 2321): mLastFocusIsFullscreen: true mLastImmersiveMode: false
04-08 22:30:34.505 D/WindowManager( 2321): mFocusedWindow: Window{b466268 u0 com.ok.inv/com.example.inventoryapp.ui.main.MainActivity}
04-08 22:30:34.505 D/WindowManager( 2321): mLastFocusedWindow: Window{713400d u0 com.ok.inv/com.example.inventoryapp.ui.main.MainActivity EXITING}
04-08 22:30:34.505 D/WindowManager( 2321): mLastFocusIsImmersiveAndFullscreen: false
04-08 22:30:34.505 D/WindowManager( 2321): mLastWindowClosed: null
04-08 22:30:34.506 D/WindowManager( 2321): layoutWindowLw currenttaskBarInDb-- 0
04-08 22:30:34.508 D/WindowManager( 2321): layoutWindowLw currenttaskBarInDb-- 0
04-08 22:30:34.510 D/WindowManager( 2321): layoutWindowLw currenttaskBarInDb-- 0
04-08 22:30:34.511 D/WindowManager( 2321): layoutWindowLw currenttaskBarInDb-- 0
04-08 22:30:34.514 D/WindowManager( 2321): DP::updateSystemBarAttributes called
04-08 22:30:34.514 D/WindowManager( 2321): DP::::updateSystemBarAttributes displayId: 0
04-08 22:30:34.521 D/WindowManager( 2321): DP::updateSystemBarAttributes called
04-08 22:30:34.521 D/WindowManager( 2321): DP::::updateSystemBarAttributes displayId: 0
04-08 22:30:34.522 D/WindowManager( 2321): displayId: 0
04-08 22:30:34.522 D/WindowManager( 2321): isFullscreen: true isImmersive: false
04-08 22:30:34.522 D/WindowManager( 2321): mLastFocusIsFullscreen: true mLastImmersiveMode: true
04-08 22:30:34.522 D/WindowManager( 2321): mFocusedWindow: Window{b466268 u0 com.ok.inv/com.example.inventoryapp.ui.main.MainActivity}
04-08 22:30:34.523 D/WindowManager( 2321): mLastFocusedWindow: Window{713400d u0 com.ok.inv/com.example.inventoryapp.ui.main.MainActivity EXITING}
04-08 22:30:34.523 D/WindowManager( 2321): mLastFocusIsImmersiveAndFullscreen: false
04-08 22:30:34.523 D/WindowManager( 2321): mLastWindowClosed: null
04-08 22:30:34.524 D/WindowManager( 2321): DP::updateSystemBarAttributes called
04-08 22:30:34.524 D/WindowManager( 2321): DP::::updateSystemBarAttributes displayId: 0
04-08 22:30:34.527 V/WindowManager( 2321): Unknown focus tokens, dropping reportFocusChanged
04-08 22:30:34.528 D/WindowManager( 2321): layoutWindowLw currenttaskBarInDb-- 0
04-08 22:30:34.529 D/WindowManager( 2321): layoutWindowLw currenttaskBarInDb-- 0
04-08 22:30:34.529 D/WindowManager( 2321): layoutWindowLw currenttaskBarInDb-- 0
04-08 22:30:34.529 D/WindowManager( 2321): layoutWindowLw currenttaskBarInDb-- 0
04-08 22:30:34.530 D/WindowManager( 2321): DP::updateSystemBarAttributes called
04-08 22:30:34.530 D/WindowManager( 2321): DP::::updateSystemBarAttributes displayId: 0
04-08 22:30:34.539 D/WindowManager( 2321): DP::updateSystemBarAttributes called
04-08 22:30:34.540 D/WindowManager( 2321): DP::::updateSystemBarAttributes displayId: 0
04-08 22:30:34.572 D/WindowManager( 2321): DP::updateSystemBarAttributes called
04-08 22:30:34.572 D/WindowManager( 2321): DP::::updateSystemBarAttributes displayId: 0
04-08 22:30:34.711 I/WindowManager( 2321): removeWindowLw called: com.ok.inv
04-08 22:30:34.711 D/WindowManager( 2321): removewindowlw package --com.ok.inv mState--RESUMED
04-08 22:30:34.711 D/WindowManager( 2321): layoutWindowLw currenttaskBarInDb-- 0
04-08 22:30:34.712 D/WindowManager( 2321): layoutWindowLw currenttaskBarInDb-- 0
04-08 22:30:34.712 D/WindowManager( 2321): layoutWindowLw currenttaskBarInDb-- 0
04-08 22:30:34.712 D/WindowManager( 2321): DP::updateSystemBarAttributes called
04-08 22:30:34.712 D/WindowManager( 2321): DP::::updateSystemBarAttributes displayId: 0
04-08 22:30:34.729 D/WindowManager( 2321): DP::updateSystemBarAttributes called
04-08 22:30:34.730 D/WindowManager( 2321): DP::::updateSystemBarAttributes displayId: 0
04-08 22:30:35.225 D/WindowManager( 2321): layoutWindowLw currenttaskBarInDb-- 0
04-08 22:30:35.226 D/WindowManager( 2321): layoutWindowLw currenttaskBarInDb-- 0
04-08 22:30:35.226 D/WindowManager( 2321): layoutWindowLw currenttaskBarInDb-- 0
