04-08 22:22:48.139 I/BatteryService( 2321): File node value is 260
04-08 22:22:48.140 E/BatteryService( 2321): healthInfoTemp is within the range (260)
04-08 22:22:48.142 E/BatteryService( 2321): level : 100 / status : 5/Health : 2/Decommission : 0/error status : 0
04-08 22:22:50.502 I/fusionconfd( 1578): ARP Success: received reply
04-08 22:22:50.534 I/wificond( 1567): Received external scan result notification from kernel.
04-08 22:22:50.550 I/BatteryService( 2321): File node value is 260
04-08 22:22:50.551 E/BatteryService( 2321): healthInfoTemp is within the range (260)
04-08 22:22:50.554 E/BatteryService( 2321): level : 100 / status : 5/Health : 2/Decommission : 0/error status : 0
04-08 22:22:55.681 I/BatteryService( 2321): File node value is 260
04-08 22:22:55.682 E/BatteryService( 2321): healthInfoTemp is within the range (260)
04-08 22:22:55.683 E/BatteryService( 2321): level : 100 / status : 5/Health : 2/Decommission : 0/error status : 0
04-08 22:23:00.783 I/BatteryService( 2321): File node value is 260
04-08 22:23:00.783 E/BatteryService( 2321): healthInfoTemp is within the range (260)
04-08 22:23:00.785 E/BatteryService( 2321): level : 100 / status : 5/Health : 2/Decommission : 0/error status : 0
04-08 22:23:05.911 I/BatteryService( 2321): File node value is 260
04-08 22:23:05.912 E/BatteryService( 2321): healthInfoTemp is within the range (260)
04-08 22:23:05.913 E/BatteryService( 2321): level : 100 / status : 5/Health : 2/Decommission : 0/error status : 0
04-08 22:23:07.972 I/JobScheduler( 2321): bypass checkIfRestricted for JobStatus{9c78c6e #u0a55/999 com.symbol.fota/.jobservices.FotaReadyPeriodicService u=0 s=10055 TIME=+18h1m57s562ms:+1d18h1m57s562ms PERIODIC satisfied:0xb400000 unsatisfied:0x80000000}
04-08 22:23:07.973 I/JobScheduler( 2321): bypass checkIfRestricted for JobStatus{d968438 #u0a52/20960 com.symbol.dataanalytics/androidx.work.impl.background.systemjob.SystemJobService u=0 s=10052 TIME=+5h58m14s738ms:none satisfied:0xb400000 unsatisfied:0x80000000}
04-08 22:23:07.973 I/JobScheduler( 2321): bypass checkIfRestricted for JobStatus{2a2817a #u0a52/21312 com.symbol.dataanalytics/androidx.work.impl.background.systemjob.SystemJobService u=0 s=10052 TIME=+5s254ms:none satisfied:0xb400000 unsatisfied:0x80000000}
04-08 22:23:07.973 I/JobScheduler( 2321): bypass checkIfRestricted for JobStatus{f8096 #u0a52/21311 com.symbol.dataanalytics/androidx.work.impl.background.systemjob.SystemJobService u=0 s=10052 TIME=+9m57s812ms:none satisfied:0xb400000 unsatisfied:0x80000000}
04-08 22:23:07.974 I/JobScheduler( 2321): bypass checkIfRestricted for JobStatus{4437dc2 #u0a52/21266 com.symbol.dataanalytics/androidx.work.impl.background.systemjob.SystemJobService u=0 s=10052 TIME=+35m25s366ms:none satisfied:0xb400000 unsatisfied:0x80000000}
04-08 22:23:07.974 I/JobScheduler( 2321): bypass checkIfRestricted for JobStatus{f9840dd #u0a52/20955 com.symbol.dataanalytics/androidx.work.impl.background.systemjob.SystemJobService u=0 s=10052 TIME=+17h58m14s655ms:none satisfied:0xb400000 unsatisfied:0x80000000}
04-08 22:23:07.974 I/JobScheduler( 2321): bypass checkIfRestricted for JobStatus{83e0ccf #u0a52/20954 com.symbol.dataanalytics/androidx.work.impl.background.systemjob.SystemJobService u=0 s=10052 TIME=+13d17h57m31s921ms:none satisfied:0xb400000 unsatisfied:0x80000000}
04-08 22:23:07.984 I/fusionconfd( 1578): getDriverCountry ENTER
04-08 22:23:07.985 E/fusionconfd( 1578): getDriverCountry : SkinnyCat : WLAN get driver country PL
04-08 22:23:07.991 I/fusionconfd( 1578): getDriverCountry ENTER
04-08 22:23:07.992 E/fusionconfd( 1578): getDriverCountry : SkinnyCat : WLAN get driver country PL
04-08 22:23:11.035 I/BatteryService( 2321): File node value is 260
04-08 22:23:11.036 E/BatteryService( 2321): healthInfoTemp is within the range (260)
04-08 22:23:12.998 I/JobScheduler( 2321): bypass checkIfRestricted for JobStatus{9c78c6e #u0a55/999 com.symbol.fota/.jobservices.FotaReadyPeriodicService u=0 s=10055 TIME=+18h1m52s536ms:+1d18h1m52s536ms PERIODIC satisfied:0xb400000 unsatisfied:0x80000000}
04-08 22:23:12.999 I/JobScheduler( 2321): bypass checkIfRestricted for JobStatus{d968438 #u0a52/20960 com.symbol.dataanalytics/androidx.work.impl.background.systemjob.SystemJobService u=0 s=10052 TIME=+5h58m9s712ms:none satisfied:0xb400000 unsatisfied:0x80000000}
04-08 22:23:12.999 I/JobScheduler( 2321): bypass checkIfRestricted for JobStatus{2a2817a #u0a52/21312 com.symbol.dataanalytics/androidx.work.impl.background.systemjob.SystemJobService u=0 s=10052 TIME=+229ms:none satisfied:0xb400000 unsatisfied:0x80000000}
04-08 22:23:12.999 I/JobScheduler( 2321): bypass checkIfRestricted for JobStatus{f8096 #u0a52/21311 com.symbol.dataanalytics/androidx.work.impl.background.systemjob.SystemJobService u=0 s=10052 TIME=+9m52s787ms:none satisfied:0xb400000 unsatisfied:0x80000000}
04-08 22:23:12.999 I/JobScheduler( 2321): bypass checkIfRestricted for JobStatus{4437dc2 #u0a52/21266 com.symbol.dataanalytics/androidx.work.impl.background.systemjob.SystemJobService u=0 s=10052 TIME=+35m20s340ms:none satisfied:0xb400000 unsatisfied:0x80000000}
04-08 22:23:13.000 I/JobScheduler( 2321): bypass checkIfRestricted for JobStatus{f9840dd #u0a52/20955 com.symbol.dataanalytics/androidx.work.impl.background.systemjob.SystemJobService u=0 s=10052 TIME=+17h58m9s629ms:none satisfied:0xb400000 unsatisfied:0x80000000}
04-08 22:23:13.000 I/JobScheduler( 2321): bypass checkIfRestricted for JobStatus{83e0ccf #u0a52/20954 com.symbol.dataanalytics/androidx.work.impl.background.systemjob.SystemJobService u=0 s=10052 TIME=+13d17h57m26s896ms:none satisfied:0xb400000 unsatisfied:0x80000000}
04-08 22:23:13.003 W/AlarmManager( 2321): Window length 5000ms too short; expanding to 224999ms.
04-08 22:23:13.037 I/fusionconfd( 1578): getVoiceCallState: returns 0
04-08 22:23:13.280 I/JobScheduler( 2321): bypass checkIfRestricted for JobStatus{9c78c6e #u0a55/999 com.symbol.fota/.jobservices.FotaReadyPeriodicService u=0 s=10055 TIME=+18h1m52s255ms:+1d18h1m52s255ms PERIODIC satisfied:0xb400000 unsatisfied:0x80000000}
04-08 22:23:13.280 I/JobScheduler( 2321): bypass checkIfRestricted for JobStatus{d968438 #u0a52/20960 com.symbol.dataanalytics/androidx.work.impl.background.systemjob.SystemJobService u=0 s=10052 TIME=+5h58m9s430ms:none satisfied:0xb400000 unsatisfied:0x80000000}
04-08 22:23:13.281 I/JobScheduler( 2321): bypass checkIfRestricted for JobStatus{f8096 #u0a52/21311 com.symbol.dataanalytics/androidx.work.impl.background.systemjob.SystemJobService u=0 s=10052 TIME=+9m52s505ms:none satisfied:0xb400000 unsatisfied:0x80000000}
04-08 22:23:13.281 I/JobScheduler( 2321): bypass checkIfRestricted for JobStatus{4437dc2 #u0a52/21266 com.symbol.dataanalytics/androidx.work.impl.background.systemjob.SystemJobService u=0 s=10052 TIME=+35m20s58ms:none satisfied:0xb400000 unsatisfied:0x80000000}
04-08 22:23:13.282 I/JobScheduler( 2321): bypass checkIfRestricted for JobStatus{f9840dd #u0a52/20955 com.symbol.dataanalytics/androidx.work.impl.background.systemjob.SystemJobService u=0 s=10052 TIME=+17h58m9s347ms:none satisfied:0xb400000 unsatisfied:0x80000000}
04-08 22:23:13.282 I/JobScheduler( 2321): bypass checkIfRestricted for JobStatus{83e0ccf #u0a52/20954 com.symbol.dataanalytics/androidx.work.impl.background.systemjob.SystemJobService u=0 s=10052 TIME=+13d17h57m26s613ms:none satisfied:0xb400000 unsatisfied:0x80000000}
04-08 22:23:14.036 I/JobScheduler( 2321): bypass checkIfRestricted for JobStatus{9c78c6e #u0a55/999 com.symbol.fota/.jobservices.FotaReadyPeriodicService u=0 s=10055 TIME=+18h1m51s498ms:+1d18h1m51s498ms PERIODIC satisfied:0xb400000 unsatisfied:0x80000000}
04-08 22:23:14.037 I/JobScheduler( 2321): bypass checkIfRestricted for JobStatus{d968438 #u0a52/20960 com.symbol.dataanalytics/androidx.work.impl.background.systemjob.SystemJobService u=0 s=10052 TIME=+5h58m8s673ms:none satisfied:0xb400000 unsatisfied:0x80000000}
04-08 22:23:14.038 I/JobScheduler( 2321): bypass checkIfRestricted for JobStatus{f8096 #u0a52/21311 com.symbol.dataanalytics/androidx.work.impl.background.systemjob.SystemJobService u=0 s=10052 TIME=+9m51s748ms:none satisfied:0xb400000 unsatisfied:0x80000000}
04-08 22:23:14.038 I/JobScheduler( 2321): bypass checkIfRestricted for JobStatus{4437dc2 #u0a52/21266 com.symbol.dataanalytics/androidx.work.impl.background.systemjob.SystemJobService u=0 s=10052 TIME=+35m19s302ms:none satisfied:0xb400000 unsatisfied:0x80000000}
04-08 22:23:14.038 I/JobScheduler( 2321): bypass checkIfRestricted for JobStatus{f9840dd #u0a52/20955 com.symbol.dataanalytics/androidx.work.impl.background.systemjob.SystemJobService u=0 s=10052 TIME=+17h58m8s590ms:none satisfied:0xb400000 unsatisfied:0x80000000}
04-08 22:23:14.039 I/JobScheduler( 2321): bypass checkIfRestricted for JobStatus{83e0ccf #u0a52/20954 com.symbol.dataanalytics/androidx.work.impl.background.systemjob.SystemJobService u=0 s=10052 TIME=+13d17h57m25s857ms:none satisfied:0xb400000 unsatisfied:0x80000000}
04-08 22:23:14.045 I/Telecom ( 2321): DefaultDialerCache: Refreshing default dialer for user 0: now com.google.android.dialer: DDC.oR@CS0
04-08 22:23:16.158 I/BatteryService( 2321): File node value is 260
04-08 22:23:16.158 E/BatteryService( 2321): healthInfoTemp is within the range (260)
04-08 22:23:16.160 E/BatteryService( 2321): level : 100 / status : 5/Health : 2/Decommission : 0/error status : 0
04-08 22:23:16.564 I/fusionconfd( 1578): getDriverCountry ENTER
04-08 22:23:16.565 E/fusionconfd( 1578): getDriverCountry : SkinnyCat : WLAN get driver country PL
04-08 22:23:21.272 I/BatteryService( 2321): File node value is 260
04-08 22:23:21.272 E/BatteryService( 2321): healthInfoTemp is within the range (260)
04-08 22:23:21.273 E/BatteryService( 2321): level : 100 / status : 5/Health : 2/Decommission : 0/error status : 0
04-08 22:23:26.379 I/BatteryService( 2321): File node value is 260
04-08 22:23:26.379 E/BatteryService( 2321): healthInfoTemp is within the range (260)
04-08 22:23:31.511 I/BatteryService( 2321): File node value is 260
04-08 22:23:31.512 E/BatteryService( 2321): healthInfoTemp is within the range (260)
04-08 22:23:33.408 I/BatteryService( 2321): File node value is 260
04-08 22:23:33.409 E/BatteryService( 2321): healthInfoTemp is within the range (260)
04-08 22:23:36.638 I/BatteryService( 2321): File node value is 260
04-08 22:23:36.639 E/BatteryService( 2321): healthInfoTemp is within the range (260)
04-08 22:23:41.753 I/BatteryService( 2321): File node value is 260
04-08 22:23:41.754 E/BatteryService( 2321): healthInfoTemp is within the range (260)
04-08 22:23:43.086 I/JobScheduler( 2321): bypass checkIfRestricted for JobStatus{9c78c6e #u0a55/999 com.symbol.fota/.jobservices.FotaReadyPeriodicService u=0 s=10055 TIME=+18h1m22s448ms:+1d18h1m22s448ms PERIODIC satisfied:0xb400000 unsatisfied:0x80000000}
04-08 22:23:43.087 I/JobScheduler( 2321): bypass checkIfRestricted for JobStatus{6e30236 #u0a52/21313 com.symbol.dataanalytics/androidx.work.impl.background.systemjob.SystemJobService u=0 s=10052 TIME=+4m31s188ms:none satisfied:0xb400000 unsatisfied:0x80000000}
04-08 22:23:43.087 I/JobScheduler( 2321): bypass checkIfRestricted for JobStatus{d968438 #u0a52/20960 com.symbol.dataanalytics/androidx.work.impl.background.systemjob.SystemJobService u=0 s=10052 TIME=+5h57m39s623ms:none satisfied:0xb400000 unsatisfied:0x80000000}
04-08 22:23:43.087 I/JobScheduler( 2321): bypass checkIfRestricted for JobStatus{f8096 #u0a52/21311 com.symbol.dataanalytics/androidx.work.impl.background.systemjob.SystemJobService u=0 s=10052 TIME=+9m22s698ms:none satisfied:0xb400000 unsatisfied:0x80000000}
04-08 22:23:43.088 I/JobScheduler( 2321): bypass checkIfRestricted for JobStatus{4437dc2 #u0a52/21266 com.symbol.dataanalytics/androidx.work.impl.background.systemjob.SystemJobService u=0 s=10052 TIME=+34m50s252ms:none satisfied:0xb400000 unsatisfied:0x80000000}
04-08 22:23:43.088 I/JobScheduler( 2321): bypass checkIfRestricted for JobStatus{f9840dd #u0a52/20955 com.symbol.dataanalytics/androidx.work.impl.background.systemjob.SystemJobService u=0 s=10052 TIME=+17h57m39s540ms:none satisfied:0xb400000 unsatisfied:0x80000000}
04-08 22:23:43.089 I/JobScheduler( 2321): bypass checkIfRestricted for JobStatus{83e0ccf #u0a52/20954 com.symbol.dataanalytics/androidx.work.impl.background.systemjob.SystemJobService u=0 s=10052 TIME=+13d17h56m56s807ms:none satisfied:0xb400000 unsatisfied:0x80000000}
04-08 22:23:43.100 I/fusionconfd( 1578): getVoiceCallState: returns 0
04-08 22:23:44.098 I/JobScheduler( 2321): bypass checkIfRestricted for JobStatus{9c78c6e #u0a55/999 com.symbol.fota/.jobservices.FotaReadyPeriodicService u=0 s=10055 TIME=+18h1m21s437ms:+1d18h1m21s437ms PERIODIC satisfied:0xb400000 unsatisfied:0x80000000}
04-08 22:23:44.104 I/JobScheduler( 2321): bypass checkIfRestricted for JobStatus{6e30236 #u0a52/21313 com.symbol.dataanalytics/androidx.work.impl.background.systemjob.SystemJobService u=0 s=10052 TIME=+4m30s171ms:none satisfied:0xb400000 unsatisfied:0x80000000}
04-08 22:23:44.105 I/JobScheduler( 2321): bypass checkIfRestricted for JobStatus{d968438 #u0a52/20960 com.symbol.dataanalytics/androidx.work.impl.background.systemjob.SystemJobService u=0 s=10052 TIME=+5h57m38s606ms:none satisfied:0xb400000 unsatisfied:0x80000000}
04-08 22:23:44.106 I/JobScheduler( 2321): bypass checkIfRestricted for JobStatus{f8096 #u0a52/21311 com.symbol.dataanalytics/androidx.work.impl.background.systemjob.SystemJobService u=0 s=10052 TIME=+9m21s680ms:none satisfied:0xb400000 unsatisfied:0x80000000}
04-08 22:23:44.106 I/JobScheduler( 2321): bypass checkIfRestricted for JobStatus{4437dc2 #u0a52/21266 com.symbol.dataanalytics/androidx.work.impl.background.systemjob.SystemJobService u=0 s=10052 TIME=+34m49s233ms:none satisfied:0xb400000 unsatisfied:0x80000000}
04-08 22:23:44.107 I/JobScheduler( 2321): bypass checkIfRestricted for JobStatus{f9840dd #u0a52/20955 com.symbol.dataanalytics/androidx.work.impl.background.systemjob.SystemJobService u=0 s=10052 TIME=+17h57m38s522ms:none satisfied:0xb400000 unsatisfied:0x80000000}
04-08 22:23:44.107 I/JobScheduler( 2321): bypass checkIfRestricted for JobStatus{83e0ccf #u0a52/20954 com.symbol.dataanalytics/androidx.work.impl.background.systemjob.SystemJobService u=0 s=10052 TIME=+13d17h56m55s788ms:none satisfied:0xb400000 unsatisfied:0x80000000}
04-08 22:23:44.112 I/Telecom ( 2321): DefaultDialerCache: Refreshing default dialer for user 0: now com.google.android.dialer: DDC.oR@CS4
04-08 22:23:46.871 I/BatteryService( 2321): File node value is 260
04-08 22:23:46.872 E/BatteryService( 2321): healthInfoTemp is within the range (260)
04-08 22:23:46.876 E/BatteryService( 2321): level : 100 / status : 5/Health : 2/Decommission : 0/error status : 0
04-08 22:23:47.430 I/fusionconfd( 1578): getDriverCountry ENTER
04-08 22:23:47.431 E/fusionconfd( 1578): getDriverCountry : SkinnyCat : WLAN get driver country PL
04-08 22:23:51.913 I/BatteryService( 2321): File node value is 260
04-08 22:23:51.914 E/BatteryService( 2321): healthInfoTemp is within the range (260)
04-08 22:23:51.915 E/BatteryService( 2321): level : 100 / status : 5/Health : 2/Decommission : 0/error status : 0
04-08 22:23:51.950 I/BatteryService( 2321): File node value is 260
04-08 22:23:51.950 E/BatteryService( 2321): healthInfoTemp is within the range (260)
04-08 22:23:57.110 I/BatteryService( 2321): File node value is 260
04-08 22:23:57.110 E/BatteryService( 2321): healthInfoTemp is within the range (260)
04-08 22:24:02.239 I/BatteryService( 2321): File node value is 260
04-08 22:24:02.239 E/BatteryService( 2321): healthInfoTemp is within the range (260)
04-08 22:24:07.352 I/BatteryService( 2321): File node value is 260
04-08 22:24:07.353 E/BatteryService( 2321): healthInfoTemp is within the range (260)
04-08 22:24:11.503 I/fusionconfd( 1578): ARP Success: received reply
04-08 22:24:11.528 I/wificond( 1567): Received external scan result notification from kernel.
04-08 22:24:12.474 I/BatteryService( 2321): File node value is 260
04-08 22:24:12.474 E/BatteryService( 2321): healthInfoTemp is within the range (260)
04-08 22:24:13.140 I/JobScheduler( 2321): bypass checkIfRestricted for JobStatus{9c78c6e #u0a55/999 com.symbol.fota/.jobservices.FotaReadyPeriodicService u=0 s=10055 TIME=+18h0m52s394ms:+1d18h0m52s394ms PERIODIC satisfied:0xb400000 unsatisfied:0x80000000}
04-08 22:24:13.141 I/JobScheduler( 2321): bypass checkIfRestricted for JobStatus{6e30236 #u0a52/21313 com.symbol.dataanalytics/androidx.work.impl.background.systemjob.SystemJobService u=0 s=10052 TIME=+4m1s134ms:none satisfied:0xb400000 unsatisfied:0x80000000}
04-08 22:24:13.141 I/JobScheduler( 2321): bypass checkIfRestricted for JobStatus{d968438 #u0a52/20960 com.symbol.dataanalytics/androidx.work.impl.background.systemjob.SystemJobService u=0 s=10052 TIME=+5h57m9s569ms:none satisfied:0xb400000 unsatisfied:0x80000000}
04-08 22:24:13.141 I/JobScheduler( 2321): bypass checkIfRestricted for JobStatus{f8096 #u0a52/21311 com.symbol.dataanalytics/androidx.work.impl.background.systemjob.SystemJobService u=0 s=10052 TIME=+8m52s644ms:none satisfied:0xb400000 unsatisfied:0x80000000}
04-08 22:24:13.142 I/JobScheduler( 2321): bypass checkIfRestricted for JobStatus{4437dc2 #u0a52/21266 com.symbol.dataanalytics/androidx.work.impl.background.systemjob.SystemJobService u=0 s=10052 TIME=+34m20s198ms:none satisfied:0xb400000 unsatisfied:0x80000000}
04-08 22:24:13.142 I/JobScheduler( 2321): bypass checkIfRestricted for JobStatus{f9840dd #u0a52/20955 com.symbol.dataanalytics/androidx.work.impl.background.systemjob.SystemJobService u=0 s=10052 TIME=+17h57m9s486ms:none satisfied:0xb400000 unsatisfied:0x80000000}
04-08 22:24:13.142 I/JobScheduler( 2321): bypass checkIfRestricted for JobStatus{83e0ccf #u0a52/20954 com.symbol.dataanalytics/androidx.work.impl.background.systemjob.SystemJobService u=0 s=10052 TIME=+13d17h56m26s753ms:none satisfied:0xb400000 unsatisfied:0x80000000}
04-08 22:24:13.152 I/fusionconfd( 1578): getVoiceCallState: returns 0
04-08 22:24:14.148 I/JobScheduler( 2321): bypass checkIfRestricted for JobStatus{9c78c6e #u0a55/999 com.symbol.fota/.jobservices.FotaReadyPeriodicService u=0 s=10055 TIME=+18h0m51s386ms:+1d18h0m51s386ms PERIODIC satisfied:0xb400000 unsatisfied:0x80000000}
04-08 22:24:14.161 I/JobScheduler( 2321): bypass checkIfRestricted for JobStatus{6e30236 #u0a52/21313 com.symbol.dataanalytics/androidx.work.impl.background.systemjob.SystemJobService u=0 s=10052 TIME=+4m0s114ms:none satisfied:0xb400000 unsatisfied:0x80000000}
04-08 22:24:14.161 I/JobScheduler( 2321): bypass checkIfRestricted for JobStatus{d968438 #u0a52/20960 com.symbol.dataanalytics/androidx.work.impl.background.systemjob.SystemJobService u=0 s=10052 TIME=+5h57m8s549ms:none satisfied:0xb400000 unsatisfied:0x80000000}
04-08 22:24:14.161 I/JobScheduler( 2321): bypass checkIfRestricted for JobStatus{f8096 #u0a52/21311 com.symbol.dataanalytics/androidx.work.impl.background.systemjob.SystemJobService u=0 s=10052 TIME=+8m51s624ms:none satisfied:0xb400000 unsatisfied:0x80000000}
04-08 22:24:14.162 I/JobScheduler( 2321): bypass checkIfRestricted for JobStatus{4437dc2 #u0a52/21266 com.symbol.dataanalytics/androidx.work.impl.background.systemjob.SystemJobService u=0 s=10052 TIME=+34m19s178ms:none satisfied:0xb400000 unsatisfied:0x80000000}
04-08 22:24:14.162 I/JobScheduler( 2321): bypass checkIfRestricted for JobStatus{f9840dd #u0a52/20955 com.symbol.dataanalytics/androidx.work.impl.background.systemjob.SystemJobService u=0 s=10052 TIME=+17h57m8s466ms:none satisfied:0xb400000 unsatisfied:0x80000000}
04-08 22:24:14.162 I/JobScheduler( 2321): bypass checkIfRestricted for JobStatus{83e0ccf #u0a52/20954 com.symbol.dataanalytics/androidx.work.impl.background.systemjob.SystemJobService u=0 s=10052 TIME=+13d17h56m25s733ms:none satisfied:0xb400000 unsatisfied:0x80000000}
04-08 22:24:14.201 I/Telecom ( 2321): DefaultDialerCache: Refreshing default dialer for user 0: now com.google.android.dialer: DDC.oR@CS8
04-08 22:24:16.680 I/fusionconfd( 1578): getDriverCountry ENTER
04-08 22:24:16.681 E/fusionconfd( 1578): getDriverCountry : SkinnyCat : WLAN get driver country PL
04-08 22:24:17.591 I/BatteryService( 2321): File node value is 260
04-08 22:24:17.591 E/BatteryService( 2321): healthInfoTemp is within the range (260)
04-08 22:24:22.713 I/BatteryService( 2321): File node value is 260
04-08 22:24:22.713 E/BatteryService( 2321): healthInfoTemp is within the range (260)
04-08 22:24:27.835 I/BatteryService( 2321): File node value is 260
04-08 22:24:27.836 E/BatteryService( 2321): healthInfoTemp is within the range (260)
04-08 22:24:32.951 I/BatteryService( 2321): File node value is 260
04-08 22:24:32.952 E/BatteryService( 2321): healthInfoTemp is within the range (260)
04-08 22:24:32.953 E/BatteryService( 2321): level : 100 / status : 5/Health : 2/Decommission : 0/error status : 0
04-08 22:24:33.406 I/BatteryService( 2321): File node value is 260
04-08 22:24:33.406 E/BatteryService( 2321): healthInfoTemp is within the range (260)
04-08 22:24:33.408 E/BatteryService( 2321): level : 100 / status : 5/Health : 2/Decommission : 0/error status : 0
04-08 22:24:38.077 I/BatteryService( 2321): File node value is 260
04-08 22:24:38.078 E/BatteryService( 2321): healthInfoTemp is within the range (260)
04-08 22:24:38.080 E/BatteryService( 2321): level : 100 / status : 5/Health : 2/Decommission : 0/error status : 0
04-08 22:24:43.177 I/JobScheduler( 2321): bypass checkIfRestricted for JobStatus{9c78c6e #u0a55/999 com.symbol.fota/.jobservices.FotaReadyPeriodicService u=0 s=10055 TIME=+18h0m22s358ms:+1d18h0m22s358ms PERIODIC satisfied:0xb400000 unsatisfied:0x80000000}
04-08 22:24:43.177 I/JobScheduler( 2321): bypass checkIfRestricted for JobStatus{6e30236 #u0a52/21313 com.symbol.dataanalytics/androidx.work.impl.background.systemjob.SystemJobService u=0 s=10052 TIME=+3m31s97ms:none satisfied:0xb400000 unsatisfied:0x80000000}
04-08 22:24:43.177 I/JobScheduler( 2321): bypass checkIfRestricted for JobStatus{d968438 #u0a52/20960 com.symbol.dataanalytics/androidx.work.impl.background.systemjob.SystemJobService u=0 s=10052 TIME=+5h56m39s533ms:none satisfied:0xb400000 unsatisfied:0x80000000}
04-08 22:24:43.177 I/JobScheduler( 2321): bypass checkIfRestricted for JobStatus{f8096 #u0a52/21311 com.symbol.dataanalytics/androidx.work.impl.background.systemjob.SystemJobService u=0 s=10052 TIME=+8m22s608ms:none satisfied:0xb400000 unsatisfied:0x80000000}
04-08 22:24:43.178 I/JobScheduler( 2321): bypass checkIfRestricted for JobStatus{4437dc2 #u0a52/21266 com.symbol.dataanalytics/androidx.work.impl.background.systemjob.SystemJobService u=0 s=10052 TIME=+33m50s162ms:none satisfied:0xb400000 unsatisfied:0x80000000}
04-08 22:24:43.178 I/JobScheduler( 2321): bypass checkIfRestricted for JobStatus{f9840dd #u0a52/20955 com.symbol.dataanalytics/androidx.work.impl.background.systemjob.SystemJobService u=0 s=10052 TIME=+17h56m39s451ms:none satisfied:0xb400000 unsatisfied:0x80000000}
04-08 22:24:43.178 I/JobScheduler( 2321): bypass checkIfRestricted for JobStatus{83e0ccf #u0a52/20954 com.symbol.dataanalytics/androidx.work.impl.background.systemjob.SystemJobService u=0 s=10052 TIME=+13d17h55m56s717ms:none satisfied:0xb400000 unsatisfied:0x80000000}
04-08 22:24:43.181 I/fusionconfd( 1578): getVoiceCallState: returns 0
04-08 22:24:43.183 I/BatteryService( 2321): File node value is 260
04-08 22:24:43.184 E/BatteryService( 2321): healthInfoTemp is within the range (260)
04-08 22:24:44.190 I/JobScheduler( 2321): bypass checkIfRestricted for JobStatus{9c78c6e #u0a55/999 com.symbol.fota/.jobservices.FotaReadyPeriodicService u=0 s=10055 TIME=+18h0m21s344ms:+1d18h0m21s344ms PERIODIC satisfied:0xb400000 unsatisfied:0x80000000}
04-08 22:24:44.200 I/JobScheduler( 2321): bypass checkIfRestricted for JobStatus{6e30236 #u0a52/21313 com.symbol.dataanalytics/androidx.work.impl.background.systemjob.SystemJobService u=0 s=10052 TIME=+3m30s74ms:none satisfied:0xb400000 unsatisfied:0x80000000}
04-08 22:24:44.200 I/JobScheduler( 2321): bypass checkIfRestricted for JobStatus{d968438 #u0a52/20960 com.symbol.dataanalytics/androidx.work.impl.background.systemjob.SystemJobService u=0 s=10052 TIME=+5h56m38s510ms:none satisfied:0xb400000 unsatisfied:0x80000000}
04-08 22:24:44.201 I/JobScheduler( 2321): bypass checkIfRestricted for JobStatus{f8096 #u0a52/21311 com.symbol.dataanalytics/androidx.work.impl.background.systemjob.SystemJobService u=0 s=10052 TIME=+8m21s585ms:none satisfied:0xb400000 unsatisfied:0x80000000}
04-08 22:24:44.201 I/JobScheduler( 2321): bypass checkIfRestricted for JobStatus{4437dc2 #u0a52/21266 com.symbol.dataanalytics/androidx.work.impl.background.systemjob.SystemJobService u=0 s=10052 TIME=+33m49s138ms:none satisfied:0xb400000 unsatisfied:0x80000000}
04-08 22:24:44.201 I/JobScheduler( 2321): bypass checkIfRestricted for JobStatus{f9840dd #u0a52/20955 com.symbol.dataanalytics/androidx.work.impl.background.systemjob.SystemJobService u=0 s=10052 TIME=+17h56m38s427ms:none satisfied:0xb400000 unsatisfied:0x80000000}
04-08 22:24:44.202 I/JobScheduler( 2321): bypass checkIfRestricted for JobStatus{83e0ccf #u0a52/20954 com.symbol.dataanalytics/androidx.work.impl.background.systemjob.SystemJobService u=0 s=10052 TIME=+13d17h55m55s694ms:none satisfied:0xb400000 unsatisfied:0x80000000}
04-08 22:24:44.211 I/Telecom ( 2321): DefaultDialerCache: Refreshing default dialer for user 0: now com.google.android.dialer: DDC.oR@CTA
04-08 22:24:46.936 I/fusionconfd( 1578): getDriverCountry ENTER
04-08 22:24:46.937 E/fusionconfd( 1578): getDriverCountry : SkinnyCat : WLAN get driver country PL
04-08 22:24:48.307 I/BatteryService( 2321): File node value is 260
04-08 22:24:48.307 E/BatteryService( 2321): healthInfoTemp is within the range (260)
04-08 22:24:48.308 E/BatteryService( 2321): level : 100 / status : 5/Health : 2/Decommission : 0/error status : 0
04-08 22:24:53.438 I/BatteryService( 2321): File node value is 260
04-08 22:24:53.438 E/BatteryService( 2321): healthInfoTemp is within the range (260)
04-08 22:24:55.705 I/BatteryService( 2321): File node value is 260
04-08 22:24:55.705 E/BatteryService( 2321): healthInfoTemp is within the range (260)
04-08 22:24:55.706 E/BatteryService( 2321): level : 100 / status : 5/Health : 2/Decommission : 0/error status : 0
04-08 22:24:58.546 I/BatteryService( 2321): File node value is 260
04-08 22:24:58.546 E/BatteryService( 2321): healthInfoTemp is within the range (260)
04-08 22:24:58.548 E/BatteryService( 2321): level : 100 / status : 5/Health : 2/Decommission : 0/error status : 0
04-08 22:25:03.670 I/BatteryService( 2321): File node value is 260
04-08 22:25:03.670 E/BatteryService( 2321): healthInfoTemp is within the range (260)
04-08 22:25:08.798 I/BatteryService( 2321): File node value is 260
04-08 22:25:08.798 E/BatteryService( 2321): healthInfoTemp is within the range (260)
04-08 22:25:12.458 I/fusionconfd( 1578): ARP Success: received reply
04-08 22:25:12.488 I/wificond( 1567): Received external scan result notification from kernel.
04-08 22:25:13.238 I/JobScheduler( 2321): bypass checkIfRestricted for JobStatus{9c78c6e #u0a55/999 com.symbol.fota/.jobservices.FotaReadyPeriodicService u=0 s=10055 TIME=+17h59m52s296ms:+1d17h59m52s296ms PERIODIC satisfied:0xb400000 unsatisfied:0x80000000}
04-08 22:25:13.239 I/JobScheduler( 2321): bypass checkIfRestricted for JobStatus{6e30236 #u0a52/21313 com.symbol.dataanalytics/androidx.work.impl.background.systemjob.SystemJobService u=0 s=10052 TIME=+3m1s36ms:none satisfied:0xb400000 unsatisfied:0x80000000}
04-08 22:25:13.239 I/JobScheduler( 2321): bypass checkIfRestricted for JobStatus{d968438 #u0a52/20960 com.symbol.dataanalytics/androidx.work.impl.background.systemjob.SystemJobService u=0 s=10052 TIME=+5h56m9s472ms:none satisfied:0xb400000 unsatisfied:0x80000000}
04-08 22:25:13.239 I/JobScheduler( 2321): bypass checkIfRestricted for JobStatus{f8096 #u0a52/21311 com.symbol.dataanalytics/androidx.work.impl.background.systemjob.SystemJobService u=0 s=10052 TIME=+7m52s547ms:none satisfied:0xb400000 unsatisfied:0x80000000}
04-08 22:25:13.239 I/JobScheduler( 2321): bypass checkIfRestricted for JobStatus{4437dc2 #u0a52/21266 com.symbol.dataanalytics/androidx.work.impl.background.systemjob.SystemJobService u=0 s=10052 TIME=+33m20s101ms:none satisfied:0xb400000 unsatisfied:0x80000000}
04-08 22:25:13.239 I/JobScheduler( 2321): bypass checkIfRestricted for JobStatus{f9840dd #u0a52/20955 com.symbol.dataanalytics/androidx.work.impl.background.systemjob.SystemJobService u=0 s=10052 TIME=+17h56m9s389ms:none satisfied:0xb400000 unsatisfied:0x80000000}
04-08 22:25:13.239 I/JobScheduler( 2321): bypass checkIfRestricted for JobStatus{83e0ccf #u0a52/20954 com.symbol.dataanalytics/androidx.work.impl.background.systemjob.SystemJobService u=0 s=10052 TIME=+13d17h55m26s656ms:none satisfied:0xb400000 unsatisfied:0x80000000}
04-08 22:25:13.253 I/fusionconfd( 1578): getVoiceCallState: returns 0
04-08 22:25:13.913 I/BatteryService( 2321): File node value is 260
04-08 22:25:13.913 E/BatteryService( 2321): healthInfoTemp is within the range (260)
04-08 22:25:13.916 E/BatteryService( 2321): level : 100 / status : 5/Health : 2/Decommission : 0/error status : 0
04-08 22:25:14.243 I/JobScheduler( 2321): bypass checkIfRestricted for JobStatus{9c78c6e #u0a55/999 com.symbol.fota/.jobservices.FotaReadyPeriodicService u=0 s=10055 TIME=+17h59m51s292ms:+1d17h59m51s292ms PERIODIC satisfied:0xb400000 unsatisfied:0x80000000}
04-08 22:25:14.246 I/JobScheduler( 2321): bypass checkIfRestricted for JobStatus{6e30236 #u0a52/21313 com.symbol.dataanalytics/androidx.work.impl.background.systemjob.SystemJobService u=0 s=10052 TIME=+3m0s28ms:none satisfied:0xb400000 unsatisfied:0x80000000}
04-08 22:25:14.251 I/JobScheduler( 2321): bypass checkIfRestricted for JobStatus{d968438 #u0a52/20960 com.symbol.dataanalytics/androidx.work.impl.background.systemjob.SystemJobService u=0 s=10052 TIME=+5h56m8s460ms:none satisfied:0xb400000 unsatisfied:0x80000000}
04-08 22:25:14.252 I/JobScheduler( 2321): bypass checkIfRestricted for JobStatus{f8096 #u0a52/21311 com.symbol.dataanalytics/androidx.work.impl.background.systemjob.SystemJobService u=0 s=10052 TIME=+7m51s534ms:none satisfied:0xb400000 unsatisfied:0x80000000}
04-08 22:25:14.252 I/JobScheduler( 2321): bypass checkIfRestricted for JobStatus{4437dc2 #u0a52/21266 com.symbol.dataanalytics/androidx.work.impl.background.systemjob.SystemJobService u=0 s=10052 TIME=+33m19s87ms:none satisfied:0xb400000 unsatisfied:0x80000000}
04-08 22:25:14.252 I/JobScheduler( 2321): bypass checkIfRestricted for JobStatus{f9840dd #u0a52/20955 com.symbol.dataanalytics/androidx.work.impl.background.systemjob.SystemJobService u=0 s=10052 TIME=+17h56m8s376ms:none satisfied:0xb400000 unsatisfied:0x80000000}
04-08 22:25:14.253 I/JobScheduler( 2321): bypass checkIfRestricted for JobStatus{83e0ccf #u0a52/20954 com.symbol.dataanalytics/androidx.work.impl.background.systemjob.SystemJobService u=0 s=10052 TIME=+13d17h55m25s643ms:none satisfied:0xb400000 unsatisfied:0x80000000}
04-08 22:25:14.257 I/Telecom ( 2321): DefaultDialerCache: Refreshing default dialer for user 0: now com.google.android.dialer: DDC.oR@CTE
04-08 22:25:16.424 I/ActivityManager( 2321): CHECK_EXCESSIVE_POWER_USE_MSG: 900000
04-08 22:25:16.788 I/fusionconfd( 1578): getDriverCountry ENTER
04-08 22:25:16.789 E/fusionconfd( 1578): getDriverCountry : SkinnyCat : WLAN get driver country PL
04-08 22:25:19.039 I/BatteryService( 2321): File node value is 260
04-08 22:25:19.040 E/BatteryService( 2321): healthInfoTemp is within the range (260)
04-08 22:25:19.042 E/BatteryService( 2321): level : 100 / status : 5/Health : 2/Decommission : 0/error status : 0
04-08 22:25:24.150 I/BatteryService( 2321): File node value is 260
04-08 22:25:24.150 E/BatteryService( 2321): healthInfoTemp is within the range (260)
04-08 22:25:29.264 I/BatteryService( 2321): File node value is 260
04-08 22:25:29.264 E/BatteryService( 2321): healthInfoTemp is within the range (260)
04-08 22:25:33.404 I/BatteryService( 2321): File node value is 260
04-08 22:25:33.404 E/BatteryService( 2321): healthInfoTemp is within the range (260)
04-08 22:25:33.406 E/BatteryService( 2321): level : 100 / status : 5/Health : 2/Decommission : 0/error status : 0
04-08 22:25:34.392 I/BatteryService( 2321): File node value is 260
04-08 22:25:34.392 E/BatteryService( 2321): healthInfoTemp is within the range (260)
04-08 22:25:34.395 E/BatteryService( 2321): level : 100 / status : 5/Health : 2/Decommission : 0/error status : 0
04-08 22:25:34.441 D/WindowManager( 2321): layoutWindowLw currenttaskBarInDb-- 0
04-08 22:25:34.441 D/WindowManager( 2321): layoutWindowLw currenttaskBarInDb-- 0
04-08 22:25:34.442 D/WindowManager( 2321): layoutWindowLw currenttaskBarInDb-- 0
04-08 22:25:34.443 D/WindowManager( 2321): DP::updateSystemBarAttributes called
04-08 22:25:34.443 D/WindowManager( 2321): DP::::updateSystemBarAttributes displayId: 0
04-08 22:25:37.228 D/WindowManager( 2321): DP::updateSystemBarAttributes called
04-08 22:25:37.228 D/WindowManager( 2321): DP::::updateSystemBarAttributes displayId: 0
04-08 22:25:37.232 D/WindowManager( 2321): displayId: 0
04-08 22:25:37.233 D/WindowManager( 2321): isFullscreen: false isImmersive: false
04-08 22:25:37.233 D/WindowManager( 2321): mLastFocusIsFullscreen: false mLastImmersiveMode: true
04-08 22:25:37.233 D/WindowManager( 2321): mFocusedWindow: Window{eb5ff2d u0 PopupWindow:ac37ea8}
04-08 22:25:37.233 D/WindowManager( 2321): mLastFocusedWindow: Window{b466268 u0 com.ok.inv/com.example.inventoryapp.ui.main.MainActivity}
04-08 22:25:37.233 D/WindowManager( 2321): mLastFocusIsImmersiveAndFullscreen: false
04-08 22:25:37.233 D/WindowManager( 2321): mLastWindowClosed: null
04-08 22:25:37.236 D/CoreBackPreview( 2321): Window{eb5ff2d u0 PopupWindow:ac37ea8}: Setting back callback OnBackInvokedCallbackInfo{mCallback=android.window.IOnBackInvokedCallback$Stub$Proxy@c889a4f, mPriority=0}
04-08 22:25:37.242 D/WindowManager( 2321): layoutWindowLw currenttaskBarInDb-- 0
04-08 22:25:37.242 D/WindowManager( 2321): layoutWindowLw currenttaskBarInDb-- 0
04-08 22:25:37.243 D/WindowManager( 2321): layoutWindowLw currenttaskBarInDb-- 0
04-08 22:25:37.243 D/WindowManager( 2321): layoutWindowLw currenttaskBarInDb-- 0
04-08 22:25:37.243 D/WindowManager( 2321): DP::updateSystemBarAttributes called
04-08 22:25:37.243 D/WindowManager( 2321): DP::::updateSystemBarAttributes displayId: 0
04-08 22:25:37.247 D/WindowManager( 2321): DP::updateSystemBarAttributes called
04-08 22:25:37.248 D/WindowManager( 2321): DP::::updateSystemBarAttributes displayId: 0
04-08 22:25:37.252 D/WindowManager( 2321): layoutWindowLw currenttaskBarInDb-- 0
04-08 22:25:37.253 D/WindowManager( 2321): layoutWindowLw currenttaskBarInDb-- 0
04-08 22:25:37.254 D/WindowManager( 2321): layoutWindowLw currenttaskBarInDb-- 0
04-08 22:25:37.255 D/WindowManager( 2321): layoutWindowLw currenttaskBarInDb-- 0
04-08 22:25:37.256 D/WindowManager( 2321): DP::updateSystemBarAttributes called
04-08 22:25:37.256 D/WindowManager( 2321): DP::::updateSystemBarAttributes displayId: 0
04-08 22:25:37.257 D/WindowManager( 2321): displayId: 0
04-08 22:25:37.257 D/WindowManager( 2321): isFullscreen: false isImmersive: false
04-08 22:25:37.257 D/WindowManager( 2321): mLastFocusIsFullscreen: false mLastImmersiveMode: false
04-08 22:25:37.257 D/WindowManager( 2321): mFocusedWindow: Window{eb5ff2d u0 PopupWindow:ac37ea8}
04-08 22:25:37.257 D/WindowManager( 2321): mLastFocusedWindow: Window{b466268 u0 com.ok.inv/com.example.inventoryapp.ui.main.MainActivity}
04-08 22:25:37.257 D/WindowManager( 2321): mLastFocusIsImmersiveAndFullscreen: false
04-08 22:25:37.257 D/WindowManager( 2321): mLastWindowClosed: null
04-08 22:25:37.263 D/WindowManager( 2321): DP::updateSystemBarAttributes called
04-08 22:25:37.263 D/WindowManager( 2321): DP::::updateSystemBarAttributes displayId: 0
04-08 22:25:37.273 D/WindowManager( 2321): layoutWindowLw currenttaskBarInDb-- 0
04-08 22:25:37.273 D/WindowManager( 2321): layoutWindowLw currenttaskBarInDb-- 0
04-08 22:25:37.274 D/WindowManager( 2321): layoutWindowLw currenttaskBarInDb-- 0
04-08 22:25:37.274 D/WindowManager( 2321): layoutWindowLw currenttaskBarInDb-- 0
04-08 22:25:37.274 D/WindowManager( 2321): DP::updateSystemBarAttributes called
04-08 22:25:37.274 D/WindowManager( 2321): DP::::updateSystemBarAttributes displayId: 0
04-08 22:25:37.278 D/WindowManager( 2321): layoutWindowLw currenttaskBarInDb-- 0
04-08 22:25:37.278 D/WindowManager( 2321): layoutWindowLw currenttaskBarInDb-- 0
04-08 22:25:37.279 D/WindowManager( 2321): layoutWindowLw currenttaskBarInDb-- 0
04-08 22:25:37.279 D/WindowManager( 2321): layoutWindowLw currenttaskBarInDb-- 0
04-08 22:25:37.279 D/WindowManager( 2321): DP::updateSystemBarAttributes called
04-08 22:25:37.279 D/WindowManager( 2321): DP::::updateSystemBarAttributes displayId: 0
04-08 22:25:37.282 D/WindowManager( 2321): DP::updateSystemBarAttributes called
04-08 22:25:37.282 D/WindowManager( 2321): DP::::updateSystemBarAttributes displayId: 0
04-08 22:25:37.289 D/WindowManager( 2321): layoutWindowLw currenttaskBarInDb-- 0
04-08 22:25:37.289 D/WindowManager( 2321): layoutWindowLw currenttaskBarInDb-- 0
04-08 22:25:37.289 D/WindowManager( 2321): layoutWindowLw currenttaskBarInDb-- 0
04-08 22:25:37.290 D/WindowManager( 2321): layoutWindowLw currenttaskBarInDb-- 0
04-08 22:25:37.290 D/WindowManager( 2321): DP::updateSystemBarAttributes called
04-08 22:25:37.290 D/WindowManager( 2321): DP::::updateSystemBarAttributes displayId: 0
04-08 22:25:37.298 D/WindowManager( 2321): layoutWindowLw currenttaskBarInDb-- 0
04-08 22:25:37.299 D/WindowManager( 2321): layoutWindowLw currenttaskBarInDb-- 0
04-08 22:25:37.299 D/WindowManager( 2321): layoutWindowLw currenttaskBarInDb-- 0
04-08 22:25:37.300 D/WindowManager( 2321): layoutWindowLw currenttaskBarInDb-- 0
04-08 22:25:37.302 D/WindowManager( 2321): DP::updateSystemBarAttributes called
04-08 22:25:37.302 D/WindowManager( 2321): DP::::updateSystemBarAttributes displayId: 0
04-08 22:25:37.905 D/WindowManager( 2321): layoutWindowLw currenttaskBarInDb-- 0
04-08 22:25:37.906 D/WindowManager( 2321): layoutWindowLw currenttaskBarInDb-- 0
04-08 22:25:37.907 D/WindowManager( 2321): layoutWindowLw currenttaskBarInDb-- 0
04-08 22:25:37.907 D/WindowManager( 2321): layoutWindowLw currenttaskBarInDb-- 0
04-08 22:25:37.908 D/WindowManager( 2321): DP::updateSystemBarAttributes called
04-08 22:25:37.908 D/WindowManager( 2321): DP::::updateSystemBarAttributes displayId: 0
04-08 22:25:37.915 D/WindowManager( 2321): DP::updateSystemBarAttributes called
04-08 22:25:37.915 D/WindowManager( 2321): DP::::updateSystemBarAttributes displayId: 0
04-08 22:25:37.919 D/WindowManager( 2321): displayId: 0
04-08 22:25:37.919 D/WindowManager( 2321): isFullscreen: true isImmersive: false
04-08 22:25:37.919 D/WindowManager( 2321): mLastFocusIsFullscreen: true mLastImmersiveMode: false
04-08 22:25:37.919 D/WindowManager( 2321): mFocusedWindow: Window{b466268 u0 com.ok.inv/com.example.inventoryapp.ui.main.MainActivity}
04-08 22:25:37.919 D/WindowManager( 2321): mLastFocusedWindow: Window{eb5ff2d u0 PopupWindow:ac37ea8}
04-08 22:25:37.920 D/WindowManager( 2321): mLastFocusIsImmersiveAndFullscreen: false
04-08 22:25:37.920 D/WindowManager( 2321): mLastWindowClosed: null
04-08 22:25:37.930 D/WindowManager( 2321): DP::updateSystemBarAttributes called
04-08 22:25:37.931 D/WindowManager( 2321): DP::::updateSystemBarAttributes displayId: 0
04-08 22:25:37.932 D/WindowManager( 2321): displayId: 0
04-08 22:25:37.932 D/WindowManager( 2321): isFullscreen: true isImmersive: false
04-08 22:25:37.932 D/WindowManager( 2321): mLastFocusIsFullscreen: true mLastImmersiveMode: true
04-08 22:25:37.932 D/WindowManager( 2321): mFocusedWindow: Window{b466268 u0 com.ok.inv/com.example.inventoryapp.ui.main.MainActivity}
04-08 22:25:37.932 D/WindowManager( 2321): mLastFocusedWindow: Window{eb5ff2d u0 PopupWindow:ac37ea8}
04-08 22:25:37.932 D/WindowManager( 2321): mLastFocusIsImmersiveAndFullscreen: false
04-08 22:25:37.932 D/WindowManager( 2321): mLastWindowClosed: null
04-08 22:25:37.934 D/WindowManager( 2321): layoutWindowLw currenttaskBarInDb-- 0
04-08 22:25:37.935 D/WindowManager( 2321): layoutWindowLw currenttaskBarInDb-- 0
04-08 22:25:37.935 D/WindowManager( 2321): layoutWindowLw currenttaskBarInDb-- 0
04-08 22:25:37.936 D/WindowManager( 2321): layoutWindowLw currenttaskBarInDb-- 0
04-08 22:25:37.936 D/WindowManager( 2321): DP::updateSystemBarAttributes called
04-08 22:25:37.937 D/WindowManager( 2321): DP::::updateSystemBarAttributes displayId: 0
04-08 22:25:37.940 D/WindowManager( 2321): DP::updateSystemBarAttributes called
04-08 22:25:37.940 D/WindowManager( 2321): DP::::updateSystemBarAttributes displayId: 0
04-08 22:25:38.211 D/CoreBackPreview( 2321): Window{eb5ff2d u0 PopupWindow:ac37ea8}: Setting back callback null
04-08 22:25:38.218 I/WindowManager( 2321): removeWindowLw called: com.ok.inv
04-08 22:25:38.218 D/WindowManager( 2321): removewindowlw package --com.ok.inv mState--RESUMED
04-08 22:25:38.219 D/WindowManager( 2321): layoutWindowLw currenttaskBarInDb-- 0
04-08 22:25:38.219 D/WindowManager( 2321): layoutWindowLw currenttaskBarInDb-- 0
04-08 22:25:38.220 D/WindowManager( 2321): layoutWindowLw currenttaskBarInDb-- 0
04-08 22:25:38.220 D/WindowManager( 2321): DP::updateSystemBarAttributes called
04-08 22:25:38.220 D/WindowManager( 2321): DP::::updateSystemBarAttributes displayId: 0
04-08 22:25:38.706 D/WindowManager( 2321): layoutWindowLw currenttaskBarInDb-- 0
04-08 22:25:38.707 D/WindowManager( 2321): layoutWindowLw currenttaskBarInDb-- 0
04-08 22:25:38.708 D/WindowManager( 2321): layoutWindowLw currenttaskBarInDb-- 0
04-08 22:25:38.709 D/WindowManager( 2321): DP::updateSystemBarAttributes called
04-08 22:25:38.709 D/WindowManager( 2321): DP::::updateSystemBarAttributes displayId: 0
04-08 22:25:39.509 I/BatteryService( 2321): File node value is 260
04-08 22:25:39.510 E/BatteryService( 2321): healthInfoTemp is within the range (260)
04-08 22:25:39.511 E/BatteryService( 2321): level : 100 / status : 5/Health : 2/Decommission : 0/error status : 0
04-08 22:25:41.007 D/WindowManager( 2321): layoutWindowLw currenttaskBarInDb-- 0
04-08 22:25:41.008 D/WindowManager( 2321): layoutWindowLw currenttaskBarInDb-- 0
04-08 22:25:41.009 D/WindowManager( 2321): layoutWindowLw currenttaskBarInDb-- 0
04-08 22:25:41.009 D/WindowManager( 2321): DP::updateSystemBarAttributes called
04-08 22:25:41.009 D/WindowManager( 2321): DP::::updateSystemBarAttributes displayId: 0
04-08 22:25:42.321 D/WindowManager( 2321): layoutWindowLw currenttaskBarInDb-- 0
04-08 22:25:42.322 D/WindowManager( 2321): layoutWindowLw currenttaskBarInDb-- 0
04-08 22:25:42.323 D/WindowManager( 2321): layoutWindowLw currenttaskBarInDb-- 0
04-08 22:25:42.323 D/WindowManager( 2321): DP::updateSystemBarAttributes called
04-08 22:25:42.324 D/WindowManager( 2321): DP::::updateSystemBarAttributes displayId: 0
04-08 22:25:43.052 D/WindowManager( 2321): layoutWindowLw currenttaskBarInDb-- 0
04-08 22:25:43.054 D/WindowManager( 2321): layoutWindowLw currenttaskBarInDb-- 0
04-08 22:25:43.056 D/WindowManager( 2321): layoutWindowLw currenttaskBarInDb-- 0
04-08 22:25:43.057 D/WindowManager( 2321): DP::updateSystemBarAttributes called
04-08 22:25:43.057 D/WindowManager( 2321): DP::::updateSystemBarAttributes displayId: 0
04-08 22:25:43.092 D/AutofillSession( 2321): createPendingIntent for request 29
04-08 22:25:43.093 D/ContentCapturePerUserService( 2321): Notified activity assist data for activity: Token{cbc864c ActivityRecord{7f88695 u0 com.ok.inv/com.example.inventoryapp.ui.main.MainActivity} t551}} without a session Id
04-08 22:25:43.169 D/AutofillSession( 2321): clearPendingIntentLocked
04-08 22:25:43.294 I/JobScheduler( 2321): bypass checkIfRestricted for JobStatus{9c78c6e #u0a55/999 com.symbol.fota/.jobservices.FotaReadyPeriodicService u=0 s=10055 TIME=+17h59m22s240ms:+1d17h59m22s240ms PERIODIC satisfied:0xb400000 unsatisfied:0x80000000}
04-08 22:25:43.295 I/JobScheduler( 2321): bypass checkIfRestricted for JobStatus{6e30236 #u0a52/21313 com.symbol.dataanalytics/androidx.work.impl.background.systemjob.SystemJobService u=0 s=10052 TIME=+2m30s980ms:none satisfied:0xb400000 unsatisfied:0x80000000}
04-08 22:25:43.295 I/JobScheduler( 2321): bypass checkIfRestricted for JobStatus{d968438 #u0a52/20960 com.symbol.dataanalytics/androidx.work.impl.background.systemjob.SystemJobService u=0 s=10052 TIME=+5h55m39s416ms:none satisfied:0xb400000 unsatisfied:0x80000000}
04-08 22:25:43.295 I/JobScheduler( 2321): bypass checkIfRestricted for JobStatus{f8096 #u0a52/21311 com.symbol.dataanalytics/androidx.work.impl.background.systemjob.SystemJobService u=0 s=10052 TIME=+7m22s491ms:none satisfied:0xb400000 unsatisfied:0x80000000}
04-08 22:25:43.295 I/JobScheduler( 2321): bypass checkIfRestricted for JobStatus{4437dc2 #u0a52/21266 com.symbol.dataanalytics/androidx.work.impl.background.systemjob.SystemJobService u=0 s=10052 TIME=+32m50s44ms:none satisfied:0xb400000 unsatisfied:0x80000000}
04-08 22:25:43.296 I/JobScheduler( 2321): bypass checkIfRestricted for JobStatus{f9840dd #u0a52/20955 com.symbol.dataanalytics/androidx.work.impl.background.systemjob.SystemJobService u=0 s=10052 TIME=+17h55m39s333ms:none satisfied:0xb400000 unsatisfied:0x80000000}
04-08 22:25:43.296 I/JobScheduler( 2321): bypass checkIfRestricted for JobStatus{83e0ccf #u0a52/20954 com.symbol.dataanalytics/androidx.work.impl.background.systemjob.SystemJobService u=0 s=10052 TIME=+13d17h54m56s599ms:none satisfied:0xb400000 unsatisfied:0x80000000}
04-08 22:25:43.307 I/fusionconfd( 1578): getVoiceCallState: returns 0
04-08 22:25:44.303 I/JobScheduler( 2321): bypass checkIfRestricted for JobStatus{9c78c6e #u0a55/999 com.symbol.fota/.jobservices.FotaReadyPeriodicService u=0 s=10055 TIME=+17h59m21s232ms:+1d17h59m21s232ms PERIODIC satisfied:0xb400000 unsatisfied:0x80000000}
04-08 22:25:44.320 I/JobScheduler( 2321): bypass checkIfRestricted for JobStatus{6e30236 #u0a52/21313 com.symbol.dataanalytics/androidx.work.impl.background.systemjob.SystemJobService u=0 s=10052 TIME=+2m29s955ms:none satisfied:0xb400000 unsatisfied:0x80000000}
04-08 22:25:44.320 I/JobScheduler( 2321): bypass checkIfRestricted for JobStatus{d968438 #u0a52/20960 com.symbol.dataanalytics/androidx.work.impl.background.systemjob.SystemJobService u=0 s=10052 TIME=+5h55m38s390ms:none satisfied:0xb400000 unsatisfied:0x80000000}
04-08 22:25:44.320 I/JobScheduler( 2321): bypass checkIfRestricted for JobStatus{f8096 #u0a52/21311 com.symbol.dataanalytics/androidx.work.impl.background.systemjob.SystemJobService u=0 s=10052 TIME=+7m21s465ms:none satisfied:0xb400000 unsatisfied:0x80000000}
04-08 22:25:44.321 I/JobScheduler( 2321): bypass checkIfRestricted for JobStatus{4437dc2 #u0a52/21266 com.symbol.dataanalytics/androidx.work.impl.background.systemjob.SystemJobService u=0 s=10052 TIME=+32m49s19ms:none satisfied:0xb400000 unsatisfied:0x80000000}
04-08 22:25:44.321 I/JobScheduler( 2321): bypass checkIfRestricted for JobStatus{f9840dd #u0a52/20955 com.symbol.dataanalytics/androidx.work.impl.background.systemjob.SystemJobService u=0 s=10052 TIME=+17h55m38s307ms:none satisfied:0xb400000 unsatisfied:0x80000000}
04-08 22:25:44.322 I/JobScheduler( 2321): bypass checkIfRestricted for JobStatus{83e0ccf #u0a52/20954 com.symbol.dataanalytics/androidx.work.impl.background.systemjob.SystemJobService u=0 s=10052 TIME=+13d17h54m55s574ms:none satisfied:0xb400000 unsatisfied:0x80000000}
04-08 22:25:44.326 I/Telecom ( 2321): DefaultDialerCache: Refreshing default dialer for user 0: now com.google.android.dialer: DDC.oR@CTI
04-08 22:25:44.445 D/WindowManager( 2321): DP::updateSystemBarAttributes called
04-08 22:25:44.445 D/WindowManager( 2321): DP::::updateSystemBarAttributes displayId: 0
04-08 22:25:44.446 D/WindowManager( 2321): layoutWindowLw currenttaskBarInDb-- 0
04-08 22:25:44.446 D/WindowManager( 2321): layoutWindowLw currenttaskBarInDb-- 0
04-08 22:25:44.446 D/WindowManager( 2321): layoutWindowLw currenttaskBarInDb-- 0
04-08 22:25:44.447 D/WindowManager( 2321): DP::updateSystemBarAttributes called
04-08 22:25:44.447 D/WindowManager( 2321): DP::::updateSystemBarAttributes displayId: 0
04-08 22:25:44.448 D/WindowManager( 2321): DP::updateSystemBarAttributes called
04-08 22:25:44.448 D/WindowManager( 2321): DP::::updateSystemBarAttributes displayId: 0
04-08 22:25:44.624 I/BatteryService( 2321): File node value is 260
04-08 22:25:44.624 E/BatteryService( 2321): healthInfoTemp is within the range (260)
04-08 22:25:45.166 D/WindowManager( 2321): layoutWindowLw currenttaskBarInDb-- 0
04-08 22:25:45.170 D/WindowManager( 2321): layoutWindowLw currenttaskBarInDb-- 0
04-08 22:25:45.170 D/WindowManager( 2321): layoutWindowLw currenttaskBarInDb-- 0
04-08 22:25:45.171 D/WindowManager( 2321): DP::updateSystemBarAttributes called
04-08 22:25:45.171 D/WindowManager( 2321): DP::::updateSystemBarAttributes displayId: 0
04-08 22:25:46.579 D/WindowManager( 2321): DP::updateSystemBarAttributes called
04-08 22:25:46.579 D/WindowManager( 2321): DP::::updateSystemBarAttributes displayId: 0
04-08 22:25:46.583 D/WindowManager( 2321): displayId: 0
04-08 22:25:46.583 D/WindowManager( 2321): isFullscreen: false isImmersive: false
04-08 22:25:46.584 D/WindowManager( 2321): mLastFocusIsFullscreen: false mLastImmersiveMode: false
04-08 22:25:46.584 D/WindowManager( 2321): mFocusedWindow: Window{147dd1f u0 com.ok.inv/com.example.inventoryapp.ui.main.MainActivity}
04-08 22:25:46.584 D/WindowManager( 2321): mLastFocusedWindow: Window{b466268 u0 com.ok.inv/com.example.inventoryapp.ui.main.MainActivity}
04-08 22:25:46.584 D/WindowManager( 2321): mLastFocusIsImmersiveAndFullscreen: false
04-08 22:25:46.584 D/WindowManager( 2321): mLastWindowClosed: null
04-08 22:25:46.587 D/CoreBackPreview( 2321): Window{147dd1f u0 com.ok.inv/com.example.inventoryapp.ui.main.MainActivity}: Setting back callback OnBackInvokedCallbackInfo{mCallback=android.window.IOnBackInvokedCallback$Stub$Proxy@ceb8b1, mPriority=0}
